Archive member included to satisfy reference by file (symbol)

c:/nxp/s32ds_arm_v2.2/s32ds/build_tools/gcc_v6.3/gcc-6.3-arm32-eabi/bin/../lib/gcc/arm-none-eabi/6.3.1/thumb/v7e-m/fpv4-sp/hard\libgcc.a(_arm_addsubdf3.o)
                              ./Sources/oled.o (__aeabi_f2d)
c:/nxp/s32ds_arm_v2.2/s32ds/build_tools/gcc_v6.3/gcc-6.3-arm32-eabi/bin/../lib/gcc/arm-none-eabi/6.3.1/thumb/v7e-m/fpv4-sp/hard\libgcc.a(_arm_cmpdf2.o)
                              ./Sources/oled.o (__aeabi_dcmpge)
C:/NXP/S32DS_ARM_v2.2/S32DS/build_tools/gcc_v6.3/gcc-6.3-arm32-eabi/arm-none-eabi/newlib/lib/thumb/v7e-m/fpv4-sp/hard\libc_nano.a(lib_a-exit.o)
                              C:/NXP/S32DS_ARM_v2.2/S32DS/build_tools/gcc_v6.3/gcc-6.3-arm32-eabi/arm-none-eabi/newlib/lib/thumb/v7e-m/fpv4-sp/hard/crt0.o (exit)
C:/NXP/S32DS_ARM_v2.2/S32DS/build_tools/gcc_v6.3/gcc-6.3-arm32-eabi/arm-none-eabi/newlib/lib/thumb/v7e-m/fpv4-sp/hard\libc_nano.a(lib_a-impure.o)
                              C:/NXP/S32DS_ARM_v2.2/S32DS/build_tools/gcc_v6.3/gcc-6.3-arm32-eabi/arm-none-eabi/newlib/lib/thumb/v7e-m/fpv4-sp/hard\libc_nano.a(lib_a-exit.o) (_global_impure_ptr)
C:/NXP/S32DS_ARM_v2.2/S32DS/build_tools/gcc_v6.3/gcc-6.3-arm32-eabi/arm-none-eabi/newlib/lib/thumb/v7e-m/fpv4-sp/hard\libc_nano.a(lib_a-init.o)
                              C:/NXP/S32DS_ARM_v2.2/S32DS/build_tools/gcc_v6.3/gcc-6.3-arm32-eabi/arm-none-eabi/newlib/lib/thumb/v7e-m/fpv4-sp/hard/crt0.o (__libc_init_array)
C:/NXP/S32DS_ARM_v2.2/S32DS/build_tools/gcc_v6.3/gcc-6.3-arm32-eabi/arm-none-eabi/newlib/lib/thumb/v7e-m/fpv4-sp/hard\libc_nano.a(lib_a-memset.o)
                              C:/NXP/S32DS_ARM_v2.2/S32DS/build_tools/gcc_v6.3/gcc-6.3-arm32-eabi/arm-none-eabi/newlib/lib/thumb/v7e-m/fpv4-sp/hard/crt0.o (memset)
C:/NXP/S32DS_ARM_v2.2/S32DS/build_tools/gcc_v6.3/gcc-6.3-arm32-eabi/arm-none-eabi/newlib/lib/thumb/v7e-m/fpv4-sp/hard\libc_nano.a(lib_a-strlen.o)
                              ./Sources/uart.o (strlen)
C:/NXP/S32DS_ARM_v2.2/S32DS/build_tools/gcc_v6.3/gcc-6.3-arm32-eabi/arm-none-eabi/newlib/lib/thumb/v7e-m/fpv4-sp/hard\libc_nano.a(lib_a-vsprintf.o)
                              ./Sources/uart.o (vsprintf)
C:/NXP/S32DS_ARM_v2.2/S32DS/build_tools/gcc_v6.3/gcc-6.3-arm32-eabi/arm-none-eabi/newlib/lib/thumb/v7e-m/fpv4-sp/hard\libc_nano.a(lib_a-nano-svfprintf.o)
                              C:/NXP/S32DS_ARM_v2.2/S32DS/build_tools/gcc_v6.3/gcc-6.3-arm32-eabi/arm-none-eabi/newlib/lib/thumb/v7e-m/fpv4-sp/hard\libc_nano.a(lib_a-vsprintf.o) (_svfprintf_r)
C:/NXP/S32DS_ARM_v2.2/S32DS/build_tools/gcc_v6.3/gcc-6.3-arm32-eabi/arm-none-eabi/newlib/lib/thumb/v7e-m/fpv4-sp/hard\libc_nano.a(lib_a-nano-vfprintf_i.o)
                              C:/NXP/S32DS_ARM_v2.2/S32DS/build_tools/gcc_v6.3/gcc-6.3-arm32-eabi/arm-none-eabi/newlib/lib/thumb/v7e-m/fpv4-sp/hard\libc_nano.a(lib_a-nano-svfprintf.o) (_printf_i)
C:/NXP/S32DS_ARM_v2.2/S32DS/build_tools/gcc_v6.3/gcc-6.3-arm32-eabi/arm-none-eabi/newlib/lib/thumb/v7e-m/fpv4-sp/hard\libc_nano.a(lib_a-memchr.o)
                              C:/NXP/S32DS_ARM_v2.2/S32DS/build_tools/gcc_v6.3/gcc-6.3-arm32-eabi/arm-none-eabi/newlib/lib/thumb/v7e-m/fpv4-sp/hard\libc_nano.a(lib_a-nano-svfprintf.o) (memchr)
C:/NXP/S32DS_ARM_v2.2/S32DS/build_tools/gcc_v6.3/gcc-6.3-arm32-eabi/arm-none-eabi/newlib/lib/thumb/v7e-m/fpv4-sp/hard\libc_nano.a(lib_a-memcpy-stub.o)
                              C:/NXP/S32DS_ARM_v2.2/S32DS/build_tools/gcc_v6.3/gcc-6.3-arm32-eabi/arm-none-eabi/newlib/lib/thumb/v7e-m/fpv4-sp/hard\libc_nano.a(lib_a-nano-svfprintf.o) (memcpy)
C:/NXP/S32DS_ARM_v2.2/S32DS/build_tools/gcc_v6.3/gcc-6.3-arm32-eabi/arm-none-eabi/newlib/lib/thumb/v7e-m/fpv4-sp/hard\libc_nano.a(lib_a-memmove.o)
                              C:/NXP/S32DS_ARM_v2.2/S32DS/build_tools/gcc_v6.3/gcc-6.3-arm32-eabi/arm-none-eabi/newlib/lib/thumb/v7e-m/fpv4-sp/hard\libc_nano.a(lib_a-nano-svfprintf.o) (memmove)
C:/NXP/S32DS_ARM_v2.2/S32DS/build_tools/gcc_v6.3/gcc-6.3-arm32-eabi/arm-none-eabi/newlib/lib/thumb/v7e-m/fpv4-sp/hard\libc_nano.a(lib_a-nano-freer.o)
                              C:/NXP/S32DS_ARM_v2.2/S32DS/build_tools/gcc_v6.3/gcc-6.3-arm32-eabi/arm-none-eabi/newlib/lib/thumb/v7e-m/fpv4-sp/hard\libc_nano.a(lib_a-nano-svfprintf.o) (_free_r)
C:/NXP/S32DS_ARM_v2.2/S32DS/build_tools/gcc_v6.3/gcc-6.3-arm32-eabi/arm-none-eabi/newlib/lib/thumb/v7e-m/fpv4-sp/hard\libc_nano.a(lib_a-nano-mallocr.o)
                              C:/NXP/S32DS_ARM_v2.2/S32DS/build_tools/gcc_v6.3/gcc-6.3-arm32-eabi/arm-none-eabi/newlib/lib/thumb/v7e-m/fpv4-sp/hard\libc_nano.a(lib_a-nano-svfprintf.o) (_malloc_r)
C:/NXP/S32DS_ARM_v2.2/S32DS/build_tools/gcc_v6.3/gcc-6.3-arm32-eabi/arm-none-eabi/newlib/lib/thumb/v7e-m/fpv4-sp/hard\libc_nano.a(lib_a-nano-reallocr.o)
                              C:/NXP/S32DS_ARM_v2.2/S32DS/build_tools/gcc_v6.3/gcc-6.3-arm32-eabi/arm-none-eabi/newlib/lib/thumb/v7e-m/fpv4-sp/hard\libc_nano.a(lib_a-nano-svfprintf.o) (_realloc_r)
[...]
Memory Configuration

Name             Origin             Length             Attributes
m_interrupts     0x00000000         0x00000400         xr
m_flash_config   0x00000400         0x00000010         xr
m_text           0x00000410         0x0007fbf0         xr
m_data           0x1fff8000         0x00008000         rw
m_data_2         0x20000000         0x00007000         rw
*default*        0x00000000         0xffffffff

Linker script and memory map

LOAD c:/nxp/s32ds_arm_v2.2/s32ds/build_tools/gcc_v6.3/gcc-6.3-arm32-eabi/bin/../lib/gcc/arm-none-eabi/6.3.1/thumb/v7e-m/fpv4-sp/hard/crti.o
LOAD c:/nxp/s32ds_arm_v2.2/s32ds/build_tools/gcc_v6.3/gcc-6.3-arm32-eabi/bin/../lib/gcc/arm-none-eabi/6.3.1/thumb/v7e-m/fpv4-sp/hard/crtbegin.o
LOAD C:/NXP/S32DS_ARM_v2.2/S32DS/build_tools/gcc_v6.3/gcc-6.3-arm32-eabi/arm-none-eabi/newlib/lib/thumb/v7e-m/fpv4-sp/hard/crt0.o
LOAD ./Generated_Code/Cpu.o
LOAD ./Generated_Code/adConv1.o
LOAD ./Generated_Code/canCom1.o
LOAD ./Generated_Code/can_pal0.o
LOAD ./Generated_Code/can_pal1.o
LOAD ./Generated_Code/clockMan1.o
LOAD ./Generated_Code/dmaController1.o
LOAD ./Generated_Code/i2c1.o
LOAD ./Generated_Code/lpuart1.o
LOAD ./Generated_Code/pin_mux.o
LOAD ./Project_Settings/Startup_Code/startup_S32K144.o
LOAD ./SDK/platform/devices/S32K144/startup/system_S32K144.o
LOAD ./SDK/platform/devices/startup.o
LOAD ./SDK/platform/drivers/src/adc/adc_driver.o
LOAD ./SDK/platform/drivers/src/clock/S32K1xx/clock_S32K1xx.o
LOAD ./SDK/platform/drivers/src/edma/edma_driver.o
LOAD ./SDK/platform/drivers/src/edma/edma_hw_access.o
LOAD ./SDK/platform/drivers/src/edma/edma_irq.o
LOAD ./SDK/platform/drivers/src/flexcan/flexcan_driver.o
LOAD ./SDK/platform/drivers/src/flexcan/flexcan_hw_access.o
LOAD ./SDK/platform/drivers/src/flexcan/flexcan_irq.o
LOAD ./SDK/platform/drivers/src/interrupt/interrupt_manager.o
LOAD ./SDK/platform/drivers/src/lpi2c/lpi2c_driver.o
LOAD ./SDK/platform/drivers/src/lpi2c/lpi2c_hw_access.o
LOAD ./SDK/platform/drivers/src/lpi2c/lpi2c_irq.o
LOAD ./SDK/platform/drivers/src/lpuart/lpuart_driver.o
LOAD ./SDK/platform/drivers/src/lpuart/lpuart_hw_access.o
LOAD ./SDK/platform/drivers/src/lpuart/lpuart_irq.o
LOAD ./SDK/platform/drivers/src/pins/pins_driver.o
LOAD ./SDK/platform/drivers/src/pins/pins_port_hw_access.o
LOAD ./SDK/platform/pal/src/can/can_pal.o
LOAD ./SDK/platform/pal/src/i2c/i2c_pal.o
LOAD ./SDK/rtos/osif/osif_baremetal.o
LOAD ./Sources/can.o
LOAD ./Sources/delay.o
LOAD ./Sources/font.o
LOAD ./Sources/key.o
LOAD ./Sources/main.o
LOAD ./Sources/oled.o
LOAD ./Sources/routed_protocol.o
LOAD ./Sources/sys_cfg.o
LOAD ./Sources/uart.o
START GROUP
LOAD c:/nxp/s32ds_arm_v2.2/s32ds/build_tools/gcc_v6.3/gcc-6.3-arm32-eabi/bin/../lib/gcc/arm-none-eabi/6.3.1/thumb/v7e-m/fpv4-sp/hard\libgcc.a
LOAD C:/NXP/S32DS_ARM_v2.2/S32DS/build_tools/gcc_v6.3/gcc-6.3-arm32-eabi/arm-none-eabi/newlib/lib/thumb/v7e-m/fpv4-sp/hard\libc_nano.a
END GROUP
START GROUP
LOAD c:/nxp/s32ds_arm_v2.2/s32ds/build_tools/gcc_v6.3/gcc-6.3-arm32-eabi/bin/../lib/gcc/arm-none-eabi/6.3.1/thumb/v7e-m/fpv4-sp/hard\libgcc.a
LOAD C:/NXP/S32DS_ARM_v2.2/S32DS/build_tools/gcc_v6.3/gcc-6.3-arm32-eabi/arm-none-eabi/newlib/lib/thumb/v7e-m/fpv4-sp/hard\libc_nano.a
LOAD C:/NXP/S32DS_ARM_v2.2/S32DS/build_tools/gcc_v6.3/gcc-6.3-arm32-eabi/arm-none-eabi/newlib/lib/thumb/v7e-m/fpv4-sp/hard\libnosys.a
END GROUP
START GROUP
LOAD c:/nxp/s32ds_arm_v2.2/s32ds/build_tools/gcc_v6.3/gcc-6.3-arm32-eabi/bin/../lib/gcc/arm-none-eabi/6.3.1/thumb/v7e-m/fpv4-sp/hard\libgcc.a
LOAD C:/NXP/S32DS_ARM_v2.2/S32DS/build_tools/gcc_v6.3/gcc-6.3-arm32-eabi/arm-none-eabi/newlib/lib/thumb/v7e-m/fpv4-sp/hard\libc_nano.a
LOAD C:/NXP/S32DS_ARM_v2.2/S32DS/build_tools/gcc_v6.3/gcc-6.3-arm32-eabi/arm-none-eabi/newlib/lib/thumb/v7e-m/fpv4-sp/hard\libnosys.a
END GROUP
LOAD c:/nxp/s32ds_arm_v2.2/s32ds/build_tools/gcc_v6.3/gcc-6.3-arm32-eabi/bin/../lib/gcc/arm-none-eabi/6.3.1/thumb/v7e-m/fpv4-sp/hard/crtend.o
LOAD c:/nxp/s32ds_arm_v2.2/s32ds/build_tools/gcc_v6.3/gcc-6.3-arm32-eabi/bin/../lib/gcc/arm-none-eabi/6.3.1/thumb/v7e-m/fpv4-sp/hard/crtn.o
                0x00000400                HEAP_SIZE = DEFINED (__heap_size__)?__heap_size__:0x400
                0x00000400                STACK_SIZE = DEFINED (__stack_size__)?__stack_size__:0x400
                0x00000400                M_VECTOR_RAM_SIZE = DEFINED (__flash_vector_table__)?0x0:0x400

.interrupts     0x00000000      0x400
                0x00000000                __VECTOR_TABLE = .
                0x00000000                __interrupts_start__ = .
                0x00000000                . = ALIGN (0x4)
 *(.isr_vector)
 .isr_vector    0x00000000      0x400 ./Project_Settings/Startup_Code/startup_S32K144.o
                0x00000000                __isr_vector
                0x00000400                __interrupts_end__ = .
                0x00000400                . = ALIGN (0x4)

.flash_config   0x00000400       0x10
                0x00000400                . = ALIGN (0x4)
 *(.FlashConfig)
 .FlashConfig   0x00000400       0x10 ./Project_Settings/Startup_Code/startup_S32K144.o
                0x00000410                . = ALIGN (0x4)

.text           0x00000410     0xbf0c
                0x00000410                . = ALIGN (0x4)
 *(.text)
 .text          0x00000410       0x4c ./Project_Settings/Startup_Code/startup_S32K144.o
                0x00000410                Reset_Handler
                0x00000458                DebugMon_Handler
                0x00000458                Reserved88_IRQHandler
                0x00000458                HardFault_Handler
                0x00000458                Reserved86_IRQHandler
                0x00000458                Reserved103_IRQHandler
                0x00000458                FTM2_Ovf_Reload_IRQHandler
                0x00000458                Reserved50_IRQHandler
                0x00000458                FTFC_Fault_IRQHandler
                0x00000458                FTM0_Ch6_Ch7_IRQHandler
                0x00000458                Reserved114_IRQHandler
                0x00000458                PendSV_Handler
                0x00000458                NMI_Handler
                0x00000458                Reserved89_IRQHandler
                0x00000458                ERM_double_fault_IRQHandler
                0x00000458                Reserved59_IRQHandler
                0x00000458                LPIT0_Ch0_IRQHandler
                0x00000458                Reserved99_IRQHandler
                0x00000458                FTM3_Ch6_Ch7_IRQHandler
                0x00000458                LPIT0_Ch3_IRQHandler
                0x00000458                Reserved92_IRQHandler
                0x00000458                FTM0_Ch4_Ch5_IRQHandler
                0x00000458                FTM3_Ch0_Ch1_IRQHandler
                0x00000458                SWI_IRQHandler
                0x00000458                ADC0_IRQHandler
                0x00000458                FTM2_Ch4_Ch5_IRQHandler
                0x00000458                UsageFault_Handler
                0x00000458                FTM0_Ovf_Reload_IRQHandler
                0x00000458                DefaultISR
                0x00000458                Reserved58_IRQHandler
                0x00000458                FTM1_Ch2_Ch3_IRQHandler
                0x00000458                Reserved82_IRQHandler
                0x00000458                Reserved71_IRQHandler
                0x00000458                PORTD_IRQHandler
                0x00000458                Reserved69_IRQHandler
                0x00000458                PORTB_IRQHandler
                0x00000458                Reserved70_IRQHandler
                0x00000458                ADC1_IRQHandler
                0x00000458                FTM2_Ch2_Ch3_IRQHandler
                0x00000458                Reserved53_IRQHandler
                0x00000458                RTC_IRQHandler
                0x00000458                PDB0_IRQHandler
                0x00000458                Reserved54_IRQHandler
                0x00000458                FTM2_Ch6_Ch7_IRQHandler
                0x00000458                FTM3_Ch2_Ch3_IRQHandler
                0x00000458                FTM2_Ch0_Ch1_IRQHandler
                0x00000458                LPSPI1_IRQHandler
                0x00000458                LPUART1_RxTx_IRQHandler
                0x00000458                RTC_Seconds_IRQHandler
                0x00000458                Reserved72_IRQHandler
                0x00000458                Reserved110_IRQHandler
                0x00000458                Reserved107_IRQHandler
                0x00000458                Read_Collision_IRQHandler
                0x00000458                FTFC_IRQHandler
                0x00000458                FTM1_Ch6_Ch7_IRQHandler
                0x00000458                Reserved105_IRQHandler
                0x00000458                LPIT0_Ch1_IRQHandler
                0x00000458                FTM1_Ch4_Ch5_IRQHandler
                0x00000458                FTM3_Ovf_Reload_IRQHandler
                0x00000458                LPUART2_RxTx_IRQHandler
                0x00000458                LPSPI0_IRQHandler
                0x00000458                WDOG_EWM_IRQHandler
                0x00000458                MemManage_Handler
                0x00000458                Reserved90_IRQHandler
                0x00000458                Reserved83_IRQHandler
                0x00000458                FTM0_Fault_IRQHandler
                0x00000458                Reserved48_IRQHandler
                0x00000458                SVC_Handler
                0x00000458                ERM_single_fault_IRQHandler
                0x00000458                FTM2_Fault_IRQHandler
                0x00000458                FTM0_Ch2_Ch3_IRQHandler
                0x00000458                FTM0_Ch0_Ch1_IRQHandler
                0x00000458                FTM3_Fault_IRQHandler
                0x00000458                RCM_IRQHandler
                0x00000458                Reserved100_IRQHandler
                0x00000458                Reserved91_IRQHandler
                0x00000458                SCG_IRQHandler
                0x00000458                PDB1_IRQHandler
                0x00000458                Reserved81_IRQHandler
                0x00000458                Reserved46_IRQHandler
                0x00000458                Reserved45_IRQHandler
                0x00000458                Reserved112_IRQHandler
                0x00000458                FTM1_Fault_IRQHandler
                0x00000458                Reserved106_IRQHandler
                0x00000458                LVD_LVW_IRQHandler
                0x00000458                LPIT0_Ch2_IRQHandler
                0x00000458                PORTA_IRQHandler
                0x00000458                MCM_IRQHandler
                0x00000458                LPSPI2_IRQHandler
                0x00000458                FTM3_Ch4_Ch5_IRQHandler
                0x00000458                PORTE_IRQHandler
                0x00000458                LPUART0_RxTx_IRQHandler
                0x00000458                LPTMR0_IRQHandler
                0x00000458                BusFault_Handler
                0x00000458                Reserved87_IRQHandler
                0x00000458                FTM1_Ovf_Reload_IRQHandler
                0x00000458                Reserved93_IRQHandler
                0x00000458                CMP0_IRQHandler
                0x00000458                Reserved52_IRQHandler
                0x00000458                PORTC_IRQHandler
                0x00000458                FTM1_Ch0_Ch1_IRQHandler
                0x00000458                FLEXIO_IRQHandler
                0x00000458                Reserved113_IRQHandler
 .text          0x0000045c       0x10 C:/NXP/S32DS_ARM_v2.2/S32DS/build_tools/gcc_v6.3/gcc-6.3-arm32-eabi/arm-none-eabi/newlib/lib/thumb/v7e-m/fpv4-sp/hard\libc_nano.a(lib_a-strlen.o)
                0x0000045c                strlen
 *fill*         0x0000046c        0x4 
 .text          0x00000470       0xa0 C:/NXP/S32DS_ARM_v2.2/S32DS/build_tools/gcc_v6.3/gcc-6.3-arm32-eabi/arm-none-eabi/newlib/lib/thumb/v7e-m/fpv4-sp/hard\libc_nano.a(lib_a-memchr.o)
                0x00000470                memchr
 *(.text*)
 .text.SystemInit
                0x00000510       0x58 ./SDK/platform/devices/S32K144/startup/system_S32K144.o
                0x00000510                SystemInit
 .text.init_data_bss
                0x00000568      0x12c ./SDK/platform/devices/startup.o
                0x00000568                init_data_bss
 .text.SIM_GetRtcClkSrc
                0x00000694       0x1e ./SDK/platform/drivers/src/clock/S32K1xx/clock_S32K1xx.o
 .text.SIM_SetLpoClocks
                0x000006b2       0x72 ./SDK/platform/drivers/src/clock/S32K1xx/clock_S32K1xx.o
 .text.SIM_SetEimClockGate
                0x00000724       0x3e ./SDK/platform/drivers/src/clock/S32K1xx/clock_S32K1xx.o
 .text.SIM_GetEimClockGate
                0x00000762       0x30 ./SDK/platform/drivers/src/clock/S32K1xx/clock_S32K1xx.o
 .text.SIM_SetErmClockGate
                0x00000792       0x3e ./SDK/platform/drivers/src/clock/S32K1xx/clock_S32K1xx.o
 .text.SIM_GetErmClockGate
                0x000007d0       0x30 ./SDK/platform/drivers/src/clock/S32K1xx/clock_S32K1xx.o
 .text.SIM_SetDmaClockGate
                0x00000800       0x3e ./SDK/platform/drivers/src/clock/S32K1xx/clock_S32K1xx.o
 .text.SIM_GetDmaClockGate
                0x0000083e       0x30 ./SDK/platform/drivers/src/clock/S32K1xx/clock_S32K1xx.o
 .text.SIM_SetMpuClockGate
                0x0000086e       0x3e ./SDK/platform/drivers/src/clock/S32K1xx/clock_S32K1xx.o
 .text.SIM_GetMpuClockGate
                0x000008ac       0x30 ./SDK/platform/drivers/src/clock/S32K1xx/clock_S32K1xx.o
 .text.SIM_SetMscmClockGate
                0x000008dc       0x3e ./SDK/platform/drivers/src/clock/S32K1xx/clock_S32K1xx.o
 .text.SIM_GetMscmClockGate
                0x0000091a       0x2e ./SDK/platform/drivers/src/clock/S32K1xx/clock_S32K1xx.o
 .text.SIM_GetFtm0ExternalClkPinMode
                0x00000948       0x1e ./SDK/platform/drivers/src/clock/S32K1xx/clock_S32K1xx.o
 .text.SIM_GetFtm1ExternalClkPinMode
                0x00000966       0x1e ./SDK/platform/drivers/src/clock/S32K1xx/clock_S32K1xx.o
 .text.SIM_GetFtm2ExternalClkPinMode
                0x00000984       0x1e ./SDK/platform/drivers/src/clock/S32K1xx/clock_S32K1xx.o
 .text.SIM_GetFtm3ExternalClkPinMode
                0x000009a2       0x1e ./SDK/platform/drivers/src/clock/S32K1xx/clock_S32K1xx.o
 .text.SIM_GetLpo32KStatus
                0x000009c0       0x26 ./SDK/platform/drivers/src/clock/S32K1xx/clock_S32K1xx.o
 .text.SIM_GetLpo1KStatus
                0x000009e6       0x26 ./SDK/platform/drivers/src/clock/S32K1xx/clock_S32K1xx.o
 .text.SIM_GetLpoClkSelectorValue
                0x00000a0c       0x1e ./SDK/platform/drivers/src/clock/S32K1xx/clock_S32K1xx.o
 .text.SIM_GetClockoutStatus
                0x00000a2a       0x26 ./SDK/platform/drivers/src/clock/S32K1xx/clock_S32K1xx.o
 .text.SIM_GetClockoutDividerValue
                0x00000a50       0x1e ./SDK/platform/drivers/src/clock/S32K1xx/clock_S32K1xx.o
 .text.SIM_GetClockoutSelectorValue
                0x00000a6e       0x1e ./SDK/platform/drivers/src/clock/S32K1xx/clock_S32K1xx.o
 .text.SIM_SetClockout
                0x00000a8c       0x5e ./SDK/platform/drivers/src/clock/S32K1xx/clock_S32K1xx.o
 .text.SIM_SetTraceClockSource
                0x00000aea       0x38 ./SDK/platform/drivers/src/clock/S32K1xx/clock_S32K1xx.o
 .text.SIM_ClearTraceClockConfig
                0x00000b22       0x1e ./SDK/platform/drivers/src/clock/S32K1xx/clock_S32K1xx.o
 .text.SIM_SetTraceClockConfig
                0x00000b40       0x40 ./SDK/platform/drivers/src/clock/S32K1xx/clock_S32K1xx.o
 .text.SCG_GetClockoutSourceSel
                0x00000b80       0x1e ./SDK/platform/drivers/src/clock/S32K1xx/clock_S32K1xx.o
 .text.SCG_GetCurrentSystemClockSource
                0x00000b9e       0x1e ./SDK/platform/drivers/src/clock/S32K1xx/clock_S32K1xx.o
 .text.SCG_GetCurrentCoreClockDividerRatio
                0x00000bbc       0x1e ./SDK/platform/drivers/src/clock/S32K1xx/clock_S32K1xx.o
 .text.SCG_GetCurrentBusClockDividerRatio
                0x00000bda       0x1e ./SDK/platform/drivers/src/clock/S32K1xx/clock_S32K1xx.o
 .text.SCG_GetCurrentSlowClockDividerRatio
                0x00000bf8       0x1c ./SDK/platform/drivers/src/clock/S32K1xx/clock_S32K1xx.o
 .text.SCG_SetRunClockControl
                0x00000c14       0x44 ./SDK/platform/drivers/src/clock/S32K1xx/clock_S32K1xx.o
 .text.SCG_SetVlprClockControl
                0x00000c58       0x44 ./SDK/platform/drivers/src/clock/S32K1xx/clock_S32K1xx.o
 .text.SCG_SetHsrunClockControl
                0x00000c9c       0x44 ./SDK/platform/drivers/src/clock/S32K1xx/clock_S32K1xx.o
 .text.SCG_GetFircFirstAsyncDivider
                0x00000ce0       0x1e ./SDK/platform/drivers/src/clock/S32K1xx/clock_S32K1xx.o
 .text.SCG_GetFircSecondAsyncDivider
                0x00000cfe       0x20 ./SDK/platform/drivers/src/clock/S32K1xx/clock_S32K1xx.o
 .text.SCG_SetFircAsyncConfig
                0x00000d1e       0x32 ./SDK/platform/drivers/src/clock/S32K1xx/clock_S32K1xx.o
 .text.SCG_GetSircFirstAsyncDivider
                0x00000d50       0x1e ./SDK/platform/drivers/src/clock/S32K1xx/clock_S32K1xx.o
 .text.SCG_GetSircSecondAsyncDivider
                0x00000d6e       0x20 ./SDK/platform/drivers/src/clock/S32K1xx/clock_S32K1xx.o
 .text.SCG_SetSircAsyncConfig
                0x00000d8e       0x32 ./SDK/platform/drivers/src/clock/S32K1xx/clock_S32K1xx.o
 .text.SCG_GetSoscFirstAsyncDivider
                0x00000dc0       0x1e ./SDK/platform/drivers/src/clock/S32K1xx/clock_S32K1xx.o
 .text.SCG_GetSoscSecondAsyncDivider
                0x00000dde       0x20 ./SDK/platform/drivers/src/clock/S32K1xx/clock_S32K1xx.o
 .text.SCG_SetSoscAsyncConfig
                0x00000dfe       0x32 ./SDK/platform/drivers/src/clock/S32K1xx/clock_S32K1xx.o
 .text.SCG_GetSpllFirstAsyncDivider
                0x00000e30       0x1e ./SDK/platform/drivers/src/clock/S32K1xx/clock_S32K1xx.o
 .text.SCG_GetSpllSecondAsyncDivider
                0x00000e4e       0x20 ./SDK/platform/drivers/src/clock/S32K1xx/clock_S32K1xx.o
 .text.SCG_SetSpllAsyncConfig
                0x00000e6e       0x32 ./SDK/platform/drivers/src/clock/S32K1xx/clock_S32K1xx.o
 .text.SCG_SetClockoutSourceSel
                0x00000ea0       0x38 ./SDK/platform/drivers/src/clock/S32K1xx/clock_S32K1xx.o
 .text.SCG_GetSircSystemClockMode
                0x00000ed8       0x32 ./SDK/platform/drivers/src/clock/S32K1xx/clock_S32K1xx.o
 .text.SCG_GetSircStatus
                0x00000f0a       0x28 ./SDK/platform/drivers/src/clock/S32K1xx/clock_S32K1xx.o
 .text.SCG_GetSircRange
                0x00000f32       0x1e ./SDK/platform/drivers/src/clock/S32K1xx/clock_S32K1xx.o
 .text.SCG_ClearSircLock
                0x00000f50       0x24 ./SDK/platform/drivers/src/clock/S32K1xx/clock_S32K1xx.o
 .text.SCG_ClearSircControl
                0x00000f74       0x1c ./SDK/platform/drivers/src/clock/S32K1xx/clock_S32K1xx.o
 .text.SCG_SetSircConfiguration
                0x00000f90       0x24 ./SDK/platform/drivers/src/clock/S32K1xx/clock_S32K1xx.o
 .text.SCG_SetSircControl
                0x00000fb4       0x5a ./SDK/platform/drivers/src/clock/S32K1xx/clock_S32K1xx.o
 .text.SCG_GetFircSystemClockMode
                0x0000100e       0x32 ./SDK/platform/drivers/src/clock/S32K1xx/clock_S32K1xx.o
 .text.SCG_GetFircStatus
                0x00001040       0x28 ./SDK/platform/drivers/src/clock/S32K1xx/clock_S32K1xx.o
 .text.SCG_GetFircRange
                0x00001068       0x1e ./SDK/platform/drivers/src/clock/S32K1xx/clock_S32K1xx.o
 .text.SCG_ClearFircLock
                0x00001086       0x24 ./SDK/platform/drivers/src/clock/S32K1xx/clock_S32K1xx.o
 .text.SCG_ClearFircControl
                0x000010aa       0x1e ./SDK/platform/drivers/src/clock/S32K1xx/clock_S32K1xx.o
 .text.SCG_SetFircConfiguration
                0x000010c8       0x24 ./SDK/platform/drivers/src/clock/S32K1xx/clock_S32K1xx.o
 .text.SCG_SetFircControl
                0x000010ec       0x42 ./SDK/platform/drivers/src/clock/S32K1xx/clock_S32K1xx.o
 .text.SCG_GetSoscSystemClockMode
                0x0000112e       0x32 ./SDK/platform/drivers/src/clock/S32K1xx/clock_S32K1xx.o
 .text.SCG_GetSoscStatus
                0x00001160       0x28 ./SDK/platform/drivers/src/clock/S32K1xx/clock_S32K1xx.o
 .text.SCG_ClearSoscLock
                0x00001188       0x24 ./SDK/platform/drivers/src/clock/S32K1xx/clock_S32K1xx.o
 .text.SCG_ClearSoscControl
                0x000011ac       0x1e ./SDK/platform/drivers/src/clock/S32K1xx/clock_S32K1xx.o
 .text.SCG_SetSoscConfiguration
                0x000011ca       0x3c ./SDK/platform/drivers/src/clock/S32K1xx/clock_S32K1xx.o
 .text.SCG_SetSoscControl
                0x00001206       0x5e ./SDK/platform/drivers/src/clock/S32K1xx/clock_S32K1xx.o
 .text.SCG_GetSpllSystemClockMode
                0x00001264       0x32 ./SDK/platform/drivers/src/clock/S32K1xx/clock_S32K1xx.o
 .text.SCG_GetSpllStatus
                0x00001296       0x28 ./SDK/platform/drivers/src/clock/S32K1xx/clock_S32K1xx.o
 .text.SCG_GetSpllPredivider
                0x000012be       0x20 ./SDK/platform/drivers/src/clock/S32K1xx/clock_S32K1xx.o
 .text.SCG_GetSpllMultiplier
                0x000012de       0x20 ./SDK/platform/drivers/src/clock/S32K1xx/clock_S32K1xx.o
 .text.SCG_ClearSpllLock
                0x000012fe       0x24 ./SDK/platform/drivers/src/clock/S32K1xx/clock_S32K1xx.o
 .text.SCG_ClearSpllControl
                0x00001322       0x1e ./SDK/platform/drivers/src/clock/S32K1xx/clock_S32K1xx.o
 .text.SCG_SetSpllConfiguration
                0x00001340       0x34 ./SDK/platform/drivers/src/clock/S32K1xx/clock_S32K1xx.o
 .text.SCG_SetSpllControl
                0x00001374       0x5e ./SDK/platform/drivers/src/clock/S32K1xx/clock_S32K1xx.o
 *fill*         0x000013d2        0x2 
 .text.PCC_SetPeripheralClockControl
                0x000013d4       0x60 ./SDK/platform/drivers/src/clock/S32K1xx/clock_S32K1xx.o
 .text.PCC_SetClockMode
                0x00001434       0x70 ./SDK/platform/drivers/src/clock/S32K1xx/clock_S32K1xx.o
 .text.PCC_GetClockMode
                0x000014a4       0x44 ./SDK/platform/drivers/src/clock/S32K1xx/clock_S32K1xx.o
 .text.PCC_GetClockSourceSel
                0x000014e8       0x34 ./SDK/platform/drivers/src/clock/S32K1xx/clock_S32K1xx.o
 .text.PCC_GetFracValueSel
                0x0000151c       0x34 ./SDK/platform/drivers/src/clock/S32K1xx/clock_S32K1xx.o
 .text.PCC_GetDividerSel
                0x00001550       0x30 ./SDK/platform/drivers/src/clock/S32K1xx/clock_S32K1xx.o
 .text.PMC_SetLpoMode
                0x00001580       0x3e ./SDK/platform/drivers/src/clock/S32K1xx/clock_S32K1xx.o
 .text.PMC_GetLpoMode
                0x000015be       0x2c ./SDK/platform/drivers/src/clock/S32K1xx/clock_S32K1xx.o
 .text.PMC_SetLpoTrimValue
                0x000015ea       0x5e ./SDK/platform/drivers/src/clock/S32K1xx/clock_S32K1xx.o
 .text.SMC_GetCurrentRunningMode
                0x00001648       0x1a ./SDK/platform/drivers/src/clock/S32K1xx/clock_S32K1xx.o
 .text.CLOCK_DRV_Init
                0x00001662       0x6e ./SDK/platform/drivers/src/clock/S32K1xx/clock_S32K1xx.o
                0x00001662                CLOCK_DRV_Init
 .text.CLOCK_SYS_SetScgConfiguration
                0x000016d0       0xb4 ./SDK/platform/drivers/src/clock/S32K1xx/clock_S32K1xx.o
 .text.CLOCK_SYS_SetPccConfiguration
                0x00001784       0xb8 ./SDK/platform/drivers/src/clock/S32K1xx/clock_S32K1xx.o
 .text.CLOCK_SYS_SetSimConfiguration
                0x0000183c      0x124 ./SDK/platform/drivers/src/clock/S32K1xx/clock_S32K1xx.o
 .text.CLOCK_SYS_SetPmcConfiguration
                0x00001960       0x38 ./SDK/platform/drivers/src/clock/S32K1xx/clock_S32K1xx.o
 .text.CLOCK_SYS_GetDefaultConfiguration
                0x00001998      0x24c ./SDK/platform/drivers/src/clock/S32K1xx/clock_S32K1xx.o
 .text.CLOCK_SYS_GetScgClockFreq
                0x00001be4      0x144 ./SDK/platform/drivers/src/clock/S32K1xx/clock_S32K1xx.o
 .text.CLOCK_SYS_GetSimClockFreq
                0x00001d28      0x23c ./SDK/platform/drivers/src/clock/S32K1xx/clock_S32K1xx.o
 .text.CLOCK_SYS_CheckPCCClock
                0x00001f64       0x68 ./SDK/platform/drivers/src/clock/S32K1xx/clock_S32K1xx.o
 .text.CLOCK_SYS_GetPccClockFreq
                0x00001fcc      0x104 ./SDK/platform/drivers/src/clock/S32K1xx/clock_S32K1xx.o
 .text.CLOCK_DRV_GetFreq
                0x000020d0       0x5c ./SDK/platform/drivers/src/clock/S32K1xx/clock_S32K1xx.o
                0x000020d0                CLOCK_DRV_GetFreq
 .text.CLOCK_SYS_GetPeripheralClock
                0x0000212c       0xd8 ./SDK/platform/drivers/src/clock/S32K1xx/clock_S32K1xx.o
 .text.CLOCK_SYS_GetCurrentRunMode
                0x00002204       0x44 ./SDK/platform/drivers/src/clock/S32K1xx/clock_S32K1xx.o
 .text.CLOCK_SYS_TransitionSystemClock
                0x00002248       0x60 ./SDK/platform/drivers/src/clock/S32K1xx/clock_S32K1xx.o
 .text.CLOCK_SYS_GetSimClkOutFreq
                0x000022a8       0xf0 ./SDK/platform/drivers/src/clock/S32K1xx/clock_S32K1xx.o
 .text.CLOCK_SYS_GetScgClkOutFreq
                0x00002398       0x74 ./SDK/platform/drivers/src/clock/S32K1xx/clock_S32K1xx.o
 .text.CLOCK_SYS_GetSimRtcClkFreq
                0x0000240c       0x78 ./SDK/platform/drivers/src/clock/S32K1xx/clock_S32K1xx.o
 .text.CLOCK_SYS_ConfigureSIRC
                0x00002484       0xc8 ./SDK/platform/drivers/src/clock/S32K1xx/clock_S32K1xx.o
 .text.CLOCK_SYS_ConfigureFIRC
                0x0000254c       0xc4 ./SDK/platform/drivers/src/clock/S32K1xx/clock_S32K1xx.o
 .text.CLOCK_SYS_ConfigureSOSC
                0x00002610      0x124 ./SDK/platform/drivers/src/clock/S32K1xx/clock_S32K1xx.o
 .text.CLOCK_SYS_ConfigureSPLL
                0x00002734      0x118 ./SDK/platform/drivers/src/clock/S32K1xx/clock_S32K1xx.o
 .text.CLOCK_SYS_ConfigureTemporarySystemClock
                0x0000284c       0x68 ./SDK/platform/drivers/src/clock/S32K1xx/clock_S32K1xx.o
 .text.CLOCK_SYS_ConfigureModulesFromScg
                0x000028b4      0x1c8 ./SDK/platform/drivers/src/clock/S32K1xx/clock_S32K1xx.o
 .text.CLOCK_SYS_GetSystemClockFreq
                0x00002a7c       0xc0 ./SDK/platform/drivers/src/clock/S32K1xx/clock_S32K1xx.o
 .text.CLOCK_SYS_GetSrcFreq
                0x00002b3c       0x64 ./SDK/platform/drivers/src/clock/S32K1xx/clock_S32K1xx.o
 .text.CLOCK_SYS_SetSystemClockConfig
                0x00002ba0      0x234 ./SDK/platform/drivers/src/clock/S32K1xx/clock_S32K1xx.o
 .text.CLOCK_SYS_GetSysAsyncFreq
                0x00002dd4      0x11c ./SDK/platform/drivers/src/clock/S32K1xx/clock_S32K1xx.o
 .text.CLOCK_SYS_GetSysOscFreq
                0x00002ef0       0x30 ./SDK/platform/drivers/src/clock/S32K1xx/clock_S32K1xx.o
 .text.CLOCK_SYS_GetSircFreq
                0x00002f20       0x38 ./SDK/platform/drivers/src/clock/S32K1xx/clock_S32K1xx.o
 .text.CLOCK_SYS_GetFircFreq
                0x00002f58       0x3c ./SDK/platform/drivers/src/clock/S32K1xx/clock_S32K1xx.o
 .text.CLOCK_SYS_GetSysPllFreq
                0x00002f94       0x64 ./SDK/platform/drivers/src/clock/S32K1xx/clock_S32K1xx.o
 .text.CLOCK_SYS_GetLpoFreq
                0x00002ff8       0x88 ./SDK/platform/drivers/src/clock/S32K1xx/clock_S32K1xx.o
 .text.CLOCK_SYS_Init
                0x00003080       0x44 ./SDK/platform/drivers/src/clock/S32K1xx/clock_S32K1xx.o
                0x00003080                CLOCK_SYS_Init
 .text.CLOCK_SYS_UpdateConfiguration
                0x000030c4      0x174 ./SDK/platform/drivers/src/clock/S32K1xx/clock_S32K1xx.o
                0x000030c4                CLOCK_SYS_UpdateConfiguration
 .text.CLOCK_SYS_GetFreq
                0x00003238       0x20 ./SDK/platform/drivers/src/clock/S32K1xx/clock_S32K1xx.o
                0x00003238                CLOCK_SYS_GetFreq
 .text.CLOCK_SYS_SetConfiguration
                0x00003258       0x18 ./SDK/platform/drivers/src/clock/S32K1xx/clock_S32K1xx.o
                0x00003258                CLOCK_SYS_SetConfiguration
 .text.EDMA_SetMinorLoopMappingCmd
                0x00003270       0x3e ./SDK/platform/drivers/src/edma/edma_driver.o
 .text.EDMA_ClearErrorIntStatusFlag
                0x000032ae       0x1e ./SDK/platform/drivers/src/edma/edma_driver.o
 .text.EDMA_ClearDoneStatusFlag
                0x000032cc       0x1e ./SDK/platform/drivers/src/edma/edma_driver.o
 .text.EDMA_ClearIntStatusFlag
                0x000032ea       0x1e ./SDK/platform/drivers/src/edma/edma_driver.o
 .text.EDMA_TCDSetSrcAddr
                0x00003308       0x28 ./SDK/platform/drivers/src/edma/edma_driver.o
 .text.EDMA_TCDSetSrcOffset
                0x00003330       0x2e ./SDK/platform/drivers/src/edma/edma_driver.o
 .text.EDMA_TCDSetSrcLastAdjust
                0x0000335e       0x2c ./SDK/platform/drivers/src/edma/edma_driver.o
 .text.EDMA_TCDSetDestAddr
                0x0000338a       0x2c ./SDK/platform/drivers/src/edma/edma_driver.o
 .text.EDMA_TCDSetDestOffset
                0x000033b6       0x30 ./SDK/platform/drivers/src/edma/edma_driver.o
 .text.EDMA_TCDSetDisableDmaRequestAfterTCDDoneCmd
                0x000033e6       0x5e ./SDK/platform/drivers/src/edma/edma_driver.o
 .text.EDMA_TCDSetMajorCompleteIntCmd
                0x00003444       0x5e ./SDK/platform/drivers/src/edma/edma_driver.o
 .text.DMAMUX_SetChannelCmd
                0x000034a2       0x54 ./SDK/platform/drivers/src/edma/edma_driver.o
 .text.DMAMUX_SetChannelTrigger
                0x000034f6       0x52 ./SDK/platform/drivers/src/edma/edma_driver.o
 .text.DMAMUX_SetChannelSource
                0x00003548       0x50 ./SDK/platform/drivers/src/edma/edma_driver.o
 .text.EDMA_DRV_InstallCallback
                0x00003598       0x3c ./SDK/platform/drivers/src/edma/edma_driver.o
                0x00003598                EDMA_DRV_InstallCallback
 .text.EDMA_DRV_ClearIntStatus
                0x000035d4       0x3c ./SDK/platform/drivers/src/edma/edma_driver.o
 .text.EDMA_DRV_IRQHandler
                0x00003610       0x4c ./SDK/platform/drivers/src/edma/edma_driver.o
                0x00003610                EDMA_DRV_IRQHandler
 .text.EDMA_DRV_ErrorIRQHandler
                0x0000365c       0x7c ./SDK/platform/drivers/src/edma/edma_driver.o
                0x0000365c                EDMA_DRV_ErrorIRQHandler
 .text.EDMA_DRV_ConfigSingleBlockTransfer
                0x000036d8      0x170 ./SDK/platform/drivers/src/edma/edma_driver.o
                0x000036d8                EDMA_DRV_ConfigSingleBlockTransfer
 .text.EDMA_DRV_ConfigMultiBlockTransfer
                0x00003848       0x70 ./SDK/platform/drivers/src/edma/edma_driver.o
                0x00003848                EDMA_DRV_ConfigMultiBlockTransfer
 .text.EDMA_DRV_StartChannel
                0x000038b8       0x38 ./SDK/platform/drivers/src/edma/edma_driver.o
                0x000038b8                EDMA_DRV_StartChannel
 .text.EDMA_DRV_StopChannel
                0x000038f0       0x38 ./SDK/platform/drivers/src/edma/edma_driver.o
                0x000038f0                EDMA_DRV_StopChannel
 .text.EDMA_DRV_SetChannelRequestAndTrigger
                0x00003928       0x60 ./SDK/platform/drivers/src/edma/edma_driver.o
                0x00003928                EDMA_DRV_SetChannelRequestAndTrigger
 .text.EDMA_DRV_SetSrcAddr
                0x00003988       0x38 ./SDK/platform/drivers/src/edma/edma_driver.o
                0x00003988                EDMA_DRV_SetSrcAddr
 .text.EDMA_DRV_SetSrcLastAddrAdjustment
                0x000039c0       0x38 ./SDK/platform/drivers/src/edma/edma_driver.o
                0x000039c0                EDMA_DRV_SetSrcLastAddrAdjustment
 .text.EDMA_DRV_SetMajorLoopIterationCount
                0x000039f8       0x38 ./SDK/platform/drivers/src/edma/edma_driver.o
                0x000039f8                EDMA_DRV_SetMajorLoopIterationCount
 .text.EDMA_DRV_GetRemainingMajorIterationsCount
                0x00003a30       0x38 ./SDK/platform/drivers/src/edma/edma_driver.o
                0x00003a30                EDMA_DRV_GetRemainingMajorIterationsCount
 .text.EDMA_DRV_DisableRequestsOnTransferComplete
                0x00003a68       0x3c ./SDK/platform/drivers/src/edma/edma_driver.o
                0x00003a68                EDMA_DRV_DisableRequestsOnTransferComplete
 .text.EDMA_DRV_GetDmaRegBaseAddr
                0x00003aa4       0x1c ./SDK/platform/drivers/src/edma/edma_driver.o
                0x00003aa4                EDMA_DRV_GetDmaRegBaseAddr
 .text.EDMA_SetDmaRequestCmd
                0x00003ac0       0x30 ./SDK/platform/drivers/src/edma/edma_hw_access.o
                0x00003ac0                EDMA_SetDmaRequestCmd
 .text.EDMA_TCDClearReg
                0x00003af0       0xd6 ./SDK/platform/drivers/src/edma/edma_hw_access.o
                0x00003af0                EDMA_TCDClearReg
 .text.EDMA_TCDSetAttribute
                0x00003bc6       0x70 ./SDK/platform/drivers/src/edma/edma_hw_access.o
                0x00003bc6                EDMA_TCDSetAttribute
 .text.EDMA_TCDSetNbytes
                0x00003c36       0xcc ./SDK/platform/drivers/src/edma/edma_hw_access.o
                0x00003c36                EDMA_TCDSetNbytes
 .text.EDMA_TCDSetMajorCount
                0x00003d02      0x14c ./SDK/platform/drivers/src/edma/edma_hw_access.o
                0x00003d02                EDMA_TCDSetMajorCount
 .text.EDMA_TCDGetCurrentMajorCount
                0x00003e4e       0x6c ./SDK/platform/drivers/src/edma/edma_hw_access.o
                0x00003e4e                EDMA_TCDGetCurrentMajorCount
 .text.EDMA_GetErrorIntStatusFlag
                0x00003eba       0x18 ./SDK/platform/drivers/src/edma/edma_irq.o
 .text.DMA0_IRQHandler
                0x00003ed2        0xe ./SDK/platform/drivers/src/edma/edma_irq.o
                0x00003ed2                DMA0_IRQHandler
 .text.DMA1_IRQHandler
                0x00003ee0        0xe ./SDK/platform/drivers/src/edma/edma_irq.o
                0x00003ee0                DMA1_IRQHandler
 .text.DMA2_IRQHandler
                0x00003eee        0xe ./SDK/platform/drivers/src/edma/edma_irq.o
                0x00003eee                DMA2_IRQHandler
 .text.DMA3_IRQHandler
                0x00003efc        0xe ./SDK/platform/drivers/src/edma/edma_irq.o
                0x00003efc                DMA3_IRQHandler
 .text.DMA4_IRQHandler
                0x00003f0a        0xe ./SDK/platform/drivers/src/edma/edma_irq.o
                0x00003f0a                DMA4_IRQHandler
 .text.DMA5_IRQHandler
                0x00003f18        0xe ./SDK/platform/drivers/src/edma/edma_irq.o
                0x00003f18                DMA5_IRQHandler
 .text.DMA6_IRQHandler
                0x00003f26        0xe ./SDK/platform/drivers/src/edma/edma_irq.o
                0x00003f26                DMA6_IRQHandler
 .text.DMA7_IRQHandler
                0x00003f34        0xe ./SDK/platform/drivers/src/edma/edma_irq.o
                0x00003f34                DMA7_IRQHandler
 .text.DMA8_IRQHandler
                0x00003f42        0xe ./SDK/platform/drivers/src/edma/edma_irq.o
                0x00003f42                DMA8_IRQHandler
 .text.DMA9_IRQHandler
                0x00003f50        0xe ./SDK/platform/drivers/src/edma/edma_irq.o
                0x00003f50                DMA9_IRQHandler
 .text.DMA10_IRQHandler
                0x00003f5e        0xe ./SDK/platform/drivers/src/edma/edma_irq.o
                0x00003f5e                DMA10_IRQHandler
 .text.DMA11_IRQHandler
                0x00003f6c        0xe ./SDK/platform/drivers/src/edma/edma_irq.o
                0x00003f6c                DMA11_IRQHandler
 .text.DMA12_IRQHandler
                0x00003f7a        0xe ./SDK/platform/drivers/src/edma/edma_irq.o
                0x00003f7a                DMA12_IRQHandler
 .text.DMA13_IRQHandler
                0x00003f88        0xe ./SDK/platform/drivers/src/edma/edma_irq.o
                0x00003f88                DMA13_IRQHandler
 .text.DMA14_IRQHandler
                0x00003f96        0xe ./SDK/platform/drivers/src/edma/edma_irq.o
                0x00003f96                DMA14_IRQHandler
 .text.DMA15_IRQHandler
                0x00003fa4        0xe ./SDK/platform/drivers/src/edma/edma_irq.o
                0x00003fa4                DMA15_IRQHandler
 .text.DMA_Error_IRQHandler
                0x00003fb2       0x4c ./SDK/platform/drivers/src/edma/edma_irq.o
                0x00003fb2                DMA_Error_IRQHandler
 .text.RxFifoOcuppiedLastMsgBuff
                0x00003ffe       0x1e ./SDK/platform/drivers/src/flexcan/flexcan_driver.o
 .text.FLEXCAN_IsEnabled
                0x0000401c       0x1e ./SDK/platform/drivers/src/flexcan/flexcan_driver.o
 .text.FLEXCAN_SelectClock
                0x0000403a       0x2e ./SDK/platform/drivers/src/flexcan/flexcan_driver.o
 .text.FLEXCAN_SetTimeSegments
                0x00004068       0x62 ./SDK/platform/drivers/src/flexcan/flexcan_driver.o
 .text.FLEXCAN_SetRxIndividualMask
                0x000040ca       0x26 ./SDK/platform/drivers/src/flexcan/flexcan_driver.o
 .text.FLEXCAN_SetExtendedTimeSegments
                0x000040f0       0x68 ./SDK/platform/drivers/src/flexcan/flexcan_driver.o
 .text.FLEXCAN_SetFDTimeSegments
                0x00004158       0x74 ./SDK/platform/drivers/src/flexcan/flexcan_driver.o
 .text.FLEXCAN_SetFDEnabled
                0x000041cc       0x50 ./SDK/platform/drivers/src/flexcan/flexcan_driver.o
 .text.FLEXCAN_IsFDEnabled
                0x0000421c       0x26 ./SDK/platform/drivers/src/flexcan/flexcan_driver.o
 .text.FLEXCAN_UnlockRxMsgBuff
                0x00004242       0x18 ./SDK/platform/drivers/src/flexcan/flexcan_driver.o
 .text.FLEXCAN_IsRxFifoEnabled
                0x0000425a       0x26 ./SDK/platform/drivers/src/flexcan/flexcan_driver.o
 .text.FLEXCAN_GetRxFifoIdFormat
                0x00004280       0x58 ./SDK/platform/drivers/src/flexcan/flexcan_driver.o
 .text.FLEXCAN_GetMaxMsgBuffNum
                0x000042d8       0x1c ./SDK/platform/drivers/src/flexcan/flexcan_driver.o
 .text.FLEXCAN_GetMsgBuffIntStatusFlag
                0x000042f4       0x42 ./SDK/platform/drivers/src/flexcan/flexcan_driver.o
 .text.FLEXCAN_ClearFIFO
                0x00004336       0x1a ./SDK/platform/drivers/src/flexcan/flexcan_driver.o
 .text.FLEXCAN_ClearMsgBuffIntStatusFlag
                0x00004350       0x30 ./SDK/platform/drivers/src/flexcan/flexcan_driver.o
 .text.FLEXCAN_GetBuffStatusFlag
                0x00004380       0x42 ./SDK/platform/drivers/src/flexcan/flexcan_driver.o
 .text.FLEXCAN_GetErrorCounters
                0x000043c2       0x18 ./SDK/platform/drivers/src/flexcan/flexcan_driver.o
 .text.FLEXCAN_SetRxMaskType
                0x000043da       0x38 ./SDK/platform/drivers/src/flexcan/flexcan_driver.o
 .text.FLEXCAN_GetNoOfIndividualMBsRxFIFO
                0x00004412       0x38 ./SDK/platform/drivers/src/flexcan/flexcan_driver.o
 *fill*         0x0000444a        0x2 
 .text.FLEXCAN_SetRxIndividualStdMask
                0x0000444c       0x30 ./SDK/platform/drivers/src/flexcan/flexcan_driver.o
 .text.FLEXCAN_SetRxIndividualExtMask
                0x0000447c       0x2a ./SDK/platform/drivers/src/flexcan/flexcan_driver.o
 .text.FLEXCAN_SetStuffBitCount
                0x000044a6       0x34 ./SDK/platform/drivers/src/flexcan/flexcan_driver.o
 .text.FLEXCAN_SetSelfReception
                0x000044da       0x34 ./SDK/platform/drivers/src/flexcan/flexcan_driver.o
 .text.FLEXCAN_SetRxFifoDMA
                0x0000450e       0x34 ./SDK/platform/drivers/src/flexcan/flexcan_driver.o
 .text.FLEXCAN_IsPNEnabled
                0x00004542       0x26 ./SDK/platform/drivers/src/flexcan/flexcan_driver.o
 .text.FLEXCAN_GetWTOF
                0x00004568       0x24 ./SDK/platform/drivers/src/flexcan/flexcan_driver.o
 .text.FLEXCAN_ClearWTOF
                0x0000458c       0x24 ./SDK/platform/drivers/src/flexcan/flexcan_driver.o
 .text.FLEXCAN_GetWUMF
                0x000045b0       0x24 ./SDK/platform/drivers/src/flexcan/flexcan_driver.o
 .text.FLEXCAN_ClearWUMF
                0x000045d4       0x24 ./SDK/platform/drivers/src/flexcan/flexcan_driver.o
 .text.FLEXCAN_DRV_SetRxMaskType
                0x000045f8       0x3c ./SDK/platform/drivers/src/flexcan/flexcan_driver.o
                0x000045f8                FLEXCAN_DRV_SetRxMaskType
 .text.FLEXCAN_DRV_SetRxIndividualMask
                0x00004634      0x144 ./SDK/platform/drivers/src/flexcan/flexcan_driver.o
                0x00004634                FLEXCAN_DRV_SetRxIndividualMask
 .text.FLEXCAN_EnableIRQs
                0x00004778       0x98 ./SDK/platform/drivers/src/flexcan/flexcan_driver.o
 .text.FLEXCAN_DRV_Init
                0x00004810      0x260 ./SDK/platform/drivers/src/flexcan/flexcan_driver.o
                0x00004810                FLEXCAN_DRV_Init
 .text.FLEXCAN_DRV_ConfigTxMb
                0x00004a70       0x64 ./SDK/platform/drivers/src/flexcan/flexcan_driver.o
                0x00004a70                FLEXCAN_DRV_ConfigTxMb
 .text.FLEXCAN_DRV_Send
                0x00004ad4       0x58 ./SDK/platform/drivers/src/flexcan/flexcan_driver.o
                0x00004ad4                FLEXCAN_DRV_Send
 .text.FLEXCAN_DRV_ConfigRxMb
                0x00004b2c       0x8c ./SDK/platform/drivers/src/flexcan/flexcan_driver.o
                0x00004b2c                FLEXCAN_DRV_ConfigRxMb
 .text.FLEXCAN_DRV_ConfigRxFifo
                0x00004bb8       0x40 ./SDK/platform/drivers/src/flexcan/flexcan_driver.o
                0x00004bb8                FLEXCAN_DRV_ConfigRxFifo
 .text.FLEXCAN_DRV_Receive
                0x00004bf8       0x2a ./SDK/platform/drivers/src/flexcan/flexcan_driver.o
                0x00004bf8                FLEXCAN_DRV_Receive
 .text.FLEXCAN_DRV_RxFifo
                0x00004c22       0x26 ./SDK/platform/drivers/src/flexcan/flexcan_driver.o
                0x00004c22                FLEXCAN_DRV_RxFifo
 .text.FLEXCAN_IRQHandlerRxFIFO
                0x00004c48       0xcc ./SDK/platform/drivers/src/flexcan/flexcan_driver.o
 .text.FLEXCAN_IRQHandlerRxMB
                0x00004d14       0x8c ./SDK/platform/drivers/src/flexcan/flexcan_driver.o
 .text.FLEXCAN_IRQHandler
                0x00004da0      0x174 ./SDK/platform/drivers/src/flexcan/flexcan_driver.o
                0x00004da0                FLEXCAN_IRQHandler
 .text.FLEXCAN_Error_IRQHandler
                0x00004f14       0x4c ./SDK/platform/drivers/src/flexcan/flexcan_driver.o
                0x00004f14                FLEXCAN_Error_IRQHandler
 .text.FLEXCAN_WakeUpHandler
                0x00004f60       0x94 ./SDK/platform/drivers/src/flexcan/flexcan_driver.o
                0x00004f60                FLEXCAN_WakeUpHandler
 .text.FLEXCAN_DRV_GetTransferStatus
                0x00004ff4       0x5c ./SDK/platform/drivers/src/flexcan/flexcan_driver.o
                0x00004ff4                FLEXCAN_DRV_GetTransferStatus
 .text.FLEXCAN_StartSendData
                0x00005050       0xf4 ./SDK/platform/drivers/src/flexcan/flexcan_driver.o
 .text.FLEXCAN_StartRxMessageBufferData
                0x00005144       0xdc ./SDK/platform/drivers/src/flexcan/flexcan_driver.o
 .text.FLEXCAN_StartRxMessageFifoData
                0x00005220      0x178 ./SDK/platform/drivers/src/flexcan/flexcan_driver.o
 .text.FLEXCAN_CompleteTransfer
                0x00005398       0x64 ./SDK/platform/drivers/src/flexcan/flexcan_driver.o
 .text.FLEXCAN_CompleteRxFifoDataDMA
                0x000053fc       0x58 ./SDK/platform/drivers/src/flexcan/flexcan_driver.o
 .text.FLEXCAN_CompleteRxMessageFifoData
                0x00005454      0x118 ./SDK/platform/drivers/src/flexcan/flexcan_driver.o
 .text.FLEXCAN_DRV_InstallEventCallback
                0x0000556c       0x38 ./SDK/platform/drivers/src/flexcan/flexcan_driver.o
                0x0000556c                FLEXCAN_DRV_InstallEventCallback
 .text.RxFifoOcuppiedLastMsgBuff
                0x000055a4       0x1e ./SDK/platform/drivers/src/flexcan/flexcan_hw_access.o
 .text.FLEXCAN_IsFDEnabled
                0x000055c2       0x26 ./SDK/platform/drivers/src/flexcan/flexcan_hw_access.o
 .text.FLEXCAN_IsRxFifoEnabled
                0x000055e8       0x26 ./SDK/platform/drivers/src/flexcan/flexcan_hw_access.o
 .text.FLEXCAN_SetSelfReception
                0x0000560e       0x34 ./SDK/platform/drivers/src/flexcan/flexcan_hw_access.o
 *fill*         0x00005642        0x2 
 .text.FLEXCAN_GetRxFifoMask
                0x00005644       0xd4 ./SDK/platform/drivers/src/flexcan/flexcan_hw_access.o
                0x00005644                FLEXCAN_GetRxFifoMask
 .text.FLEXCAN_ComputeDLCValue
                0x00005718       0x30 ./SDK/platform/drivers/src/flexcan/flexcan_hw_access.o
 .text.FLEXCAN_ComputePayloadSize
                0x00005748       0x80 ./SDK/platform/drivers/src/flexcan/flexcan_hw_access.o
 .text.FLEXCAN_GetMaxMbNum
                0x000057c8       0x4c ./SDK/platform/drivers/src/flexcan/flexcan_hw_access.o
                0x000057c8                FLEXCAN_GetMaxMbNum
 .text.FLEXCAN_ClearRAM
                0x00005814       0x72 ./SDK/platform/drivers/src/flexcan/flexcan_hw_access.o
 .text.FLEXCAN_GetMsgBuffRegion
                0x00005886       0x6c ./SDK/platform/drivers/src/flexcan/flexcan_hw_access.o
                0x00005886                FLEXCAN_GetMsgBuffRegion
 .text.FLEXCAN_Enable
                0x000058f2       0x54 ./SDK/platform/drivers/src/flexcan/flexcan_hw_access.o
                0x000058f2                FLEXCAN_Enable
 .text.FLEXCAN_Disable
                0x00005946       0x36 ./SDK/platform/drivers/src/flexcan/flexcan_hw_access.o
                0x00005946                FLEXCAN_Disable
 .text.FLEXCAN_Init
                0x0000597c       0x6c ./SDK/platform/drivers/src/flexcan/flexcan_hw_access.o
                0x0000597c                FLEXCAN_Init
 .text.FLEXCAN_SetTxMsgBuff
                0x000059e8      0x24c ./SDK/platform/drivers/src/flexcan/flexcan_hw_access.o
                0x000059e8                FLEXCAN_SetTxMsgBuff
 .text.FLEXCAN_SetRxMsgBuff
                0x00005c34      0x124 ./SDK/platform/drivers/src/flexcan/flexcan_hw_access.o
                0x00005c34                FLEXCAN_SetRxMsgBuff
 .text.FLEXCAN_GetMsgBuff
                0x00005d58      0x13a ./SDK/platform/drivers/src/flexcan/flexcan_hw_access.o
                0x00005d58                FLEXCAN_GetMsgBuff
 .text.FLEXCAN_LockRxMsgBuff
                0x00005e92       0x20 ./SDK/platform/drivers/src/flexcan/flexcan_hw_access.o
                0x00005e92                FLEXCAN_LockRxMsgBuff
 .text.FLEXCAN_EnableRxFifo
                0x00005eb2       0x86 ./SDK/platform/drivers/src/flexcan/flexcan_hw_access.o
                0x00005eb2                FLEXCAN_EnableRxFifo
 .text.FLEXCAN_SetMaxMsgBuffNum
                0x00005f38       0xf0 ./SDK/platform/drivers/src/flexcan/flexcan_hw_access.o
                0x00005f38                FLEXCAN_SetMaxMsgBuffNum
 .text.FLEXCAN_SetRxFifoFilter
                0x00006028      0x40c ./SDK/platform/drivers/src/flexcan/flexcan_hw_access.o
                0x00006028                FLEXCAN_SetRxFifoFilter
 .text.FLEXCAN_SetMsgBuffIntCmd
                0x00006434       0x70 ./SDK/platform/drivers/src/flexcan/flexcan_hw_access.o
                0x00006434                FLEXCAN_SetMsgBuffIntCmd
 .text.FLEXCAN_ExitFreezeMode
                0x000064a4       0x3a ./SDK/platform/drivers/src/flexcan/flexcan_hw_access.o
                0x000064a4                FLEXCAN_ExitFreezeMode
 .text.FLEXCAN_EnterFreezeMode
                0x000064de       0x7e ./SDK/platform/drivers/src/flexcan/flexcan_hw_access.o
                0x000064de                FLEXCAN_EnterFreezeMode
 .text.FLEXCAN_ClearErrIntStatusFlag
                0x0000655c       0x30 ./SDK/platform/drivers/src/flexcan/flexcan_hw_access.o
                0x0000655c                FLEXCAN_ClearErrIntStatusFlag
 .text.FLEXCAN_ReadRxFifo
                0x0000658c       0xa6 ./SDK/platform/drivers/src/flexcan/flexcan_hw_access.o
                0x0000658c                FLEXCAN_ReadRxFifo
 *fill*         0x00006632        0x2 
 .text.FLEXCAN_SetOperationMode
                0x00006634       0xa4 ./SDK/platform/drivers/src/flexcan/flexcan_hw_access.o
                0x00006634                FLEXCAN_SetOperationMode
 .text.FLEXCAN_SetPayloadSize
                0x000066d8       0x42 ./SDK/platform/drivers/src/flexcan/flexcan_hw_access.o
                0x000066d8                FLEXCAN_SetPayloadSize
 .text.FLEXCAN_GetPayloadSize
                0x0000671a       0x42 ./SDK/platform/drivers/src/flexcan/flexcan_hw_access.o
                0x0000671a                FLEXCAN_GetPayloadSize
 .text.CAN0_ORed_IRQHandler
                0x0000675c        0xe ./SDK/platform/drivers/src/flexcan/flexcan_irq.o
                0x0000675c                CAN0_ORed_IRQHandler
 .text.CAN0_Error_IRQHandler
                0x0000676a        0xe ./SDK/platform/drivers/src/flexcan/flexcan_irq.o
                0x0000676a                CAN0_Error_IRQHandler
 .text.CAN0_Wake_Up_IRQHandler
                0x00006778        0xe ./SDK/platform/drivers/src/flexcan/flexcan_irq.o
                0x00006778                CAN0_Wake_Up_IRQHandler
 .text.CAN0_ORed_0_15_MB_IRQHandler
                0x00006786        0xe ./SDK/platform/drivers/src/flexcan/flexcan_irq.o
                0x00006786                CAN0_ORed_0_15_MB_IRQHandler
 .text.CAN0_ORed_16_31_MB_IRQHandler
                0x00006794        0xe ./SDK/platform/drivers/src/flexcan/flexcan_irq.o
                0x00006794                CAN0_ORed_16_31_MB_IRQHandler
 .text.CAN1_ORed_IRQHandler
                0x000067a2        0xe ./SDK/platform/drivers/src/flexcan/flexcan_irq.o
                0x000067a2                CAN1_ORed_IRQHandler
 .text.CAN1_Error_IRQHandler
                0x000067b0        0xe ./SDK/platform/drivers/src/flexcan/flexcan_irq.o
                0x000067b0                CAN1_Error_IRQHandler
 .text.CAN1_ORed_0_15_MB_IRQHandler
                0x000067be        0xe ./SDK/platform/drivers/src/flexcan/flexcan_irq.o
                0x000067be                CAN1_ORed_0_15_MB_IRQHandler
 .text.CAN2_ORed_IRQHandler
                0x000067cc        0xe ./SDK/platform/drivers/src/flexcan/flexcan_irq.o
                0x000067cc                CAN2_ORed_IRQHandler
 .text.CAN2_Error_IRQHandler
                0x000067da        0xe ./SDK/platform/drivers/src/flexcan/flexcan_irq.o
                0x000067da                CAN2_Error_IRQHandler
 .text.CAN2_ORed_0_15_MB_IRQHandler
                0x000067e8        0xe ./SDK/platform/drivers/src/flexcan/flexcan_irq.o
                0x000067e8                CAN2_ORed_0_15_MB_IRQHandler
 *fill*         0x000067f6        0x2 
 .text.INT_SYS_InstallHandler
                0x000067f8       0x78 ./SDK/platform/drivers/src/interrupt/interrupt_manager.o
                0x000067f8                INT_SYS_InstallHandler
 .text.INT_SYS_EnableIRQ
                0x00006870       0x34 ./SDK/platform/drivers/src/interrupt/interrupt_manager.o
                0x00006870                INT_SYS_EnableIRQ
 .text.INT_SYS_EnableIRQGlobal
                0x000068a4       0x30 ./SDK/platform/drivers/src/interrupt/interrupt_manager.o
                0x000068a4                INT_SYS_EnableIRQGlobal
 .text.INT_SYS_DisableIRQGlobal
                0x000068d4       0x20 ./SDK/platform/drivers/src/interrupt/interrupt_manager.o
                0x000068d4                INT_SYS_DisableIRQGlobal
 .text.LPI2C_Get_MasterTxFIFOSize
                0x000068f4       0x30 ./SDK/platform/drivers/src/lpi2c/lpi2c_driver.o
 .text.LPI2C_Reset_MasterRxFIFOCmd
                0x00006924       0x30 ./SDK/platform/drivers/src/lpi2c/lpi2c_driver.o
 .text.LPI2C_Reset_MasterTxFIFOCmd
                0x00006954       0x30 ./SDK/platform/drivers/src/lpi2c/lpi2c_driver.o
 .text.LPI2C_Set_MasterEnable
                0x00006984       0x34 ./SDK/platform/drivers/src/lpi2c/lpi2c_driver.o
 .text.LPI2C_Get_MasterReceiveDataReadyEvent
                0x000069b8       0x30 ./SDK/platform/drivers/src/lpi2c/lpi2c_driver.o
 .text.LPI2C_Get_MasterTransmitDataRequestEvent
                0x000069e8       0x2e ./SDK/platform/drivers/src/lpi2c/lpi2c_driver.o
 .text.LPI2C_Get_MasterFIFOErrorEvent
                0x00006a16       0x30 ./SDK/platform/drivers/src/lpi2c/lpi2c_driver.o
 .text.LPI2C_Get_MasterArbitrationLostEvent
                0x00006a46       0x30 ./SDK/platform/drivers/src/lpi2c/lpi2c_driver.o
 .text.LPI2C_Get_MasterNACKDetectEvent
                0x00006a76       0x30 ./SDK/platform/drivers/src/lpi2c/lpi2c_driver.o
 .text.LPI2C_Clear_MasterFIFOErrorEvent
                0x00006aa6       0x1c ./SDK/platform/drivers/src/lpi2c/lpi2c_driver.o
 .text.LPI2C_Clear_MasterArbitrationLostEvent
                0x00006ac2       0x1c ./SDK/platform/drivers/src/lpi2c/lpi2c_driver.o
 .text.LPI2C_Clear_MasterNACKDetectEvent
                0x00006ade       0x1c ./SDK/platform/drivers/src/lpi2c/lpi2c_driver.o
 .text.LPI2C_Set_MasterRxDMA
                0x00006afa       0x3a ./SDK/platform/drivers/src/lpi2c/lpi2c_driver.o
 .text.LPI2C_Set_MasterTxDMA
                0x00006b34       0x34 ./SDK/platform/drivers/src/lpi2c/lpi2c_driver.o
 .text.LPI2C_Set_MasterInt
                0x00006b68       0x40 ./SDK/platform/drivers/src/lpi2c/lpi2c_driver.o
 .text.LPI2C_Set_MasterPinConfig
                0x00006ba8       0x3a ./SDK/platform/drivers/src/lpi2c/lpi2c_driver.o
 .text.LPI2C_Set_MasterNACKConfig
                0x00006be2       0x3a ./SDK/platform/drivers/src/lpi2c/lpi2c_driver.o
 .text.LPI2C_Set_MasterPrescaler
                0x00006c1c       0x38 ./SDK/platform/drivers/src/lpi2c/lpi2c_driver.o
 .text.LPI2C_Set_MasterClockHighPeriod
                0x00006c54       0x3a ./SDK/platform/drivers/src/lpi2c/lpi2c_driver.o
 .text.LPI2C_Set_MasterDataValidDelay
                0x00006c8e       0x3a ./SDK/platform/drivers/src/lpi2c/lpi2c_driver.o
 .text.LPI2C_Set_MasterSetupHoldDelay
                0x00006cc8       0x3a ./SDK/platform/drivers/src/lpi2c/lpi2c_driver.o
 .text.LPI2C_Set_MasterClockLowPeriod
                0x00006d02       0x38 ./SDK/platform/drivers/src/lpi2c/lpi2c_driver.o
 .text.LPI2C_Set_MasterRxFIFOWatermark
                0x00006d3a       0x3a ./SDK/platform/drivers/src/lpi2c/lpi2c_driver.o
 .text.LPI2C_Get_MasterRxFIFOWatermark
                0x00006d74       0x28 ./SDK/platform/drivers/src/lpi2c/lpi2c_driver.o
 .text.LPI2C_Set_MasterTxFIFOWatermark
                0x00006d9c       0x38 ./SDK/platform/drivers/src/lpi2c/lpi2c_driver.o
 .text.LPI2C_Get_MasterRxFIFOCount
                0x00006dd4       0x28 ./SDK/platform/drivers/src/lpi2c/lpi2c_driver.o
 .text.LPI2C_Get_MasterTxFIFOCount
                0x00006dfc       0x26 ./SDK/platform/drivers/src/lpi2c/lpi2c_driver.o
 .text.LPI2C_Cmd_MasterTransmit
                0x00006e22       0x28 ./SDK/platform/drivers/src/lpi2c/lpi2c_driver.o
 .text.LPI2C_Get_MasterRxData
                0x00006e4a       0x24 ./SDK/platform/drivers/src/lpi2c/lpi2c_driver.o
 .text.LPI2C_Set_SlaveEnable
                0x00006e6e       0x38 ./SDK/platform/drivers/src/lpi2c/lpi2c_driver.o
 .text.LPI2C_Get_SlaveBitErrorEvent
                0x00006ea6       0x32 ./SDK/platform/drivers/src/lpi2c/lpi2c_driver.o
 .text.LPI2C_Get_SlaveSTOPDetectEvent
                0x00006ed8       0x32 ./SDK/platform/drivers/src/lpi2c/lpi2c_driver.o
 .text.LPI2C_Get_SlaveRepeatedStartEvent
                0x00006f0a       0x32 ./SDK/platform/drivers/src/lpi2c/lpi2c_driver.o
 .text.LPI2C_Get_SlaveAddressValidEvent
                0x00006f3c       0x32 ./SDK/platform/drivers/src/lpi2c/lpi2c_driver.o
 .text.LPI2C_Get_SlaveReceiveDataEvent
                0x00006f6e       0x32 ./SDK/platform/drivers/src/lpi2c/lpi2c_driver.o
 .text.LPI2C_Get_SlaveTransmitDataEvent
                0x00006fa0       0x30 ./SDK/platform/drivers/src/lpi2c/lpi2c_driver.o
 .text.LPI2C_Clear_SlaveBitErrorEvent
                0x00006fd0       0x1e ./SDK/platform/drivers/src/lpi2c/lpi2c_driver.o
 .text.LPI2C_Clear_SlaveSTOPDetectEvent
                0x00006fee       0x1e ./SDK/platform/drivers/src/lpi2c/lpi2c_driver.o
 .text.LPI2C_Clear_SlaveRepeatedStartEvent
                0x0000700c       0x1e ./SDK/platform/drivers/src/lpi2c/lpi2c_driver.o
 .text.LPI2C_Set_SlaveInt
                0x0000702a       0x44 ./SDK/platform/drivers/src/lpi2c/lpi2c_driver.o
 .text.LPI2C_Get_SlaveInt
                0x0000706e       0x32 ./SDK/platform/drivers/src/lpi2c/lpi2c_driver.o
 .text.LPI2C_Set_SlaveRxDMA
                0x000070a0       0x3e ./SDK/platform/drivers/src/lpi2c/lpi2c_driver.o
 .text.LPI2C_Set_SlaveTxDMA
                0x000070de       0x38 ./SDK/platform/drivers/src/lpi2c/lpi2c_driver.o
 .text.LPI2C_Get_SlaveReceivedAddr
                0x00007116       0x28 ./SDK/platform/drivers/src/lpi2c/lpi2c_driver.o
 .text.LPI2C_Transmit_SlaveData
                0x0000713e       0x20 ./SDK/platform/drivers/src/lpi2c/lpi2c_driver.o
 .text.LPI2C_Get_SlaveData
                0x0000715e       0x26 ./SDK/platform/drivers/src/lpi2c/lpi2c_driver.o
 .text.LPI2C_DRV_MasterCmdQueueEmpty
                0x00007184       0x26 ./SDK/platform/drivers/src/lpi2c/lpi2c_driver.o
 .text.LPI2C_DRV_MasterResetQueue
                0x000071aa       0x20 ./SDK/platform/drivers/src/lpi2c/lpi2c_driver.o
 .text.LPI2C_DRV_MasterQueueCmd
                0x000071ca       0x6e ./SDK/platform/drivers/src/lpi2c/lpi2c_driver.o
 .text.LPI2C_DRV_MasterSendQueuedCmd
                0x00007238       0x88 ./SDK/platform/drivers/src/lpi2c/lpi2c_driver.o
 .text.LPI2C_DRV_MasterSendAddress
                0x000072c0       0x9a ./SDK/platform/drivers/src/lpi2c/lpi2c_driver.o
 .text.LPI2C_DRV_MasterQueueData
                0x0000735a       0x72 ./SDK/platform/drivers/src/lpi2c/lpi2c_driver.o
 .text.LPI2C_DRV_MasterEndTransfer
                0x000073cc       0x9c ./SDK/platform/drivers/src/lpi2c/lpi2c_driver.o
 .text.LPI2C_DRV_SlaveEndTransfer
                0x00007468       0x6c ./SDK/platform/drivers/src/lpi2c/lpi2c_driver.o
 .text.LPI2C_DRV_MasterSetOperatingMode
                0x000074d4       0x40 ./SDK/platform/drivers/src/lpi2c/lpi2c_driver.o
 .text.LPI2C_DRV_ConfigureDmaTransfer
                0x00007514       0x9c ./SDK/platform/drivers/src/lpi2c/lpi2c_driver.o
 .text.LPI2C_DRV_MasterStartDmaTransfer
                0x000075b0      0x114 ./SDK/platform/drivers/src/lpi2c/lpi2c_driver.o
 .text.LPI2C_DRV_SlaveStartDmaTransfer
                0x000076c4       0xb4 ./SDK/platform/drivers/src/lpi2c/lpi2c_driver.o
 .text.LPI2C_DRV_MasterCompleteDMATransfer
                0x00007778       0xac ./SDK/platform/drivers/src/lpi2c/lpi2c_driver.o
 .text.LPI2C_DRV_MasterReinit
                0x00007824       0x84 ./SDK/platform/drivers/src/lpi2c/lpi2c_driver.o
 .text.LPI2C_DRV_MasterWaitTransferEnd
                0x000078a8      0x11c ./SDK/platform/drivers/src/lpi2c/lpi2c_driver.o
 .text.LPI2C_DRV_MasterHandleTransmitDataRequest
                0x000079c4       0x94 ./SDK/platform/drivers/src/lpi2c/lpi2c_driver.o
 .text.LPI2C_DRV_MasterHandleReceiveDataReadyEvent
                0x00007a58       0xb6 ./SDK/platform/drivers/src/lpi2c/lpi2c_driver.o
 *fill*         0x00007b0e        0x2 
 .text.LPI2C_DRV_SlaveHandleAddressValidEvent
                0x00007b10       0xb8 ./SDK/platform/drivers/src/lpi2c/lpi2c_driver.o
 .text.LPI2C_DRV_SlaveHandleTransmitDataEvent
                0x00007bc8       0x7a ./SDK/platform/drivers/src/lpi2c/lpi2c_driver.o
 .text.LPI2C_DRV_SlaveHandleReceiveDataEvent
                0x00007c42       0x6a ./SDK/platform/drivers/src/lpi2c/lpi2c_driver.o
 .text.LPI2C_DRV_MasterInit
                0x00007cac      0x104 ./SDK/platform/drivers/src/lpi2c/lpi2c_driver.o
                0x00007cac                LPI2C_DRV_MasterInit
 .text.LPI2C_DRV_MasterSetBaudRate
                0x00007db0      0x16c ./SDK/platform/drivers/src/lpi2c/lpi2c_driver.o
                0x00007db0                LPI2C_DRV_MasterSetBaudRate
 .text.LPI2C_DRV_MasterSetSlaveAddr
                0x00007f1c       0x38 ./SDK/platform/drivers/src/lpi2c/lpi2c_driver.o
                0x00007f1c                LPI2C_DRV_MasterSetSlaveAddr
 .text.LPI2C_DRV_MasterSendData
                0x00007f54       0xac ./SDK/platform/drivers/src/lpi2c/lpi2c_driver.o
                0x00007f54                LPI2C_DRV_MasterSendData
 .text.LPI2C_DRV_MasterSendDataBlocking
                0x00008000       0x64 ./SDK/platform/drivers/src/lpi2c/lpi2c_driver.o
                0x00008000                LPI2C_DRV_MasterSendDataBlocking
 .text.LPI2C_DRV_MasterIRQHandler
                0x00008064      0x16c ./SDK/platform/drivers/src/lpi2c/lpi2c_driver.o
                0x00008064                LPI2C_DRV_MasterIRQHandler
 .text.LPI2C_DRV_SlaveEndTransferHandler
                0x000081d0       0x62 ./SDK/platform/drivers/src/lpi2c/lpi2c_driver.o
 *fill*         0x00008232        0x2 
 .text.LPI2C_DRV_SlaveIRQHandler
                0x00008234      0x12c ./SDK/platform/drivers/src/lpi2c/lpi2c_driver.o
                0x00008234                LPI2C_DRV_SlaveIRQHandler
 .text.LPI2C_Set_MasterSoftwareReset
                0x00008360       0x3a ./SDK/platform/drivers/src/lpi2c/lpi2c_hw_access.o
 .text.LPI2C_Set_SlaveSoftwareReset
                0x0000839a       0x3e ./SDK/platform/drivers/src/lpi2c/lpi2c_hw_access.o
 .text.LPI2C_Init
                0x000083d8       0x2e ./SDK/platform/drivers/src/lpi2c/lpi2c_hw_access.o
                0x000083d8                LPI2C_Init
 .text.LPI2C0_Master_IRQHandler
                0x00008406        0xe ./SDK/platform/drivers/src/lpi2c/lpi2c_irq.o
                0x00008406                LPI2C0_Master_IRQHandler
 .text.LPI2C0_Slave_IRQHandler
                0x00008414        0xe ./SDK/platform/drivers/src/lpi2c/lpi2c_irq.o
                0x00008414                LPI2C0_Slave_IRQHandler
 .text.LPUART_SetTransmitterCmd
                0x00008422       0x50 ./SDK/platform/drivers/src/lpuart/lpuart_driver.o
 .text.LPUART_SetReceiverCmd
                0x00008472       0x50 ./SDK/platform/drivers/src/lpuart/lpuart_driver.o
 .text.LPUART_SetBaudRateDivisor
                0x000084c2       0x3a ./SDK/platform/drivers/src/lpuart/lpuart_driver.o
 .text.LPUART_SetOversamplingRatio
                0x000084fc       0x38 ./SDK/platform/drivers/src/lpuart/lpuart_driver.o
 .text.LPUART_EnableBothEdgeSamplingCmd
                0x00008534       0x20 ./SDK/platform/drivers/src/lpuart/lpuart_driver.o
 .text.LPUART_SetStopBitCount
                0x00008554       0x2a ./SDK/platform/drivers/src/lpuart/lpuart_driver.o
 .text.LPUART_SetTxDmaCmd
                0x0000857e       0x34 ./SDK/platform/drivers/src/lpuart/lpuart_driver.o
 .text.LPUART_SetRxDmaCmd
                0x000085b2       0x34 ./SDK/platform/drivers/src/lpuart/lpuart_driver.o
 .text.LPUART_Putchar
                0x000085e6       0x24 ./SDK/platform/drivers/src/lpuart/lpuart_driver.o
 .text.LPUART_Getchar
                0x0000860a       0x20 ./SDK/platform/drivers/src/lpuart/lpuart_driver.o
 .text.LPUART_DRV_ClearErrorFlags
                0x0000862a       0x2e ./SDK/platform/drivers/src/lpuart/lpuart_driver.o
 .text.LPUART_DRV_Init
                0x00008658      0x154 ./SDK/platform/drivers/src/lpuart/lpuart_driver.o
                0x00008658                LPUART_DRV_Init
 .text.LPUART_DRV_SendData
                0x000087ac       0x58 ./SDK/platform/drivers/src/lpuart/lpuart_driver.o
                0x000087ac                LPUART_DRV_SendData
 .text.LPUART_DRV_GetTransmitStatus
                0x00008804       0x64 ./SDK/platform/drivers/src/lpuart/lpuart_driver.o
                0x00008804                LPUART_DRV_GetTransmitStatus
 .text.LPUART_DRV_SetBaudRate
                0x00008868      0x150 ./SDK/platform/drivers/src/lpuart/lpuart_driver.o
                0x00008868                LPUART_DRV_SetBaudRate
 .text.LPUART_DRV_IRQHandler
                0x000089b8       0xa4 ./SDK/platform/drivers/src/lpuart/lpuart_driver.o
                0x000089b8                LPUART_DRV_IRQHandler
 .text.LPUART_DRV_RxIrqHandler
                0x00008a5c       0x98 ./SDK/platform/drivers/src/lpuart/lpuart_driver.o
 .text.LPUART_DRV_TxEmptyIrqHandler
                0x00008af4       0xb0 ./SDK/platform/drivers/src/lpuart/lpuart_driver.o
 .text.LPUART_DRV_TxCompleteIrqHandler
                0x00008ba4       0x54 ./SDK/platform/drivers/src/lpuart/lpuart_driver.o
 .text.LPUART_DRV_ErrIrqHandler
                0x00008bf8      0x178 ./SDK/platform/drivers/src/lpuart/lpuart_driver.o
 .text.LPUART_DRV_StartSendDataUsingInt
                0x00008d70       0x70 ./SDK/platform/drivers/src/lpuart/lpuart_driver.o
 .text.LPUART_DRV_StartSendDataUsingDma
                0x00008de0       0xb0 ./SDK/platform/drivers/src/lpuart/lpuart_driver.o
 .text.LPUART_DRV_CompleteSendDataUsingInt
                0x00008e90       0x7c ./SDK/platform/drivers/src/lpuart/lpuart_driver.o
 .text.LPUART_DRV_TxDmaCallback
                0x00008f0c       0xc4 ./SDK/platform/drivers/src/lpuart/lpuart_driver.o
 .text.LPUART_DRV_CompleteReceiveDataUsingInt
                0x00008fd0       0x88 ./SDK/platform/drivers/src/lpuart/lpuart_driver.o
 .text.LPUART_DRV_PutData
                0x00009058       0xa0 ./SDK/platform/drivers/src/lpuart/lpuart_driver.o
 .text.LPUART_DRV_GetData
                0x000090f8       0x9c ./SDK/platform/drivers/src/lpuart/lpuart_driver.o
 .text.LPUART_DRV_StopTxDma
                0x00009194       0x80 ./SDK/platform/drivers/src/lpuart/lpuart_driver.o
 .text.LPUART_DRV_StopRxDma
                0x00009214       0x8c ./SDK/platform/drivers/src/lpuart/lpuart_driver.o
 .text.LPUART_Init
                0x000092a0       0x48 ./SDK/platform/drivers/src/lpuart/lpuart_hw_access.o
                0x000092a0                LPUART_Init
 .text.LPUART_SetBitCountPerChar
                0x000092e8       0x5e ./SDK/platform/drivers/src/lpuart/lpuart_hw_access.o
                0x000092e8                LPUART_SetBitCountPerChar
 .text.LPUART_SetParityMode
                0x00009346       0x42 ./SDK/platform/drivers/src/lpuart/lpuart_hw_access.o
                0x00009346                LPUART_SetParityMode
 .text.LPUART_Putchar9
                0x00009388       0x46 ./SDK/platform/drivers/src/lpuart/lpuart_hw_access.o
                0x00009388                LPUART_Putchar9
 .text.LPUART_Putchar10
                0x000093ce       0x6a ./SDK/platform/drivers/src/lpuart/lpuart_hw_access.o
                0x000093ce                LPUART_Putchar10
 .text.LPUART_Getchar9
                0x00009438       0x40 ./SDK/platform/drivers/src/lpuart/lpuart_hw_access.o
                0x00009438                LPUART_Getchar9
 .text.LPUART_Getchar10
                0x00009478       0x5e ./SDK/platform/drivers/src/lpuart/lpuart_hw_access.o
                0x00009478                LPUART_Getchar10
 *fill*         0x000094d6        0x2 
 .text.LPUART_SetIntMode
                0x000094d8      0x100 ./SDK/platform/drivers/src/lpuart/lpuart_hw_access.o
                0x000094d8                LPUART_SetIntMode
 .text.LPUART_GetIntMode
                0x000095d8       0xb8 ./SDK/platform/drivers/src/lpuart/lpuart_hw_access.o
                0x000095d8                LPUART_GetIntMode
 .text.LPUART_GetStatusFlag
                0x00009690       0xb4 ./SDK/platform/drivers/src/lpuart/lpuart_hw_access.o
                0x00009690                LPUART_GetStatusFlag
 .text.LPUART_SetErrorInterrupts
                0x00009744       0x54 ./SDK/platform/drivers/src/lpuart/lpuart_hw_access.o
                0x00009744                LPUART_SetErrorInterrupts
 .text.LPUART0_IrqHandler
                0x00009798        0xe ./SDK/platform/drivers/src/lpuart/lpuart_irq.o
                0x00009798                LPUART0_IrqHandler
 .text.LPUART1_IrqHandler
                0x000097a6        0xe ./SDK/platform/drivers/src/lpuart/lpuart_irq.o
                0x000097a6                LPUART1_IrqHandler
 .text.LPUART2_IrqHandler
                0x000097b4        0xe ./SDK/platform/drivers/src/lpuart/lpuart_irq.o
                0x000097b4                LPUART2_IrqHandler
 .text.PINS_DRV_Init
                0x000097c2       0x3e ./SDK/platform/drivers/src/pins/pins_driver.o
                0x000097c2                PINS_DRV_Init
 .text.PINS_GPIO_WritePin
                0x00009800       0x44 ./SDK/platform/drivers/src/pins/pins_port_hw_access.o
 .text.PINS_GetAdcInterleaveVal
                0x00009844       0xe4 ./SDK/platform/drivers/src/pins/pins_port_hw_access.o
 .text.PINS_Init
                0x00009928      0x1ec ./SDK/platform/drivers/src/pins/pins_port_hw_access.o
                0x00009928                PINS_Init
 .text.CAN_AllocateState
                0x00009b14       0x60 ./SDK/platform/pal/src/can/can_pal.o
 .text.CAN_FindFlexCANState
                0x00009b74       0x48 ./SDK/platform/pal/src/can/can_pal.o
 .text.CAN_GetVirtualBuffIdx
                0x00009bbc       0x1e ./SDK/platform/pal/src/can/can_pal.o
 *fill*         0x00009bda        0x2 
 .text.CAN_InternalCallback
                0x00009bdc       0xa8 ./SDK/platform/pal/src/can/can_pal.o
 .text.CAN_Init
                0x00009c84      0x16c ./SDK/platform/pal/src/can/can_pal.o
                0x00009c84                CAN_Init
 .text.CAN_ConfigTxBuff
                0x00009df0       0xa4 ./SDK/platform/pal/src/can/can_pal.o
                0x00009df0                CAN_ConfigTxBuff
 .text.CAN_ConfigRxBuff
                0x00009e94       0xb4 ./SDK/platform/pal/src/can/can_pal.o
                0x00009e94                CAN_ConfigRxBuff
 .text.CAN_Send
                0x00009f48       0xe0 ./SDK/platform/pal/src/can/can_pal.o
                0x00009f48                CAN_Send
 .text.CAN_Receive
                0x0000a028       0x94 ./SDK/platform/pal/src/can/can_pal.o
                0x0000a028                CAN_Receive
 .text.CAN_SetRxFilter
                0x0000a0bc       0x58 ./SDK/platform/pal/src/can/can_pal.o
                0x0000a0bc                CAN_SetRxFilter
 .text.CAN_GetTransferStatus
                0x0000a114       0x74 ./SDK/platform/pal/src/can/can_pal.o
                0x0000a114                CAN_GetTransferStatus
 .text.CAN_InstallEventCallback
                0x0000a188       0x70 ./SDK/platform/pal/src/can/can_pal.o
                0x0000a188                CAN_InstallEventCallback
 .text.I2CAllocateState
                0x0000a1f8       0x5c ./SDK/platform/pal/src/i2c/i2c_pal.o
 .text.I2C_MasterInit
                0x0000a254       0xb8 ./SDK/platform/pal/src/i2c/i2c_pal.o
                0x0000a254                I2C_MasterInit
 .text.I2C_MasterSendDataBlocking
                0x0000a30c       0x3c ./SDK/platform/pal/src/i2c/i2c_pal.o
                0x0000a30c                I2C_MasterSendDataBlocking
 .text.osif_Tick
                0x0000a348       0x1c ./SDK/rtos/osif/osif_baremetal.o
 .text.osif_GetCurrentTickCount
                0x0000a364       0x18 ./SDK/rtos/osif/osif_baremetal.o
 .text.SysTick_Handler
                0x0000a37c        0xc ./SDK/rtos/osif/osif_baremetal.o
                0x0000a37c                SysTick_Handler
 .text.osif_UpdateTickConfig
                0x0000a388       0x54 ./SDK/rtos/osif/osif_baremetal.o
 .text.osif_DisableIrqGlobal
                0x0000a3dc        0xc ./SDK/rtos/osif/osif_baremetal.o
 .text.osif_EnableIrqGlobal
                0x0000a3e8        0xc ./SDK/rtos/osif/osif_baremetal.o
 .text.OSIF_SemaWait
                0x0000a3f4       0xa8 ./SDK/rtos/osif/osif_baremetal.o
                0x0000a3f4                OSIF_SemaWait
 .text.OSIF_SemaPost
                0x0000a49c       0x3c ./SDK/rtos/osif/osif_baremetal.o
                0x0000a49c                OSIF_SemaPost
 .text.OSIF_SemaCreate
                0x0000a4d8       0x24 ./SDK/rtos/osif/osif_baremetal.o
                0x0000a4d8                OSIF_SemaCreate
 .text.OSIF_SemaDestroy
                0x0000a4fc       0x16 ./SDK/rtos/osif/osif_baremetal.o
                0x0000a4fc                OSIF_SemaDestroy
 *fill*         0x0000a512        0x2 
 .text.CAN0_Init
                0x0000a514       0x60 ./Sources/can.o
                0x0000a514                CAN0_Init
 .text.CAN1_Init
                0x0000a574       0x60 ./Sources/can.o
                0x0000a574                CAN1_Init
 .text.CAN0_CallBack_Function
                0x0000a5d4       0x4c ./Sources/can.o
                0x0000a5d4                CAN0_CallBack_Function
 .text.CAN1_CallBack_Function
                0x0000a620       0x4c ./Sources/can.o
                0x0000a620                CAN1_CallBack_Function
 .text.Send_CANMsg
                0x0000a66c       0x4c ./Sources/can.o
                0x0000a66c                Send_CANMsg
 .text.SysTick_Init
                0x0000a6b8       0x28 ./Sources/delay.o
                0x0000a6b8                SysTick_Init
 .text.SysTick_Enable
                0x0000a6e0       0x18 ./Sources/delay.o
                0x0000a6e0                SysTick_Enable
 .text.delay_us
                0x0000a6f8       0x7c ./Sources/delay.o
                0x0000a6f8                delay_us
 .text.delay_ms
                0x0000a774       0x2c ./Sources/delay.o
                0x0000a774                delay_ms
 .text.delay_init
                0x0000a7a0       0x3c ./Sources/delay.o
                0x0000a7a0                delay_init
 .text.main     0x0000a7dc      0x104 ./Sources/main.o
                0x0000a7dc                main
 .text.I2c_Send_Byte
                0x0000a8e0       0x38 ./Sources/oled.o
                0x0000a8e0                I2c_Send_Byte
 .text.OLED_WrDat
                0x0000a918       0x1c ./Sources/oled.o
                0x0000a918                OLED_WrDat
 .text.OLED_WrCmd
                0x0000a934       0x1c ./Sources/oled.o
                0x0000a934                OLED_WrCmd
 .text.OLED_Set_Pos
                0x0000a950       0x4e ./Sources/oled.o
                0x0000a950                OLED_Set_Pos
 .text.OLED_Fill
                0x0000a99e       0x58 ./Sources/oled.o
                0x0000a99e                OLED_Fill
 *fill*         0x0000a9f6        0x2 
 .text.OLED_ShowCHinese
                0x0000a9f8       0xfc ./Sources/oled.o
                0x0000a9f8                OLED_ShowCHinese
 .text.OLED_ShowChar
                0x0000aaf4      0x178 ./Sources/oled.o
                0x0000aaf4                OLED_ShowChar
 .text.OLED_ShowString
                0x0000ac6c       0x66 ./Sources/oled.o
                0x0000ac6c                OLED_ShowString
 .text.OLED_ShowStringCHN
                0x0000acd2       0x52 ./Sources/oled.o
                0x0000acd2                OLED_ShowStringCHN
 .text.OLED_TITLE
                0x0000ad24       0x4c ./Sources/oled.o
                0x0000ad24                OLED_TITLE
 .text.oled_init
                0x0000ad70       0xca ./Sources/oled.o
                0x0000ad70                oled_init
 .text.Filter_Rule_Init
                0x0000ae3a       0x78 ./Sources/routed_protocol.o
                0x0000ae3a                Filter_Rule_Init
 *fill*         0x0000aeb2        0x2 
 .text.u1_printf
                0x0000aeb4       0x50 ./Sources/uart.o
                0x0000aeb4                u1_printf
 .text._vsprintf_r
                0x0000af04       0x30 C:/NXP/S32DS_ARM_v2.2/S32DS/build_tools/gcc_v6.3/gcc-6.3-arm32-eabi/arm-none-eabi/newlib/lib/thumb/v7e-m/fpv4-sp/hard\libc_nano.a(lib_a-vsprintf.o)
                0x0000af04                _vsprintf_r
                0x0000af04                _vsiprintf_r
 .text.vsprintf
                0x0000af34       0x14 C:/NXP/S32DS_ARM_v2.2/S32DS/build_tools/gcc_v6.3/gcc-6.3-arm32-eabi/arm-none-eabi/newlib/lib/thumb/v7e-m/fpv4-sp/hard\libc_nano.a(lib_a-vsprintf.o)
                0x0000af34                vsiprintf
                0x0000af34                vsprintf
 .text.__ssputs_r
                0x0000af48       0xb6 C:/NXP/S32DS_ARM_v2.2/S32DS/build_tools/gcc_v6.3/gcc-6.3-arm32-eabi/arm-none-eabi/newlib/lib/thumb/v7e-m/fpv4-sp/hard\libc_nano.a(lib_a-nano-svfprintf.o)
                0x0000af48                __ssputs_r
 *fill*         0x0000affe        0x2 
 .text._svfprintf_r
                0x0000b000      0x1e8 C:/NXP/S32DS_ARM_v2.2/S32DS/build_tools/gcc_v6.3/gcc-6.3-arm32-eabi/arm-none-eabi/newlib/lib/thumb/v7e-m/fpv4-sp/hard\libc_nano.a(lib_a-nano-svfprintf.o)
                0x0000b000                _svfiprintf_r
                0x0000b000                _svfprintf_r
 .text._printf_common
                0x0000b1e8       0xec C:/NXP/S32DS_ARM_v2.2/S32DS/build_tools/gcc_v6.3/gcc-6.3-arm32-eabi/arm-none-eabi/newlib/lib/thumb/v7e-m/fpv4-sp/hard\libc_nano.a(lib_a-nano-vfprintf_i.o)
                0x0000b1e8                _printf_common
 .text._printf_i
                0x0000b2d4      0x240 C:/NXP/S32DS_ARM_v2.2/S32DS/build_tools/gcc_v6.3/gcc-6.3-arm32-eabi/arm-none-eabi/newlib/lib/thumb/v7e-m/fpv4-sp/hard\libc_nano.a(lib_a-nano-vfprintf_i.o)
                0x0000b2d4                _printf_i
 .text.memcpy   0x0000b514       0x16 C:/NXP/S32DS_ARM_v2.2/S32DS/build_tools/gcc_v6.3/gcc-6.3-arm32-eabi/arm-none-eabi/newlib/lib/thumb/v7e-m/fpv4-sp/hard\libc_nano.a(lib_a-memcpy-stub.o)
                0x0000b514                memcpy
 .text.memmove  0x0000b52a       0x34 C:/NXP/S32DS_ARM_v2.2/S32DS/build_tools/gcc_v6.3/gcc-6.3-arm32-eabi/arm-none-eabi/newlib/lib/thumb/v7e-m/fpv4-sp/hard\libc_nano.a(lib_a-memmove.o)
                0x0000b52a                memmove
 *fill*         0x0000b55e        0x2 
 .text._free_r  0x0000b560       0x9c C:/NXP/S32DS_ARM_v2.2/S32DS/build_tools/gcc_v6.3/gcc-6.3-arm32-eabi/arm-none-eabi/newlib/lib/thumb/v7e-m/fpv4-sp/hard\libc_nano.a(lib_a-nano-freer.o)
                0x0000b560                _free_r
 .text._malloc_r
                0x0000b5fc       0xbc C:/NXP/S32DS_ARM_v2.2/S32DS/build_tools/gcc_v6.3/gcc-6.3-arm32-eabi/arm-none-eabi/newlib/lib/thumb/v7e-m/fpv4-sp/hard\libc_nano.a(lib_a-nano-mallocr.o)
                0x0000b5fc                _malloc_r
 .text._realloc_r
                0x0000b6b8       0x4c C:/NXP/S32DS_ARM_v2.2/S32DS/build_tools/gcc_v6.3/gcc-6.3-arm32-eabi/arm-none-eabi/newlib/lib/thumb/v7e-m/fpv4-sp/hard\libc_nano.a(lib_a-nano-reallocr.o)
                0x0000b6b8                _realloc_r
 .text._sbrk_r  0x0000b704       0x20 C:/NXP/S32DS_ARM_v2.2/S32DS/build_tools/gcc_v6.3/gcc-6.3-arm32-eabi/arm-none-eabi/newlib/lib/thumb/v7e-m/fpv4-sp/hard\libc_nano.a(lib_a-sbrkr.o)
                0x0000b704                _sbrk_r
 .text.__malloc_lock
                0x0000b724        0x2 C:/NXP/S32DS_ARM_v2.2/S32DS/build_tools/gcc_v6.3/gcc-6.3-arm32-eabi/arm-none-eabi/newlib/lib/thumb/v7e-m/fpv4-sp/hard\libc_nano.a(lib_a-mlock.o)
                0x0000b724                __malloc_lock
 .text.__malloc_unlock
                0x0000b726        0x2 C:/NXP/S32DS_ARM_v2.2/S32DS/build_tools/gcc_v6.3/gcc-6.3-arm32-eabi/arm-none-eabi/newlib/lib/thumb/v7e-m/fpv4-sp/hard\libc_nano.a(lib_a-mlock.o)
                0x0000b726                __malloc_unlock
 .text._malloc_usable_size_r
                0x0000b728       0x12 C:/NXP/S32DS_ARM_v2.2/S32DS/build_tools/gcc_v6.3/gcc-6.3-arm32-eabi/arm-none-eabi/newlib/lib/thumb/v7e-m/fpv4-sp/hard\libc_nano.a(lib_a-nano-msizer.o)
                0x0000b728                _malloc_usable_size_r
 *fill*         0x0000b73a        0x2 
 .text._sbrk    0x0000b73c       0x1c C:/NXP/S32DS_ARM_v2.2/S32DS/build_tools/gcc_v6.3/gcc-6.3-arm32-eabi/arm-none-eabi/newlib/lib/thumb/v7e-m/fpv4-sp/hard\libnosys.a(sbrk.o)
                0x0000b73c                _sbrk
 *(.rodata)
 .rodata        0x0000b758       0x33 ./Sources/main.o
 *fill*         0x0000b78b        0x1 
 .rodata        0x0000b78c        0x4 ./Sources/oled.o
 *(.rodata*)
 .rodata.can_pal0_instance
                0x0000b790        0x8 ./Generated_Code/can_pal0.o
                0x0000b790                can_pal0_instance
 .rodata.can_pal0_Config0
                0x0000b798       0x34 ./Generated_Code/can_pal0.o
                0x0000b798                can_pal0_Config0
 .rodata.can_pal1_instance
                0x0000b7cc        0x8 ./Generated_Code/can_pal1.o
                0x0000b7cc                can_pal1_instance
 .rodata.can_pal1_Config0
                0x0000b7d4       0x34 ./Generated_Code/can_pal1.o
                0x0000b7d4                can_pal1_Config0
 .rodata.i2c1_MasterConfig0
                0x0000b808       0x18 ./Generated_Code/i2c1.o
                0x0000b808                i2c1_MasterConfig0
 .rodata.lpuart1_InitConfig0
                0x0000b820        0xc ./Generated_Code/lpuart1.o
                0x0000b820                lpuart1_InitConfig0
 .rodata.clockNameMappings
                0x0000b82c       0x9e ./SDK/platform/drivers/src/clock/S32K1xx/clock_S32K1xx.o
                0x0000b82c                clockNameMappings
 *fill*         0x0000b8ca        0x2 
 .rodata.peripheralFeaturesList
                0x0000b8cc       0x4f ./SDK/platform/drivers/src/clock/S32K1xx/clock_S32K1xx.o
                0x0000b8cc                peripheralFeaturesList
 *fill*         0x0000b91b        0x1 
 .rodata.tmpSysClk.7552
                0x0000b91c        0xc ./SDK/platform/drivers/src/clock/S32K1xx/clock_S32K1xx.o
 .rodata.tmpSysClk.7559
                0x0000b928        0xc ./SDK/platform/drivers/src/clock/S32K1xx/clock_S32K1xx.o
 .rodata.maxSysClksInRUN.7597
                0x0000b934       0x54 ./SDK/platform/drivers/src/clock/S32K1xx/clock_S32K1xx.o
 .rodata.maxSysClksInVLPR.7596
                0x0000b988       0x54 ./SDK/platform/drivers/src/clock/S32K1xx/clock_S32K1xx.o
 .rodata.maxSysClksInHSRUN.7598
                0x0000b9dc       0x54 ./SDK/platform/drivers/src/clock/S32K1xx/clock_S32K1xx.o
 .rodata.fircFreq.7641
                0x0000ba30        0x4 ./SDK/platform/drivers/src/clock/S32K1xx/clock_S32K1xx.o
 .rodata.g_flexcanBase
                0x0000ba34        0xc ./SDK/platform/drivers/src/flexcan/flexcan_driver.o
 .rodata.g_flexcanWakeUpIrqId
                0x0000ba40        0x3 ./SDK/platform/drivers/src/flexcan/flexcan_driver.o
 *fill*         0x0000ba43        0x1 
 .rodata.g_flexcanErrorIrqId
                0x0000ba44        0x3 ./SDK/platform/drivers/src/flexcan/flexcan_driver.o
 *fill*         0x0000ba47        0x1 
 .rodata.g_flexcanBusOffIrqId
                0x0000ba48        0x3 ./SDK/platform/drivers/src/flexcan/flexcan_driver.o
 *fill*         0x0000ba4b        0x1 
 .rodata.g_flexcanOredMessageBufferIrqId
                0x0000ba4c        0x6 ./SDK/platform/drivers/src/flexcan/flexcan_driver.o
 *fill*         0x0000ba52        0x2 
 .rodata.payload_code.7344
                0x0000ba54       0x41 ./SDK/platform/drivers/src/flexcan/flexcan_hw_access.o
 *fill*         0x0000ba95        0x3 
 .rodata.flexcanBase.7363
                0x0000ba98        0xc ./SDK/platform/drivers/src/flexcan/flexcan_hw_access.o
 .rodata.maxMbNum.7364
                0x0000baa4        0xc ./SDK/platform/drivers/src/flexcan/flexcan_hw_access.o
 .rodata.g_lpi2cDMASrc
                0x0000bab0        0x2 ./SDK/platform/drivers/src/lpi2c/lpi2c_driver.o
 *fill*         0x0000bab2        0x2 
 .rodata.s_lpuartBase
                0x0000bab4        0xc ./SDK/platform/drivers/src/lpuart/lpuart_driver.o
 .rodata.s_lpuartRxTxIrqId
                0x0000bac0        0x3 ./SDK/platform/drivers/src/lpuart/lpuart_driver.o
 *fill*         0x0000bac3        0x1 
 .rodata.s_lpuartClkNames
                0x0000bac4        0x3 ./SDK/platform/drivers/src/lpuart/lpuart_driver.o
 *fill*         0x0000bac7        0x1 
 .rodata.F6x8   0x0000bac8      0x228 ./Sources/font.o
                0x0000bac8                F6x8
 .rodata.F8X16  0x0000bcf0      0x5f0 ./Sources/font.o
                0x0000bcf0                F8X16
 .rodata._svfprintf_r.str1.1
                0x0000c2e0       0x11 C:/NXP/S32DS_ARM_v2.2/S32DS/build_tools/gcc_v6.3/gcc-6.3-arm32-eabi/arm-none-eabi/newlib/lib/thumb/v7e-m/fpv4-sp/hard\libc_nano.a(lib_a-nano-svfprintf.o)
 .rodata._printf_i.str1.1
                0x0000c2f1       0x22 C:/NXP/S32DS_ARM_v2.2/S32DS/build_tools/gcc_v6.3/gcc-6.3-arm32-eabi/arm-none-eabi/newlib/lib/thumb/v7e-m/fpv4-sp/hard\libc_nano.a(lib_a-nano-vfprintf_i.o)
 *(.init)
 *fill*         0x0000c313        0x1 
 .init          0x0000c314        0x4 c:/nxp/s32ds_arm_v2.2/s32ds/build_tools/gcc_v6.3/gcc-6.3-arm32-eabi/bin/../lib/gcc/arm-none-eabi/6.3.1/thumb/v7e-m/fpv4-sp/hard/crti.o
                0x0000c314                _init
 *(.fini)
 .fini          0x0000c318        0x4 c:/nxp/s32ds_arm_v2.2/s32ds/build_tools/gcc_v6.3/gcc-6.3-arm32-eabi/bin/../lib/gcc/arm-none-eabi/6.3.1/thumb/v7e-m/fpv4-sp/hard/crti.o
                0x0000c318                _fini
 *(.eh_frame)
                0x0000c31c                . = ALIGN (0x4)

.glue_7         0x0000c31c        0x0
 .glue_7        0x0000c31c        0x0 linker stubs

.glue_7t        0x0000c31c        0x0
 .glue_7t       0x0000c31c        0x0 linker stubs

.vfp11_veneer   0x0000c31c        0x0
 .vfp11_veneer  0x0000c31c        0x0 linker stubs

.v4_bx          0x0000c31c        0x0
 .v4_bx         0x0000c31c        0x0 linker stubs

.iplt           0x0000c31c        0x0
 .iplt          0x0000c31c        0x0 c:/nxp/s32ds_arm_v2.2/s32ds/build_tools/gcc_v6.3/gcc-6.3-arm32-eabi/bin/../lib/gcc/arm-none-eabi/6.3.1/thumb/v7e-m/fpv4-sp/hard/crtbegin.o

.rel.dyn        0x0000c31c        0x0
 .rel.iplt      0x0000c31c        0x0 c:/nxp/s32ds_arm_v2.2/s32ds/build_tools/gcc_v6.3/gcc-6.3-arm32-eabi/bin/../lib/gcc/arm-none-eabi/6.3.1/thumb/v7e-m/fpv4-sp/hard/crtbegin.o

.ARM            0x0000c31c        0x0
                0x0000c31c                __exidx_start = .
 *(.ARM.exidx*)
                0x0000c31c                __exidx_end = .
                0x0000c31c                __etext = .
                0x0000c31c                __DATA_ROM = .

.interrupts_ram
                0x1fff8000      0x400
                0x1fff8000                . = ALIGN (0x4)
                0x1fff8000                __VECTOR_RAM__ = .
                0x1fff8000                __RAM_START = .
                0x1fff8000                __interrupts_ram_start__ = .
 *(.m_interrupts_ram)
                0x1fff8400                . = (. + M_VECTOR_RAM_SIZE)
 *fill*         0x1fff8000      0x400 
                0x1fff8400                . = ALIGN (0x4)
                0x1fff8400                __interrupts_ram_end__ = .
                0x1fff8000                __VECTOR_RAM = DEFINED (__flash_vector_table__)?ORIGIN (m_interrupts):__VECTOR_RAM__
                0x00000400                __RAM_VECTOR_TABLE_SIZE = DEFINED (__flash_vector_table__)?0x0:(__interrupts_ram_end__ - __interrupts_ram_start__)

.data           0x1fff8400      0x61c load address 0x0000c31c
                0x1fff8400                . = ALIGN (0x4)
                0x1fff8400                __DATA_RAM = .
                0x1fff8400                __data_start__ = .
 *(.data)
 *(.data*)
 .data.peripheralClockConfig0
                0x1fff8400       0x5f ./Generated_Code/clockMan1.o
                0x1fff8400                peripheralClockConfig0
 *fill*         0x1fff845f        0x1 
 .data.clockMan1_InitConfig0
                0x1fff8460       0x78 ./Generated_Code/clockMan1.o
                0x1fff8460                clockMan1_InitConfig0
 .data.g_clockManConfigsArr
                0x1fff84d8        0x4 ./Generated_Code/clockMan1.o
                0x1fff84d8                g_clockManConfigsArr
 .data.g_pin_mux_InitConfigArr
                0x1fff84dc      0x168 ./Generated_Code/pin_mux.o
                0x1fff84dc                g_pin_mux_InitConfigArr
 .data.peripheralClockConfig.7360
                0x1fff8644       0xa0 ./SDK/platform/drivers/src/clock/S32K1xx/clock_S32K1xx.o
 .data.g_lpuartIsr
                0x1fff86e4        0xc ./SDK/platform/drivers/src/lpuart/lpuart_irq.o
                0x1fff86e4                g_lpuartIsr
 .data.Rx_buffCfg
                0x1fff86f0        0x5 ./Sources/can.o
                0x1fff86f0                Rx_buffCfg
 *fill*         0x1fff86f5        0x3 
 .data.Hzk      0x1fff86f8      0x2c0 ./Sources/font.o
                0x1fff86f8                Hzk
 .data._impure_ptr
                0x1fff89b8        0x4 C:/NXP/S32DS_ARM_v2.2/S32DS/build_tools/gcc_v6.3/gcc-6.3-arm32-eabi/arm-none-eabi/newlib/lib/thumb/v7e-m/fpv4-sp/hard\libc_nano.a(lib_a-impure.o)
                0x1fff89b8                _impure_ptr
 .data.impure_data
                0x1fff89bc       0x60 C:/NXP/S32DS_ARM_v2.2/S32DS/build_tools/gcc_v6.3/gcc-6.3-arm32-eabi/arm-none-eabi/newlib/lib/thumb/v7e-m/fpv4-sp/hard\libc_nano.a(lib_a-impure.o)
                0x1fff8a1c                . = ALIGN (0x4)
                0x1fff8a1c                __data_end__ = .
                0x0000c938                __DATA_END = (__DATA_ROM + (__data_end__ - __data_start__))
                0x0000c938                __CODE_ROM = __DATA_END

.igot.plt       0x1fff8a1c        0x0 load address 0x0000c938
 .igot.plt      0x1fff8a1c        0x0 c:/nxp/s32ds_arm_v2.2/s32ds/build_tools/gcc_v6.3/gcc-6.3-arm32-eabi/bin/../lib/gcc/arm-none-eabi/6.3.1/thumb/v7e-m/fpv4-sp/hard/crtbegin.o

.code           0x1fff8a1c        0x0 load address 0x0000c938
                0x1fff8a1c                . = ALIGN (0x4)
                0x1fff8a1c                __CODE_RAM = .
                0x1fff8a1c                __code_start__ = .
                0x1fff8a1c                __code_ram_start__ = .
 *(.code_ram)
                0x1fff8a1c                . = ALIGN (0x4)
                0x1fff8a1c                __code_end__ = .
                0x1fff8a1c                __code_ram_end__ = .
                0x0000c938                __CODE_END = (__CODE_ROM + (__code_end__ - __code_start__))
                0x0000c938                __CUSTOM_ROM = __CODE_END

.customSectionBlock
                0x20000000        0x0 load address 0x0000c938
                0x20000000                __customSection_start__ = .
 *(.customSection)
                0x20000000                __customSection_end__ = .
                0x0000c938                __CUSTOM_END = (__CUSTOM_ROM + (__customSection_end__ - __customSection_start__))

.bss            0x20000000      0x5e0
                0x20000000                . = ALIGN (0x4)
                0x20000000                __BSS_START = .
                0x20000000                __bss_start__ = .
 *(.bss)
 *(.bss*)
 .bss.g_clockManCallbacksArr
                0x20000000        0x4 ./Generated_Code/clockMan1.o
                0x20000000                g_clockManCallbacksArr
 .bss.i2c1_instance
                0x20000004        0x8 ./Generated_Code/i2c1.o
                0x20000004                i2c1_instance
 .bss.lpuart1_State
                0x2000000c       0x34 ./Generated_Code/lpuart1.o
                0x2000000c                lpuart1_State
 .bss.g_clockState
                0x20000040       0x10 ./SDK/platform/drivers/src/clock/S32K1xx/clock_S32K1xx.o
 .bss.g_TClkFreq
                0x20000050        0xc ./SDK/platform/drivers/src/clock/S32K1xx/clock_S32K1xx.o
                0x20000050                g_TClkFreq
 .bss.g_RtcClkInFreq
                0x2000005c        0x4 ./SDK/platform/drivers/src/clock/S32K1xx/clock_S32K1xx.o
                0x2000005c                g_RtcClkInFreq
 .bss.g_xtal0ClkFreq
                0x20000060        0x4 ./SDK/platform/drivers/src/clock/S32K1xx/clock_S32K1xx.o
                0x20000060                g_xtal0ClkFreq
 .bss.s_virtEdmaState
                0x20000064        0x4 ./SDK/platform/drivers/src/edma/edma_driver.o
 .bss.g_flexcanStatePtr
                0x20000068        0xc ./SDK/platform/drivers/src/flexcan/flexcan_driver.o
 .bss.g_interruptDisableCount
                0x20000074        0x4 ./SDK/platform/drivers/src/interrupt/interrupt_manager.o
 .bss.g_lpi2cMasterStatePtr
                0x20000078        0x4 ./SDK/platform/drivers/src/lpi2c/lpi2c_driver.o
 .bss.g_lpi2cSlaveStatePtr
                0x2000007c        0x4 ./SDK/platform/drivers/src/lpi2c/lpi2c_driver.o
 .bss.s_lpuartStatePtr
                0x20000080        0xc ./SDK/platform/drivers/src/lpuart/lpuart_driver.o
 .bss.s_flexcanState
                0x2000008c      0x228 ./SDK/platform/pal/src/can/can_pal.o
 .bss.s_flexcanStateInstanceMapping
                0x200002b4        0x8 ./SDK/platform/pal/src/can/can_pal.o
 .bss.s_flexcanStateIsAllocated
                0x200002bc        0x2 ./SDK/platform/pal/src/can/can_pal.o
 *fill*         0x200002be        0x2 
 .bss.s_hwObjConfigs
                0x200002c0      0x100 ./SDK/platform/pal/src/can/can_pal.o
 .bss.s_flexcanRxFifoState
                0x200003c0        0x4 ./SDK/platform/pal/src/can/can_pal.o
 .bss.userCallbacks
                0x200003c4        0x8 ./SDK/platform/pal/src/can/can_pal.o
 .bss.Lpi2cMasterState
                0x200003cc       0x3c ./SDK/platform/pal/src/i2c/i2c_pal.o
 .bss.Lpi2cStateInstanceMapping
                0x20000408        0x4 ./SDK/platform/pal/src/i2c/i2c_pal.o
 .bss.Lpi2cStateIsAllocated
                0x2000040c        0x1 ./SDK/platform/pal/src/i2c/i2c_pal.o
 *fill*         0x2000040d        0x3 
 .bss.s_osif_tick_cnt
                0x20000410        0x4 ./SDK/rtos/osif/osif_baremetal.o
 .bss.Tx_buffCfg
                0x20000414        0x5 ./Sources/can.o
                0x20000414                Tx_buffCfg
 *fill*         0x20000419        0x3 
 .bss.recvMsg_CAN0
                0x2000041c       0x4c ./Sources/can.o
                0x2000041c                recvMsg_CAN0
 .bss.recvMsg_CAN1
                0x20000468       0x4c ./Sources/can.o
                0x20000468                recvMsg_CAN1
 .bss.sendMsg_CAN0
                0x200004b4       0x4c ./Sources/can.o
                0x200004b4                sendMsg_CAN0
 .bss.IRQ_CAN0_RX
                0x20000500        0x1 ./Sources/can.o
                0x20000500                IRQ_CAN0_RX
 .bss.IRQ_CAN0_TX
                0x20000501        0x1 ./Sources/can.o
                0x20000501                IRQ_CAN0_TX
 .bss.IRQ_CAN1_RX
                0x20000502        0x1 ./Sources/can.o
                0x20000502                IRQ_CAN1_RX
 .bss.IRQ_CAN1_TX
                0x20000503        0x1 ./Sources/can.o
                0x20000503                IRQ_CAN1_TX
 .bss.fac_us    0x20000504        0x4 ./Sources/delay.o
 .bss.USART1_TX_BUF
                0x20000508       0xc8 ./Sources/uart.o
                0x20000508                USART1_TX_BUF
 .bss.__malloc_free_list