Archive member included to satisfy reference by file (symbol)

c:/nxp/s32ds_arm_v2.2/s32ds/build_tools/gcc_v6.3/gcc-6.3-arm32-eabi/bin/../lib/gcc/arm-none-eabi/6.3.1/thumb/v7e-m/fpv4-sp/hard\libgcc.a(_arm_addsubdf3.o)
                              ./Sources/cJSON.o (__aeabi_dsub)
c:/nxp/s32ds_arm_v2.2/s32ds/build_tools/gcc_v6.3/gcc-6.3-arm32-eabi/bin/../lib/gcc/arm-none-eabi/6.3.1/thumb/v7e-m/fpv4-sp/hard\libgcc.a(_arm_muldivdf3.o)
                              ./Sources/cJSON.o (__aeabi_dmul)
c:/nxp/s32ds_arm_v2.2/s32ds/build_tools/gcc_v6.3/gcc-6.3-arm32-eabi/bin/../lib/gcc/arm-none-eabi/6.3.1/thumb/v7e-m/fpv4-sp/hard\libgcc.a(_arm_cmpdf2.o)
                              ./Sources/cJSON.o (__aeabi_dcmpeq)
c:/nxp/s32ds_arm_v2.2/s32ds/build_tools/gcc_v6.3/gcc-6.3-arm32-eabi/bin/../lib/gcc/arm-none-eabi/6.3.1/thumb/v7e-m/fpv4-sp/hard\libgcc.a(_arm_unorddf2.o)
                              ./Sources/cJSON.o (__aeabi_dcmpun)
c:/nxp/s32ds_arm_v2.2/s32ds/build_tools/gcc_v6.3/gcc-6.3-arm32-eabi/bin/../lib/gcc/arm-none-eabi/6.3.1/thumb/v7e-m/fpv4-sp/hard\libgcc.a(_arm_fixdfsi.o)
                              ./Sources/cJSON.o (__aeabi_d2iz)
C:/NXP/S32DS_ARM_v2.2/S32DS/build_tools/gcc_v6.3/gcc-6.3-arm32-eabi/arm-none-eabi/newlib/lib/thumb/v7e-m/fpv4-sp/hard\libc_nano.a(lib_a-exit.o)
                              C:/NXP/S32DS_ARM_v2.2/S32DS/build_tools/gcc_v6.3/gcc-6.3-arm32-eabi/arm-none-eabi/newlib/lib/thumb/v7e-m/fpv4-sp/hard/crt0.o (exit)
C:/NXP/S32DS_ARM_v2.2/S32DS/build_tools/gcc_v6.3/gcc-6.3-arm32-eabi/arm-none-eabi/newlib/lib/thumb/v7e-m/fpv4-sp/hard\libc_nano.a(lib_a-impure.o)
                              C:/NXP/S32DS_ARM_v2.2/S32DS/build_tools/gcc_v6.3/gcc-6.3-arm32-eabi/arm-none-eabi/newlib/lib/thumb/v7e-m/fpv4-sp/hard\libc_nano.a(lib_a-exit.o) (_global_impure_ptr)
C:/NXP/S32DS_ARM_v2.2/S32DS/build_tools/gcc_v6.3/gcc-6.3-arm32-eabi/arm-none-eabi/newlib/lib/thumb/v7e-m/fpv4-sp/hard\libc_nano.a(lib_a-init.o)
                              C:/NXP/S32DS_ARM_v2.2/S32DS/build_tools/gcc_v6.3/gcc-6.3-arm32-eabi/arm-none-eabi/newlib/lib/thumb/v7e-m/fpv4-sp/hard/crt0.o (__libc_init_array)
C:/NXP/S32DS_ARM_v2.2/S32DS/build_tools/gcc_v6.3/gcc-6.3-arm32-eabi/arm-none-eabi/newlib/lib/thumb/v7e-m/fpv4-sp/hard\libc_nano.a(lib_a-itoa.o)
                              ./Sources/main.o (itoa)
C:/NXP/S32DS_ARM_v2.2/S32DS/build_tools/gcc_v6.3/gcc-6.3-arm32-eabi/arm-none-eabi/newlib/lib/thumb/v7e-m/fpv4-sp/hard\libc_nano.a(lib_a-locale.o)
                              ./Sources/cJSON.o (__locale_ctype_ptr)
C:/NXP/S32DS_ARM_v2.2/S32DS/build_tools/gcc_v6.3/gcc-6.3-arm32-eabi/arm-none-eabi/newlib/lib/thumb/v7e-m/fpv4-sp/hard\libc_nano.a(lib_a-malloc.o)
                              ./Sources/cJSON.o (malloc)
C:/NXP/S32DS_ARM_v2.2/S32DS/build_tools/gcc_v6.3/gcc-6.3-arm32-eabi/arm-none-eabi/newlib/lib/thumb/v7e-m/fpv4-sp/hard\libc_nano.a(lib_a-mbtowc_r.o)
                              C:/NXP/S32DS_ARM_v2.2/S32DS/build_tools/gcc_v6.3/gcc-6.3-arm32-eabi/arm-none-eabi/newlib/lib/thumb/v7e-m/fpv4-sp/hard\libc_nano.a(lib_a-locale.o) (__ascii_mbtowc)
C:/NXP/S32DS_ARM_v2.2/S32DS/build_tools/gcc_v6.3/gcc-6.3-arm32-eabi/arm-none-eabi/newlib/lib/thumb/v7e-m/fpv4-sp/hard\libc_nano.a(lib_a-memcpy-stub.o)
                              ./Sources/cJSON.o (memcpy)
C:/NXP/S32DS_ARM_v2.2/S32DS/build_tools/gcc_v6.3/gcc-6.3-arm32-eabi/arm-none-eabi/newlib/lib/thumb/v7e-m/fpv4-sp/hard\libc_nano.a(lib_a-memset.o)
                              C:/NXP/S32DS_ARM_v2.2/S32DS/build_tools/gcc_v6.3/gcc-6.3-arm32-eabi/arm-none-eabi/newlib/lib/thumb/v7e-m/fpv4-sp/hard/crt0.o (memset)
C:/NXP/S32DS_ARM_v2.2/S32DS/build_tools/gcc_v6.3/gcc-6.3-arm32-eabi/arm-none-eabi/newlib/lib/thumb/v7e-m/fpv4-sp/hard\libc_nano.a(lib_a-nano-freer.o)
                              C:/NXP/S32DS_ARM_v2.2/S32DS/build_tools/gcc_v6.3/gcc-6.3-arm32-eabi/arm-none-eabi/newlib/lib/thumb/v7e-m/fpv4-sp/hard\libc_nano.a(lib_a-malloc.o) (_free_r)
C:/NXP/S32DS_ARM_v2.2/S32DS/build_tools/gcc_v6.3/gcc-6.3-arm32-eabi/arm-none-eabi/newlib/lib/thumb/v7e-m/fpv4-sp/hard\libc_nano.a(lib_a-nano-mallocr.o)
                              C:/NXP/S32DS_ARM_v2.2/S32DS/build_tools/gcc_v6.3/gcc-6.3-arm32-eabi/arm-none-eabi/newlib/lib/thumb/v7e-m/fpv4-sp/hard\libc_nano.a(lib_a-malloc.o) (_malloc_r)
C:/NXP/S32DS_ARM_v2.2/S32DS/build_tools/gcc_v6.3/gcc-6.3-arm32-eabi/arm-none-eabi/newlib/lib/thumb/v7e-m/fpv4-sp/hard\libc_nano.a(lib_a-realloc.o)
                              ./Sources/cJSON.o (realloc)
C:/NXP/S32DS_ARM_v2.2/S32DS/build_tools/gcc_v6.3/gcc-6.3-arm32-eabi/arm-none-eabi/newlib/lib/thumb/v7e-m/fpv4-sp/hard\libc_nano.a(lib_a-sbrkr.o)
                              C:/NXP/S32DS_ARM_v2.2/S32DS/build_tools/gcc_v6.3/gcc-6.3-arm32-eabi/arm-none-eabi/newlib/lib/thumb/v7e-m/fpv4-sp/hard\libc_nano.a(lib_a-nano-mallocr.o) (_sbrk_r)
C:/NXP/S32DS_ARM_v2.2/S32DS/build_tools/gcc_v6.3/gcc-6.3-arm32-eabi/arm-none-eabi/newlib/lib/thumb/v7e-m/fpv4-sp/hard\libc_nano.a(lib_a-sprintf.o)
[...]
Memory Configuration

Name             Origin             Length             Attributes
m_interrupts     0x00000000         0x00000400         xr
m_flash_config   0x00000400         0x00000010         xr
m_text           0x00000410         0x0007fbf0         xr
m_data           0x1fff8000         0x00008000         rw
m_data_2         0x20000000         0x00007000         rw
*default*        0x00000000         0xffffffff

Linker script and memory map

LOAD c:/nxp/s32ds_arm_v2.2/s32ds/build_tools/gcc_v6.3/gcc-6.3-arm32-eabi/bin/../lib/gcc/arm-none-eabi/6.3.1/thumb/v7e-m/fpv4-sp/hard/crti.o
LOAD c:/nxp/s32ds_arm_v2.2/s32ds/build_tools/gcc_v6.3/gcc-6.3-arm32-eabi/bin/../lib/gcc/arm-none-eabi/6.3.1/thumb/v7e-m/fpv4-sp/hard/crtbegin.o
LOAD C:/NXP/S32DS_ARM_v2.2/S32DS/build_tools/gcc_v6.3/gcc-6.3-arm32-eabi/arm-none-eabi/newlib/lib/thumb/v7e-m/fpv4-sp/hard/crt0.o
LOAD ./Generated_Code/Cpu.o
LOAD ./Generated_Code/adConv1.o
LOAD ./Generated_Code/can_pal0.o
LOAD ./Generated_Code/can_pal1.o
LOAD ./Generated_Code/can_pal2.o
LOAD ./Generated_Code/clockMan1.o
LOAD ./Generated_Code/dmaController1.o
LOAD ./Generated_Code/i2c1.o
LOAD ./Generated_Code/lpuart1.o
LOAD ./Generated_Code/pin_mux.o
LOAD ./Project_Settings/Startup_Code/startup_S32K144.o
LOAD ./SDK/platform/devices/S32K144/startup/system_S32K144.o
LOAD ./SDK/platform/devices/startup.o
LOAD ./SDK/platform/drivers/src/adc/adc_driver.o
LOAD ./SDK/platform/drivers/src/clock/S32K1xx/clock_S32K1xx.o
LOAD ./SDK/platform/drivers/src/edma/edma_driver.o
LOAD ./SDK/platform/drivers/src/edma/edma_hw_access.o
LOAD ./SDK/platform/drivers/src/edma/edma_irq.o
LOAD ./SDK/platform/drivers/src/flexcan/flexcan_driver.o
LOAD ./SDK/platform/drivers/src/flexcan/flexcan_hw_access.o
LOAD ./SDK/platform/drivers/src/flexcan/flexcan_irq.o
LOAD ./SDK/platform/drivers/src/interrupt/interrupt_manager.o
LOAD ./SDK/platform/drivers/src/lpi2c/lpi2c_driver.o
LOAD ./SDK/platform/drivers/src/lpi2c/lpi2c_hw_access.o
LOAD ./SDK/platform/drivers/src/lpi2c/lpi2c_irq.o
LOAD ./SDK/platform/drivers/src/lpuart/lpuart_driver.o
LOAD ./SDK/platform/drivers/src/lpuart/lpuart_hw_access.o
LOAD ./SDK/platform/drivers/src/lpuart/lpuart_irq.o
LOAD ./SDK/platform/drivers/src/pins/pins_driver.o
LOAD ./SDK/platform/drivers/src/pins/pins_port_hw_access.o
LOAD ./SDK/platform/pal/src/can/can_pal.o
LOAD ./SDK/platform/pal/src/i2c/i2c_pal.o
LOAD ./SDK/rtos/osif/osif_baremetal.o
LOAD ./Sources/cJSON.o
LOAD ./Sources/cJSON_Utils.o
LOAD ./Sources/can.o
LOAD ./Sources/delay.o
LOAD ./Sources/font.o
LOAD ./Sources/key.o
LOAD ./Sources/main.o
LOAD ./Sources/oled.o
LOAD ./Sources/sys_cfg.o
LOAD ./Sources/uart.o
START GROUP
LOAD c:/nxp/s32ds_arm_v2.2/s32ds/build_tools/gcc_v6.3/gcc-6.3-arm32-eabi/bin/../lib/gcc/arm-none-eabi/6.3.1/thumb/v7e-m/fpv4-sp/hard\libgcc.a
LOAD C:/NXP/S32DS_ARM_v2.2/S32DS/build_tools/gcc_v6.3/gcc-6.3-arm32-eabi/arm-none-eabi/newlib/lib/thumb/v7e-m/fpv4-sp/hard\libc_nano.a
END GROUP
START GROUP
LOAD c:/nxp/s32ds_arm_v2.2/s32ds/build_tools/gcc_v6.3/gcc-6.3-arm32-eabi/bin/../lib/gcc/arm-none-eabi/6.3.1/thumb/v7e-m/fpv4-sp/hard\libgcc.a
LOAD C:/NXP/S32DS_ARM_v2.2/S32DS/build_tools/gcc_v6.3/gcc-6.3-arm32-eabi/arm-none-eabi/newlib/lib/thumb/v7e-m/fpv4-sp/hard\libc_nano.a
LOAD C:/NXP/S32DS_ARM_v2.2/S32DS/build_tools/gcc_v6.3/gcc-6.3-arm32-eabi/arm-none-eabi/newlib/lib/thumb/v7e-m/fpv4-sp/hard\libnosys.a
END GROUP
START GROUP
LOAD c:/nxp/s32ds_arm_v2.2/s32ds/build_tools/gcc_v6.3/gcc-6.3-arm32-eabi/bin/../lib/gcc/arm-none-eabi/6.3.1/thumb/v7e-m/fpv4-sp/hard\libgcc.a
LOAD C:/NXP/S32DS_ARM_v2.2/S32DS/build_tools/gcc_v6.3/gcc-6.3-arm32-eabi/arm-none-eabi/newlib/lib/thumb/v7e-m/fpv4-sp/hard\libc_nano.a
LOAD C:/NXP/S32DS_ARM_v2.2/S32DS/build_tools/gcc_v6.3/gcc-6.3-arm32-eabi/arm-none-eabi/newlib/lib/thumb/v7e-m/fpv4-sp/hard\libnosys.a
END GROUP
LOAD c:/nxp/s32ds_arm_v2.2/s32ds/build_tools/gcc_v6.3/gcc-6.3-arm32-eabi/bin/../lib/gcc/arm-none-eabi/6.3.1/thumb/v7e-m/fpv4-sp/hard/crtend.o
LOAD c:/nxp/s32ds_arm_v2.2/s32ds/build_tools/gcc_v6.3/gcc-6.3-arm32-eabi/bin/../lib/gcc/arm-none-eabi/6.3.1/thumb/v7e-m/fpv4-sp/hard/crtn.o
                0x00000400                HEAP_SIZE = DEFINED (__heap_size__)?__heap_size__:0x400
                0x00000400                STACK_SIZE = DEFINED (__stack_size__)?__stack_size__:0x400
                0x00000400                M_VECTOR_RAM_SIZE = DEFINED (__flash_vector_table__)?0x0:0x400

.interrupts     0x00000000      0x400
                0x00000000                __VECTOR_TABLE = .
                0x00000000                __interrupts_start__ = .
                0x00000000                . = ALIGN (0x4)
 *(.isr_vector)
 .isr_vector    0x00000000      0x400 ./Project_Settings/Startup_Code/startup_S32K144.o
                0x00000000                __isr_vector
                0x00000400                __interrupts_end__ = .
                0x00000400                . = ALIGN (0x4)

.flash_config   0x00000400       0x10
                0x00000400                . = ALIGN (0x4)
 *(.FlashConfig)
 .FlashConfig   0x00000400       0x10 ./Project_Settings/Startup_Code/startup_S32K144.o
                0x00000410                . = ALIGN (0x4)

.text           0x00000410     0xffe8
                0x00000410                . = ALIGN (0x4)
 *(.text)
 .text          0x00000410       0x4c ./Project_Settings/Startup_Code/startup_S32K144.o
                0x00000410                Reset_Handler
                0x00000458                DebugMon_Handler
                0x00000458                Reserved88_IRQHandler
                0x00000458                HardFault_Handler
                0x00000458                Reserved86_IRQHandler
                0x00000458                Reserved103_IRQHandler
                0x00000458                FTM2_Ovf_Reload_IRQHandler
                0x00000458                Reserved50_IRQHandler
                0x00000458                FTFC_Fault_IRQHandler
                0x00000458                FTM0_Ch6_Ch7_IRQHandler
                0x00000458                Reserved114_IRQHandler
                0x00000458                PendSV_Handler
                0x00000458                NMI_Handler
                0x00000458                Reserved89_IRQHandler
                0x00000458                ERM_double_fault_IRQHandler
                0x00000458                Reserved59_IRQHandler
                0x00000458                LPIT0_Ch0_IRQHandler
                0x00000458                Reserved99_IRQHandler
                0x00000458                FTM3_Ch6_Ch7_IRQHandler
                0x00000458                LPIT0_Ch3_IRQHandler
                0x00000458                Reserved92_IRQHandler
                0x00000458                FTM0_Ch4_Ch5_IRQHandler
                0x00000458                FTM3_Ch0_Ch1_IRQHandler
                0x00000458                SWI_IRQHandler
                0x00000458                ADC0_IRQHandler
                0x00000458                FTM2_Ch4_Ch5_IRQHandler
                0x00000458                UsageFault_Handler
                0x00000458                FTM0_Ovf_Reload_IRQHandler
                0x00000458                DefaultISR
                0x00000458                Reserved58_IRQHandler
                0x00000458                FTM1_Ch2_Ch3_IRQHandler
                0x00000458                Reserved82_IRQHandler
                0x00000458                Reserved71_IRQHandler
                0x00000458                PORTD_IRQHandler
                0x00000458                Reserved69_IRQHandler
                0x00000458                PORTB_IRQHandler
                0x00000458                Reserved70_IRQHandler
                0x00000458                ADC1_IRQHandler
                0x00000458                FTM2_Ch2_Ch3_IRQHandler
                0x00000458                Reserved53_IRQHandler
                0x00000458                RTC_IRQHandler
                0x00000458                PDB0_IRQHandler
                0x00000458                Reserved54_IRQHandler
                0x00000458                FTM2_Ch6_Ch7_IRQHandler
                0x00000458                FTM3_Ch2_Ch3_IRQHandler
                0x00000458                FTM2_Ch0_Ch1_IRQHandler
                0x00000458                LPSPI1_IRQHandler
                0x00000458                LPUART1_RxTx_IRQHandler
                0x00000458                RTC_Seconds_IRQHandler
                0x00000458                Reserved72_IRQHandler
                0x00000458                Reserved110_IRQHandler
                0x00000458                Reserved107_IRQHandler
                0x00000458                Read_Collision_IRQHandler
                0x00000458                FTFC_IRQHandler
                0x00000458                FTM1_Ch6_Ch7_IRQHandler
                0x00000458                Reserved105_IRQHandler
                0x00000458                LPIT0_Ch1_IRQHandler
                0x00000458                FTM1_Ch4_Ch5_IRQHandler
                0x00000458                FTM3_Ovf_Reload_IRQHandler
                0x00000458                LPUART2_RxTx_IRQHandler
                0x00000458                LPSPI0_IRQHandler
                0x00000458                WDOG_EWM_IRQHandler
                0x00000458                MemManage_Handler
                0x00000458                Reserved90_IRQHandler
                0x00000458                Reserved83_IRQHandler
                0x00000458                FTM0_Fault_IRQHandler
                0x00000458                Reserved48_IRQHandler
                0x00000458                SVC_Handler
                0x00000458                ERM_single_fault_IRQHandler
                0x00000458                FTM2_Fault_IRQHandler
                0x00000458                FTM0_Ch2_Ch3_IRQHandler
                0x00000458                FTM0_Ch0_Ch1_IRQHandler
                0x00000458                FTM3_Fault_IRQHandler
                0x00000458                RCM_IRQHandler
                0x00000458                Reserved100_IRQHandler
                0x00000458                Reserved91_IRQHandler
                0x00000458                SCG_IRQHandler
                0x00000458                PDB1_IRQHandler
                0x00000458                Reserved81_IRQHandler
                0x00000458                Reserved46_IRQHandler
                0x00000458                Reserved45_IRQHandler
                0x00000458                Reserved112_IRQHandler
                0x00000458                FTM1_Fault_IRQHandler
                0x00000458                Reserved106_IRQHandler
                0x00000458                LVD_LVW_IRQHandler
                0x00000458                LPIT0_Ch2_IRQHandler
                0x00000458                PORTA_IRQHandler
                0x00000458                MCM_IRQHandler
                0x00000458                LPSPI2_IRQHandler
                0x00000458                FTM3_Ch4_Ch5_IRQHandler
                0x00000458                PORTE_IRQHandler
                0x00000458                LPUART0_RxTx_IRQHandler
                0x00000458                LPTMR0_IRQHandler
                0x00000458                BusFault_Handler
                0x00000458                Reserved87_IRQHandler
                0x00000458                FTM1_Ovf_Reload_IRQHandler
                0x00000458                Reserved93_IRQHandler
                0x00000458                CMP0_IRQHandler
                0x00000458                Reserved52_IRQHandler
                0x00000458                PORTC_IRQHandler
                0x00000458                FTM1_Ch0_Ch1_IRQHandler
                0x00000458                FLEXIO_IRQHandler
                0x00000458                Reserved113_IRQHandler
 .text          0x0000045c      0x378 c:/nxp/s32ds_arm_v2.2/s32ds/build_tools/gcc_v6.3/gcc-6.3-arm32-eabi/bin/../lib/gcc/arm-none-eabi/6.3.1/thumb/v7e-m/fpv4-sp/hard\libgcc.a(_arm_addsubdf3.o)
                0x0000045c                __aeabi_drsub
                0x00000464                __aeabi_dsub
                0x00000464                __subdf3
                0x00000468                __aeabi_dadd
                0x00000468                __adddf3
                0x000006e0                __floatunsidf
                0x000006e0                __aeabi_ui2d
                0x00000700                __floatsidf
                0x00000700                __aeabi_i2d
                0x00000724                __aeabi_f2d
                0x00000724                __extendsfdf2
                0x00000768                __floatundidf
                0x00000768                __aeabi_ul2d
                0x00000778                __floatdidf
                0x00000778                __aeabi_l2d
 .text          0x000007d4      0x424 c:/nxp/s32ds_arm_v2.2/s32ds/build_tools/gcc_v6.3/gcc-6.3-arm32-eabi/bin/../lib/gcc/arm-none-eabi/6.3.1/thumb/v7e-m/fpv4-sp/hard\libgcc.a(_arm_muldivdf3.o)
                0x000007d4                __aeabi_dmul
                0x000007d4                __muldf3
                0x00000a28                __divdf3
                0x00000a28                __aeabi_ddiv
 .text          0x00000bf8      0x110 c:/nxp/s32ds_arm_v2.2/s32ds/build_tools/gcc_v6.3/gcc-6.3-arm32-eabi/bin/../lib/gcc/arm-none-eabi/6.3.1/thumb/v7e-m/fpv4-sp/hard\libgcc.a(_arm_cmpdf2.o)
                0x00000bf8                __gtdf2
                0x00000bf8                __gedf2
                0x00000c00                __ltdf2
                0x00000c00                __ledf2
                0x00000c08                __nedf2
                0x00000c08                __eqdf2
                0x00000c08                __cmpdf2
                0x00000c84                __aeabi_cdrcmple
                0x00000c94                __aeabi_cdcmpeq
                0x00000c94                __aeabi_cdcmple
                0x00000ca4                __aeabi_dcmpeq
                0x00000cb8                __aeabi_dcmplt
                0x00000ccc                __aeabi_dcmple
                0x00000ce0                __aeabi_dcmpge
                0x00000cf4                __aeabi_dcmpgt
 .text          0x00000d08       0x50 c:/nxp/s32ds_arm_v2.2/s32ds/build_tools/gcc_v6.3/gcc-6.3-arm32-eabi/bin/../lib/gcc/arm-none-eabi/6.3.1/thumb/v7e-m/fpv4-sp/hard\libgcc.a(_arm_fixdfsi.o)
                0x00000d08                __aeabi_d2iz
                0x00000d08                __fixdfsi
 .text          0x00000d58       0x14 C:/NXP/S32DS_ARM_v2.2/S32DS/build_tools/gcc_v6.3/gcc-6.3-arm32-eabi/arm-none-eabi/newlib/lib/thumb/v7e-m/fpv4-sp/hard\libc_nano.a(lib_a-strcmp.o)
                0x00000d58                strcmp
 .text          0x00000d6c       0x10 C:/NXP/S32DS_ARM_v2.2/S32DS/build_tools/gcc_v6.3/gcc-6.3-arm32-eabi/arm-none-eabi/newlib/lib/thumb/v7e-m/fpv4-sp/hard\libc_nano.a(lib_a-strlen.o)
                0x00000d6c                strlen
 *fill*         0x00000d7c        0x4 
 .text          0x00000d80       0xa0 C:/NXP/S32DS_ARM_v2.2/S32DS/build_tools/gcc_v6.3/gcc-6.3-arm32-eabi/arm-none-eabi/newlib/lib/thumb/v7e-m/fpv4-sp/hard\libc_nano.a(lib_a-memchr.o)
                0x00000d80                memchr
 .text          0x00000e20       0x40 c:/nxp/s32ds_arm_v2.2/s32ds/build_tools/gcc_v6.3/gcc-6.3-arm32-eabi/bin/../lib/gcc/arm-none-eabi/6.3.1/thumb/v7e-m/fpv4-sp/hard\libgcc.a(_arm_fixunsdfsi.o)
                0x00000e20                __aeabi_d2uiz
                0x00000e20                __fixunsdfsi
 *(.text*)
 .text.SystemInit
                0x00000e60       0x58 ./SDK/platform/devices/S32K144/startup/system_S32K144.o
                0x00000e60                SystemInit
 .text.init_data_bss
                0x00000eb8      0x12c ./SDK/platform/devices/startup.o
                0x00000eb8                init_data_bss
 .text.SIM_GetRtcClkSrc
                0x00000fe4       0x1e ./SDK/platform/drivers/src/clock/S32K1xx/clock_S32K1xx.o
 .text.SIM_SetLpoClocks
                0x00001002       0x72 ./SDK/platform/drivers/src/clock/S32K1xx/clock_S32K1xx.o
 .text.SIM_SetEimClockGate
                0x00001074       0x3e ./SDK/platform/drivers/src/clock/S32K1xx/clock_S32K1xx.o
 .text.SIM_GetEimClockGate
                0x000010b2       0x30 ./SDK/platform/drivers/src/clock/S32K1xx/clock_S32K1xx.o
 .text.SIM_SetErmClockGate
                0x000010e2       0x3e ./SDK/platform/drivers/src/clock/S32K1xx/clock_S32K1xx.o
 .text.SIM_GetErmClockGate
                0x00001120       0x30 ./SDK/platform/drivers/src/clock/S32K1xx/clock_S32K1xx.o
 .text.SIM_SetDmaClockGate
                0x00001150       0x3e ./SDK/platform/drivers/src/clock/S32K1xx/clock_S32K1xx.o
 .text.SIM_GetDmaClockGate
                0x0000118e       0x30 ./SDK/platform/drivers/src/clock/S32K1xx/clock_S32K1xx.o
 .text.SIM_SetMpuClockGate
                0x000011be       0x3e ./SDK/platform/drivers/src/clock/S32K1xx/clock_S32K1xx.o
 .text.SIM_GetMpuClockGate
                0x000011fc       0x30 ./SDK/platform/drivers/src/clock/S32K1xx/clock_S32K1xx.o
 .text.SIM_SetMscmClockGate
                0x0000122c       0x3e ./SDK/platform/drivers/src/clock/S32K1xx/clock_S32K1xx.o
 .text.SIM_GetMscmClockGate
                0x0000126a       0x2e ./SDK/platform/drivers/src/clock/S32K1xx/clock_S32K1xx.o
 .text.SIM_GetFtm0ExternalClkPinMode
                0x00001298       0x1e ./SDK/platform/drivers/src/clock/S32K1xx/clock_S32K1xx.o
 .text.SIM_GetFtm1ExternalClkPinMode
                0x000012b6       0x1e ./SDK/platform/drivers/src/clock/S32K1xx/clock_S32K1xx.o
 .text.SIM_GetFtm2ExternalClkPinMode
                0x000012d4       0x1e ./SDK/platform/drivers/src/clock/S32K1xx/clock_S32K1xx.o
 .text.SIM_GetFtm3ExternalClkPinMode
                0x000012f2       0x1e ./SDK/platform/drivers/src/clock/S32K1xx/clock_S32K1xx.o
 .text.SIM_GetLpo32KStatus
                0x00001310       0x26 ./SDK/platform/drivers/src/clock/S32K1xx/clock_S32K1xx.o
 .text.SIM_GetLpo1KStatus
                0x00001336       0x26 ./SDK/platform/drivers/src/clock/S32K1xx/clock_S32K1xx.o
 .text.SIM_GetLpoClkSelectorValue
                0x0000135c       0x1e ./SDK/platform/drivers/src/clock/S32K1xx/clock_S32K1xx.o
 .text.SIM_GetClockoutStatus
                0x0000137a       0x26 ./SDK/platform/drivers/src/clock/S32K1xx/clock_S32K1xx.o
 .text.SIM_GetClockoutDividerValue
                0x000013a0       0x1e ./SDK/platform/drivers/src/clock/S32K1xx/clock_S32K1xx.o
 .text.SIM_GetClockoutSelectorValue
                0x000013be       0x1e ./SDK/platform/drivers/src/clock/S32K1xx/clock_S32K1xx.o
 .text.SIM_SetClockout
                0x000013dc       0x5e ./SDK/platform/drivers/src/clock/S32K1xx/clock_S32K1xx.o
 .text.SIM_SetTraceClockSource
                0x0000143a       0x38 ./SDK/platform/drivers/src/clock/S32K1xx/clock_S32K1xx.o
 .text.SIM_ClearTraceClockConfig
                0x00001472       0x1e ./SDK/platform/drivers/src/clock/S32K1xx/clock_S32K1xx.o
 .text.SIM_SetTraceClockConfig
                0x00001490       0x40 ./SDK/platform/drivers/src/clock/S32K1xx/clock_S32K1xx.o
 .text.SCG_GetClockoutSourceSel
                0x000014d0       0x1e ./SDK/platform/drivers/src/clock/S32K1xx/clock_S32K1xx.o
 .text.SCG_GetCurrentSystemClockSource
                0x000014ee       0x1e ./SDK/platform/drivers/src/clock/S32K1xx/clock_S32K1xx.o
 .text.SCG_GetCurrentCoreClockDividerRatio
                0x0000150c       0x1e ./SDK/platform/drivers/src/clock/S32K1xx/clock_S32K1xx.o
 .text.SCG_GetCurrentBusClockDividerRatio
                0x0000152a       0x1e ./SDK/platform/drivers/src/clock/S32K1xx/clock_S32K1xx.o
 .text.SCG_GetCurrentSlowClockDividerRatio
                0x00001548       0x1c ./SDK/platform/drivers/src/clock/S32K1xx/clock_S32K1xx.o
 .text.SCG_SetRunClockControl
                0x00001564       0x44 ./SDK/platform/drivers/src/clock/S32K1xx/clock_S32K1xx.o
 .text.SCG_SetVlprClockControl
                0x000015a8       0x44 ./SDK/platform/drivers/src/clock/S32K1xx/clock_S32K1xx.o
 .text.SCG_SetHsrunClockControl
                0x000015ec       0x44 ./SDK/platform/drivers/src/clock/S32K1xx/clock_S32K1xx.o
 .text.SCG_GetFircFirstAsyncDivider
                0x00001630       0x1e ./SDK/platform/drivers/src/clock/S32K1xx/clock_S32K1xx.o
 .text.SCG_GetFircSecondAsyncDivider
                0x0000164e       0x20 ./SDK/platform/drivers/src/clock/S32K1xx/clock_S32K1xx.o
 .text.SCG_SetFircAsyncConfig
                0x0000166e       0x32 ./SDK/platform/drivers/src/clock/S32K1xx/clock_S32K1xx.o
 .text.SCG_GetSircFirstAsyncDivider
                0x000016a0       0x1e ./SDK/platform/drivers/src/clock/S32K1xx/clock_S32K1xx.o
 .text.SCG_GetSircSecondAsyncDivider
                0x000016be       0x20 ./SDK/platform/drivers/src/clock/S32K1xx/clock_S32K1xx.o
 .text.SCG_SetSircAsyncConfig
                0x000016de       0x32 ./SDK/platform/drivers/src/clock/S32K1xx/clock_S32K1xx.o
 .text.SCG_GetSoscFirstAsyncDivider
                0x00001710       0x1e ./SDK/platform/drivers/src/clock/S32K1xx/clock_S32K1xx.o
 .text.SCG_GetSoscSecondAsyncDivider
                0x0000172e       0x20 ./SDK/platform/drivers/src/clock/S32K1xx/clock_S32K1xx.o
 .text.SCG_SetSoscAsyncConfig
                0x0000174e       0x32 ./SDK/platform/drivers/src/clock/S32K1xx/clock_S32K1xx.o
 .text.SCG_GetSpllFirstAsyncDivider
                0x00001780       0x1e ./SDK/platform/drivers/src/clock/S32K1xx/clock_S32K1xx.o
 .text.SCG_GetSpllSecondAsyncDivider
                0x0000179e       0x20 ./SDK/platform/drivers/src/clock/S32K1xx/clock_S32K1xx.o
 .text.SCG_SetSpllAsyncConfig
                0x000017be       0x32 ./SDK/platform/drivers/src/clock/S32K1xx/clock_S32K1xx.o
 .text.SCG_SetClockoutSourceSel
                0x000017f0       0x38 ./SDK/platform/drivers/src/clock/S32K1xx/clock_S32K1xx.o
 .text.SCG_GetSircSystemClockMode
                0x00001828       0x32 ./SDK/platform/drivers/src/clock/S32K1xx/clock_S32K1xx.o
 .text.SCG_GetSircStatus
                0x0000185a       0x28 ./SDK/platform/drivers/src/clock/S32K1xx/clock_S32K1xx.o
 .text.SCG_GetSircRange
                0x00001882       0x1e ./SDK/platform/drivers/src/clock/S32K1xx/clock_S32K1xx.o
 .text.SCG_ClearSircLock
                0x000018a0       0x24 ./SDK/platform/drivers/src/clock/S32K1xx/clock_S32K1xx.o
 .text.SCG_ClearSircControl
                0x000018c4       0x1c ./SDK/platform/drivers/src/clock/S32K1xx/clock_S32K1xx.o
 .text.SCG_SetSircConfiguration
                0x000018e0       0x24 ./SDK/platform/drivers/src/clock/S32K1xx/clock_S32K1xx.o
 .text.SCG_SetSircControl
                0x00001904       0x5a ./SDK/platform/drivers/src/clock/S32K1xx/clock_S32K1xx.o
 .text.SCG_GetFircSystemClockMode
                0x0000195e       0x32 ./SDK/platform/drivers/src/clock/S32K1xx/clock_S32K1xx.o
 .text.SCG_GetFircStatus
                0x00001990       0x28 ./SDK/platform/drivers/src/clock/S32K1xx/clock_S32K1xx.o
 .text.SCG_GetFircRange
                0x000019b8       0x1e ./SDK/platform/drivers/src/clock/S32K1xx/clock_S32K1xx.o
 .text.SCG_ClearFircLock
                0x000019d6       0x24 ./SDK/platform/drivers/src/clock/S32K1xx/clock_S32K1xx.o
 .text.SCG_ClearFircControl
                0x000019fa       0x1e ./SDK/platform/drivers/src/clock/S32K1xx/clock_S32K1xx.o
 .text.SCG_SetFircConfiguration
                0x00001a18       0x24 ./SDK/platform/drivers/src/clock/S32K1xx/clock_S32K1xx.o
 .text.SCG_SetFircControl
                0x00001a3c       0x42 ./SDK/platform/drivers/src/clock/S32K1xx/clock_S32K1xx.o
 .text.SCG_GetSoscSystemClockMode
                0x00001a7e       0x32 ./SDK/platform/drivers/src/clock/S32K1xx/clock_S32K1xx.o
 .text.SCG_GetSoscStatus
                0x00001ab0       0x28 ./SDK/platform/drivers/src/clock/S32K1xx/clock_S32K1xx.o
 .text.SCG_ClearSoscLock
                0x00001ad8       0x24 ./SDK/platform/drivers/src/clock/S32K1xx/clock_S32K1xx.o
 .text.SCG_ClearSoscControl
                0x00001afc       0x1e ./SDK/platform/drivers/src/clock/S32K1xx/clock_S32K1xx.o
 .text.SCG_SetSoscConfiguration
                0x00001b1a       0x3c ./SDK/platform/drivers/src/clock/S32K1xx/clock_S32K1xx.o
 .text.SCG_SetSoscControl
                0x00001b56       0x5e ./SDK/platform/drivers/src/clock/S32K1xx/clock_S32K1xx.o
 .text.SCG_GetSpllSystemClockMode
                0x00001bb4       0x32 ./SDK/platform/drivers/src/clock/S32K1xx/clock_S32K1xx.o
 .text.SCG_GetSpllStatus
                0x00001be6       0x28 ./SDK/platform/drivers/src/clock/S32K1xx/clock_S32K1xx.o
 .text.SCG_GetSpllPredivider
                0x00001c0e       0x20 ./SDK/platform/drivers/src/clock/S32K1xx/clock_S32K1xx.o
 .text.SCG_GetSpllMultiplier
                0x00001c2e       0x20 ./SDK/platform/drivers/src/clock/S32K1xx/clock_S32K1xx.o
 .text.SCG_ClearSpllLock
                0x00001c4e       0x24 ./SDK/platform/drivers/src/clock/S32K1xx/clock_S32K1xx.o
 .text.SCG_ClearSpllControl
                0x00001c72       0x1e ./SDK/platform/drivers/src/clock/S32K1xx/clock_S32K1xx.o
 .text.SCG_SetSpllConfiguration
                0x00001c90       0x34 ./SDK/platform/drivers/src/clock/S32K1xx/clock_S32K1xx.o
 .text.SCG_SetSpllControl
                0x00001cc4       0x5e ./SDK/platform/drivers/src/clock/S32K1xx/clock_S32K1xx.o
 *fill*         0x00001d22        0x2 
 .text.PCC_SetPeripheralClockControl
                0x00001d24       0x60 ./SDK/platform/drivers/src/clock/S32K1xx/clock_S32K1xx.o
 .text.PCC_SetClockMode
                0x00001d84       0x70 ./SDK/platform/drivers/src/clock/S32K1xx/clock_S32K1xx.o
 .text.PCC_GetClockMode
                0x00001df4       0x44 ./SDK/platform/drivers/src/clock/S32K1xx/clock_S32K1xx.o
 .text.PCC_GetClockSourceSel
                0x00001e38       0x34 ./SDK/platform/drivers/src/clock/S32K1xx/clock_S32K1xx.o
 .text.PCC_GetFracValueSel
                0x00001e6c       0x34 ./SDK/platform/drivers/src/clock/S32K1xx/clock_S32K1xx.o
 .text.PCC_GetDividerSel
                0x00001ea0       0x30 ./SDK/platform/drivers/src/clock/S32K1xx/clock_S32K1xx.o
 .text.PMC_SetLpoMode
                0x00001ed0       0x3e ./SDK/platform/drivers/src/clock/S32K1xx/clock_S32K1xx.o
 .text.PMC_GetLpoMode
                0x00001f0e       0x2c ./SDK/platform/drivers/src/clock/S32K1xx/clock_S32K1xx.o
 .text.PMC_SetLpoTrimValue
                0x00001f3a       0x5e ./SDK/platform/drivers/src/clock/S32K1xx/clock_S32K1xx.o
 .text.SMC_GetCurrentRunningMode
                0x00001f98       0x1a ./SDK/platform/drivers/src/clock/S32K1xx/clock_S32K1xx.o
 .text.CLOCK_DRV_Init
                0x00001fb2       0x6e ./SDK/platform/drivers/src/clock/S32K1xx/clock_S32K1xx.o
                0x00001fb2                CLOCK_DRV_Init
 .text.CLOCK_SYS_SetScgConfiguration
                0x00002020       0xb4 ./SDK/platform/drivers/src/clock/S32K1xx/clock_S32K1xx.o
 .text.CLOCK_SYS_SetPccConfiguration
                0x000020d4       0xb8 ./SDK/platform/drivers/src/clock/S32K1xx/clock_S32K1xx.o
 .text.CLOCK_SYS_SetSimConfiguration
                0x0000218c      0x124 ./SDK/platform/drivers/src/clock/S32K1xx/clock_S32K1xx.o
 .text.CLOCK_SYS_SetPmcConfiguration
                0x000022b0       0x38 ./SDK/platform/drivers/src/clock/S32K1xx/clock_S32K1xx.o
 .text.CLOCK_SYS_GetDefaultConfiguration
                0x000022e8      0x24c ./SDK/platform/drivers/src/clock/S32K1xx/clock_S32K1xx.o
 .text.CLOCK_SYS_GetScgClockFreq
                0x00002534      0x144 ./SDK/platform/drivers/src/clock/S32K1xx/clock_S32K1xx.o
 .text.CLOCK_SYS_GetSimClockFreq
                0x00002678      0x23c ./SDK/platform/drivers/src/clock/S32K1xx/clock_S32K1xx.o
 .text.CLOCK_SYS_CheckPCCClock
                0x000028b4       0x68 ./SDK/platform/drivers/src/clock/S32K1xx/clock_S32K1xx.o
 .text.CLOCK_SYS_GetPccClockFreq
                0x0000291c      0x104 ./SDK/platform/drivers/src/clock/S32K1xx/clock_S32K1xx.o
 .text.CLOCK_DRV_GetFreq
                0x00002a20       0x5c ./SDK/platform/drivers/src/clock/S32K1xx/clock_S32K1xx.o
                0x00002a20                CLOCK_DRV_GetFreq
 .text.CLOCK_SYS_GetPeripheralClock
                0x00002a7c       0xd8 ./SDK/platform/drivers/src/clock/S32K1xx/clock_S32K1xx.o
 .text.CLOCK_SYS_GetCurrentRunMode
                0x00002b54       0x44 ./SDK/platform/drivers/src/clock/S32K1xx/clock_S32K1xx.o
 .text.CLOCK_SYS_TransitionSystemClock
                0x00002b98       0x60 ./SDK/platform/drivers/src/clock/S32K1xx/clock_S32K1xx.o
 .text.CLOCK_SYS_GetSimClkOutFreq
                0x00002bf8       0xf0 ./SDK/platform/drivers/src/clock/S32K1xx/clock_S32K1xx.o
 .text.CLOCK_SYS_GetScgClkOutFreq
                0x00002ce8       0x74 ./SDK/platform/drivers/src/clock/S32K1xx/clock_S32K1xx.o
 .text.CLOCK_SYS_GetSimRtcClkFreq
                0x00002d5c       0x78 ./SDK/platform/drivers/src/clock/S32K1xx/clock_S32K1xx.o
 .text.CLOCK_SYS_ConfigureSIRC
                0x00002dd4       0xc8 ./SDK/platform/drivers/src/clock/S32K1xx/clock_S32K1xx.o
 .text.CLOCK_SYS_ConfigureFIRC
                0x00002e9c       0xc4 ./SDK/platform/drivers/src/clock/S32K1xx/clock_S32K1xx.o
 .text.CLOCK_SYS_ConfigureSOSC
                0x00002f60      0x124 ./SDK/platform/drivers/src/clock/S32K1xx/clock_S32K1xx.o
 .text.CLOCK_SYS_ConfigureSPLL
                0x00003084      0x118 ./SDK/platform/drivers/src/clock/S32K1xx/clock_S32K1xx.o
 .text.CLOCK_SYS_ConfigureTemporarySystemClock
                0x0000319c       0x68 ./SDK/platform/drivers/src/clock/S32K1xx/clock_S32K1xx.o
 .text.CLOCK_SYS_ConfigureModulesFromScg
                0x00003204      0x1c8 ./SDK/platform/drivers/src/clock/S32K1xx/clock_S32K1xx.o
 .text.CLOCK_SYS_GetSystemClockFreq
                0x000033cc       0xc0 ./SDK/platform/drivers/src/clock/S32K1xx/clock_S32K1xx.o
 .text.CLOCK_SYS_GetSrcFreq
                0x0000348c       0x64 ./SDK/platform/drivers/src/clock/S32K1xx/clock_S32K1xx.o
 .text.CLOCK_SYS_SetSystemClockConfig
                0x000034f0      0x234 ./SDK/platform/drivers/src/clock/S32K1xx/clock_S32K1xx.o
 .text.CLOCK_SYS_GetSysAsyncFreq
                0x00003724      0x11c ./SDK/platform/drivers/src/clock/S32K1xx/clock_S32K1xx.o
 .text.CLOCK_SYS_GetSysOscFreq
                0x00003840       0x30 ./SDK/platform/drivers/src/clock/S32K1xx/clock_S32K1xx.o
 .text.CLOCK_SYS_GetSircFreq
                0x00003870       0x38 ./SDK/platform/drivers/src/clock/S32K1xx/clock_S32K1xx.o
 .text.CLOCK_SYS_GetFircFreq
                0x000038a8       0x3c ./SDK/platform/drivers/src/clock/S32K1xx/clock_S32K1xx.o
 .text.CLOCK_SYS_GetSysPllFreq
                0x000038e4       0x64 ./SDK/platform/drivers/src/clock/S32K1xx/clock_S32K1xx.o
 .text.CLOCK_SYS_GetLpoFreq
                0x00003948       0x88 ./SDK/platform/drivers/src/clock/S32K1xx/clock_S32K1xx.o
 .text.CLOCK_SYS_Init
                0x000039d0       0x44 ./SDK/platform/drivers/src/clock/S32K1xx/clock_S32K1xx.o
                0x000039d0                CLOCK_SYS_Init
 .text.CLOCK_SYS_UpdateConfiguration
                0x00003a14      0x174 ./SDK/platform/drivers/src/clock/S32K1xx/clock_S32K1xx.o
                0x00003a14                CLOCK_SYS_UpdateConfiguration
 .text.CLOCK_SYS_GetFreq
                0x00003b88       0x20 ./SDK/platform/drivers/src/clock/S32K1xx/clock_S32K1xx.o
                0x00003b88                CLOCK_SYS_GetFreq
 .text.CLOCK_SYS_SetConfiguration
                0x00003ba8       0x18 ./SDK/platform/drivers/src/clock/S32K1xx/clock_S32K1xx.o
                0x00003ba8                CLOCK_SYS_SetConfiguration
 .text.EDMA_SetMinorLoopMappingCmd
                0x00003bc0       0x3e ./SDK/platform/drivers/src/edma/edma_driver.o
 .text.EDMA_ClearErrorIntStatusFlag
                0x00003bfe       0x1e ./SDK/platform/drivers/src/edma/edma_driver.o
 .text.EDMA_ClearDoneStatusFlag
                0x00003c1c       0x1e ./SDK/platform/drivers/src/edma/edma_driver.o
 .text.EDMA_ClearIntStatusFlag
                0x00003c3a       0x1e ./SDK/platform/drivers/src/edma/edma_driver.o
 .text.EDMA_TCDSetSrcAddr
                0x00003c58       0x28 ./SDK/platform/drivers/src/edma/edma_driver.o
 .text.EDMA_TCDSetSrcOffset
                0x00003c80       0x2e ./SDK/platform/drivers/src/edma/edma_driver.o
 .text.EDMA_TCDSetSrcLastAdjust
                0x00003cae       0x2c ./SDK/platform/drivers/src/edma/edma_driver.o
 .text.EDMA_TCDSetDestAddr
                0x00003cda       0x2c ./SDK/platform/drivers/src/edma/edma_driver.o
 .text.EDMA_TCDSetDestOffset
                0x00003d06       0x30 ./SDK/platform/drivers/src/edma/edma_driver.o
 .text.EDMA_TCDSetDisableDmaRequestAfterTCDDoneCmd
                0x00003d36       0x5e ./SDK/platform/drivers/src/edma/edma_driver.o
 .text.EDMA_TCDSetMajorCompleteIntCmd
                0x00003d94       0x5e ./SDK/platform/drivers/src/edma/edma_driver.o
 .text.DMAMUX_SetChannelCmd
                0x00003df2       0x54 ./SDK/platform/drivers/src/edma/edma_driver.o
 .text.DMAMUX_SetChannelTrigger
                0x00003e46       0x52 ./SDK/platform/drivers/src/edma/edma_driver.o
 .text.DMAMUX_SetChannelSource
                0x00003e98       0x50 ./SDK/platform/drivers/src/edma/edma_driver.o
 .text.EDMA_DRV_InstallCallback
                0x00003ee8       0x3c ./SDK/platform/drivers/src/edma/edma_driver.o
                0x00003ee8                EDMA_DRV_InstallCallback
 .text.EDMA_DRV_ClearIntStatus
                0x00003f24       0x3c ./SDK/platform/drivers/src/edma/edma_driver.o
 .text.EDMA_DRV_IRQHandler
                0x00003f60       0x4c ./SDK/platform/drivers/src/edma/edma_driver.o
                0x00003f60                EDMA_DRV_IRQHandler
 .text.EDMA_DRV_ErrorIRQHandler
                0x00003fac       0x7c ./SDK/platform/drivers/src/edma/edma_driver.o
                0x00003fac                EDMA_DRV_ErrorIRQHandler
 .text.EDMA_DRV_ConfigSingleBlockTransfer
                0x00004028      0x170 ./SDK/platform/drivers/src/edma/edma_driver.o
                0x00004028                EDMA_DRV_ConfigSingleBlockTransfer
 .text.EDMA_DRV_ConfigMultiBlockTransfer
                0x00004198       0x70 ./SDK/platform/drivers/src/edma/edma_driver.o
                0x00004198                EDMA_DRV_ConfigMultiBlockTransfer
 .text.EDMA_DRV_StartChannel
                0x00004208       0x38 ./SDK/platform/drivers/src/edma/edma_driver.o
                0x00004208                EDMA_DRV_StartChannel
 .text.EDMA_DRV_StopChannel
                0x00004240       0x38 ./SDK/platform/drivers/src/edma/edma_driver.o
                0x00004240                EDMA_DRV_StopChannel
 .text.EDMA_DRV_SetChannelRequestAndTrigger
                0x00004278       0x60 ./SDK/platform/drivers/src/edma/edma_driver.o
                0x00004278                EDMA_DRV_SetChannelRequestAndTrigger
 .text.EDMA_DRV_SetSrcAddr
                0x000042d8       0x38 ./SDK/platform/drivers/src/edma/edma_driver.o
                0x000042d8                EDMA_DRV_SetSrcAddr
 .text.EDMA_DRV_SetSrcLastAddrAdjustment
                0x00004310       0x38 ./SDK/platform/drivers/src/edma/edma_driver.o
                0x00004310                EDMA_DRV_SetSrcLastAddrAdjustment
 .text.EDMA_DRV_SetMajorLoopIterationCount
                0x00004348       0x38 ./SDK/platform/drivers/src/edma/edma_driver.o
                0x00004348                EDMA_DRV_SetMajorLoopIterationCount
 .text.EDMA_DRV_GetRemainingMajorIterationsCount
                0x00004380       0x38 ./SDK/platform/drivers/src/edma/edma_driver.o
                0x00004380                EDMA_DRV_GetRemainingMajorIterationsCount
 .text.EDMA_DRV_DisableRequestsOnTransferComplete
                0x000043b8       0x3c ./SDK/platform/drivers/src/edma/edma_driver.o
                0x000043b8                EDMA_DRV_DisableRequestsOnTransferComplete
 .text.EDMA_DRV_GetDmaRegBaseAddr
                0x000043f4       0x1c ./SDK/platform/drivers/src/edma/edma_driver.o
                0x000043f4                EDMA_DRV_GetDmaRegBaseAddr
 .text.EDMA_SetDmaRequestCmd
                0x00004410       0x30 ./SDK/platform/drivers/src/edma/edma_hw_access.o
                0x00004410                EDMA_SetDmaRequestCmd
 .text.EDMA_TCDClearReg
                0x00004440       0xd6 ./SDK/platform/drivers/src/edma/edma_hw_access.o
                0x00004440                EDMA_TCDClearReg
 .text.EDMA_TCDSetAttribute
                0x00004516       0x70 ./SDK/platform/drivers/src/edma/edma_hw_access.o
                0x00004516                EDMA_TCDSetAttribute
 .text.EDMA_TCDSetNbytes
                0x00004586       0xcc ./SDK/platform/drivers/src/edma/edma_hw_access.o
                0x00004586                EDMA_TCDSetNbytes
 .text.EDMA_TCDSetMajorCount
                0x00004652      0x14c ./SDK/platform/drivers/src/edma/edma_hw_access.o
                0x00004652                EDMA_TCDSetMajorCount
 .text.EDMA_TCDGetCurrentMajorCount
                0x0000479e       0x6c ./SDK/platform/drivers/src/edma/edma_hw_access.o
                0x0000479e                EDMA_TCDGetCurrentMajorCount
 .text.EDMA_GetErrorIntStatusFlag
                0x0000480a       0x18 ./SDK/platform/drivers/src/edma/edma_irq.o
 .text.DMA0_IRQHandler
                0x00004822        0xe ./SDK/platform/drivers/src/edma/edma_irq.o
                0x00004822                DMA0_IRQHandler
 .text.DMA1_IRQHandler
                0x00004830        0xe ./SDK/platform/drivers/src/edma/edma_irq.o
                0x00004830                DMA1_IRQHandler
 .text.DMA2_IRQHandler
                0x0000483e        0xe ./SDK/platform/drivers/src/edma/edma_irq.o
                0x0000483e                DMA2_IRQHandler
 .text.DMA3_IRQHandler
                0x0000484c        0xe ./SDK/platform/drivers/src/edma/edma_irq.o
                0x0000484c                DMA3_IRQHandler
 .text.DMA4_IRQHandler
                0x0000485a        0xe ./SDK/platform/drivers/src/edma/edma_irq.o
                0x0000485a                DMA4_IRQHandler
 .text.DMA5_IRQHandler
                0x00004868        0xe ./SDK/platform/drivers/src/edma/edma_irq.o
                0x00004868                DMA5_IRQHandler
 .text.DMA6_IRQHandler
                0x00004876        0xe ./SDK/platform/drivers/src/edma/edma_irq.o
                0x00004876                DMA6_IRQHandler
 .text.DMA7_IRQHandler
                0x00004884        0xe ./SDK/platform/drivers/src/edma/edma_irq.o
                0x00004884                DMA7_IRQHandler
 .text.DMA8_IRQHandler
                0x00004892        0xe ./SDK/platform/drivers/src/edma/edma_irq.o
                0x00004892                DMA8_IRQHandler
 .text.DMA9_IRQHandler
                0x000048a0        0xe ./SDK/platform/drivers/src/edma/edma_irq.o
                0x000048a0                DMA9_IRQHandler
 .text.DMA10_IRQHandler
                0x000048ae        0xe ./SDK/platform/drivers/src/edma/edma_irq.o
                0x000048ae                DMA10_IRQHandler
 .text.DMA11_IRQHandler
                0x000048bc        0xe ./SDK/platform/drivers/src/edma/edma_irq.o
                0x000048bc                DMA11_IRQHandler
 .text.DMA12_IRQHandler
                0x000048ca        0xe ./SDK/platform/drivers/src/edma/edma_irq.o
                0x000048ca                DMA12_IRQHandler
 .text.DMA13_IRQHandler
                0x000048d8        0xe ./SDK/platform/drivers/src/edma/edma_irq.o
                0x000048d8                DMA13_IRQHandler
 .text.DMA14_IRQHandler
                0x000048e6        0xe ./SDK/platform/drivers/src/edma/edma_irq.o
                0x000048e6                DMA14_IRQHandler
 .text.DMA15_IRQHandler
                0x000048f4        0xe ./SDK/platform/drivers/src/edma/edma_irq.o
                0x000048f4                DMA15_IRQHandler
 .text.DMA_Error_IRQHandler
                0x00004902       0x4c ./SDK/platform/drivers/src/edma/edma_irq.o
                0x00004902                DMA_Error_IRQHandler
 .text.RxFifoOcuppiedLastMsgBuff
                0x0000494e       0x1e ./SDK/platform/drivers/src/flexcan/flexcan_driver.o
 .text.FLEXCAN_IsEnabled
                0x0000496c       0x1e ./SDK/platform/drivers/src/flexcan/flexcan_driver.o
 .text.FLEXCAN_SelectClock
                0x0000498a       0x2e ./SDK/platform/drivers/src/flexcan/flexcan_driver.o
 .text.FLEXCAN_SetTimeSegments
                0x000049b8       0x62 ./SDK/platform/drivers/src/flexcan/flexcan_driver.o
 .text.FLEXCAN_SetRxIndividualMask
                0x00004a1a       0x26 ./SDK/platform/drivers/src/flexcan/flexcan_driver.o
 .text.FLEXCAN_SetExtendedTimeSegments
                0x00004a40       0x68 ./SDK/platform/drivers/src/flexcan/flexcan_driver.o
 .text.FLEXCAN_SetFDTimeSegments
                0x00004aa8       0x74 ./SDK/platform/drivers/src/flexcan/flexcan_driver.o
 .text.FLEXCAN_SetFDEnabled
                0x00004b1c       0x50 ./SDK/platform/drivers/src/flexcan/flexcan_driver.o
 .text.FLEXCAN_IsFDEnabled
                0x00004b6c       0x26 ./SDK/platform/drivers/src/flexcan/flexcan_driver.o
 .text.FLEXCAN_UnlockRxMsgBuff
                0x00004b92       0x18 ./SDK/platform/drivers/src/flexcan/flexcan_driver.o
 .text.FLEXCAN_IsRxFifoEnabled
                0x00004baa       0x26 ./SDK/platform/drivers/src/flexcan/flexcan_driver.o
 .text.FLEXCAN_GetRxFifoIdFormat
                0x00004bd0       0x58 ./SDK/platform/drivers/src/flexcan/flexcan_driver.o
 .text.FLEXCAN_GetMaxMsgBuffNum
                0x00004c28       0x1c ./SDK/platform/drivers/src/flexcan/flexcan_driver.o
 .text.FLEXCAN_GetMsgBuffIntStatusFlag
                0x00004c44       0x42 ./SDK/platform/drivers/src/flexcan/flexcan_driver.o
 .text.FLEXCAN_ClearFIFO
                0x00004c86       0x1a ./SDK/platform/drivers/src/flexcan/flexcan_driver.o
 .text.FLEXCAN_ClearMsgBuffIntStatusFlag
                0x00004ca0       0x30 ./SDK/platform/drivers/src/flexcan/flexcan_driver.o
 .text.FLEXCAN_GetBuffStatusFlag
                0x00004cd0       0x42 ./SDK/platform/drivers/src/flexcan/flexcan_driver.o
 .text.FLEXCAN_GetErrorCounters
                0x00004d12       0x18 ./SDK/platform/drivers/src/flexcan/flexcan_driver.o
 .text.FLEXCAN_SetRxMaskType
                0x00004d2a       0x38 ./SDK/platform/drivers/src/flexcan/flexcan_driver.o
 .text.FLEXCAN_GetNoOfIndividualMBsRxFIFO
                0x00004d62       0x38 ./SDK/platform/drivers/src/flexcan/flexcan_driver.o
 *fill*         0x00004d9a        0x2 
 .text.FLEXCAN_SetRxIndividualStdMask
                0x00004d9c       0x30 ./SDK/platform/drivers/src/flexcan/flexcan_driver.o
 .text.FLEXCAN_SetRxIndividualExtMask
                0x00004dcc       0x2a ./SDK/platform/drivers/src/flexcan/flexcan_driver.o
 .text.FLEXCAN_SetStuffBitCount
                0x00004df6       0x34 ./SDK/platform/drivers/src/flexcan/flexcan_driver.o
 .text.FLEXCAN_SetSelfReception
                0x00004e2a       0x34 ./SDK/platform/drivers/src/flexcan/flexcan_driver.o
 .text.FLEXCAN_SetRxFifoDMA
                0x00004e5e       0x34 ./SDK/platform/drivers/src/flexcan/flexcan_driver.o
 .text.FLEXCAN_IsPNEnabled
                0x00004e92       0x26 ./SDK/platform/drivers/src/flexcan/flexcan_driver.o
 .text.FLEXCAN_GetWTOF
                0x00004eb8       0x24 ./SDK/platform/drivers/src/flexcan/flexcan_driver.o
 .text.FLEXCAN_ClearWTOF
                0x00004edc       0x24 ./SDK/platform/drivers/src/flexcan/flexcan_driver.o
 .text.FLEXCAN_GetWUMF
                0x00004f00       0x24 ./SDK/platform/drivers/src/flexcan/flexcan_driver.o
 .text.FLEXCAN_ClearWUMF
                0x00004f24       0x24 ./SDK/platform/drivers/src/flexcan/flexcan_driver.o
 .text.FLEXCAN_DRV_SetRxMaskType
                0x00004f48       0x3c ./SDK/platform/drivers/src/flexcan/flexcan_driver.o
                0x00004f48                FLEXCAN_DRV_SetRxMaskType
 .text.FLEXCAN_DRV_SetRxIndividualMask
                0x00004f84      0x144 ./SDK/platform/drivers/src/flexcan/flexcan_driver.o
                0x00004f84                FLEXCAN_DRV_SetRxIndividualMask
 .text.FLEXCAN_EnableIRQs
                0x000050c8       0x98 ./SDK/platform/drivers/src/flexcan/flexcan_driver.o
 .text.FLEXCAN_DRV_Init
                0x00005160      0x260 ./SDK/platform/drivers/src/flexcan/flexcan_driver.o
                0x00005160                FLEXCAN_DRV_Init
 .text.FLEXCAN_DRV_ConfigTxMb
                0x000053c0       0x64 ./SDK/platform/drivers/src/flexcan/flexcan_driver.o
                0x000053c0                FLEXCAN_DRV_ConfigTxMb
 .text.FLEXCAN_DRV_Send
                0x00005424       0x58 ./SDK/platform/drivers/src/flexcan/flexcan_driver.o
                0x00005424                FLEXCAN_DRV_Send
 .text.FLEXCAN_DRV_ConfigRxMb
                0x0000547c       0x8c ./SDK/platform/drivers/src/flexcan/flexcan_driver.o
                0x0000547c                FLEXCAN_DRV_ConfigRxMb
 .text.FLEXCAN_DRV_ConfigRxFifo
                0x00005508       0x40 ./SDK/platform/drivers/src/flexcan/flexcan_driver.o
                0x00005508                FLEXCAN_DRV_ConfigRxFifo
 .text.FLEXCAN_DRV_Receive
                0x00005548       0x2a ./SDK/platform/drivers/src/flexcan/flexcan_driver.o
                0x00005548                FLEXCAN_DRV_Receive
 .text.FLEXCAN_DRV_RxFifo
                0x00005572       0x26 ./SDK/platform/drivers/src/flexcan/flexcan_driver.o
                0x00005572                FLEXCAN_DRV_RxFifo
 .text.FLEXCAN_IRQHandlerRxFIFO
                0x00005598       0xcc ./SDK/platform/drivers/src/flexcan/flexcan_driver.o
 .text.FLEXCAN_IRQHandlerRxMB
                0x00005664       0x8c ./SDK/platform/drivers/src/flexcan/flexcan_driver.o
 .text.FLEXCAN_IRQHandler
                0x000056f0      0x174 ./SDK/platform/drivers/src/flexcan/flexcan_driver.o
                0x000056f0                FLEXCAN_IRQHandler
 .text.FLEXCAN_Error_IRQHandler
                0x00005864       0x4c ./SDK/platform/drivers/src/flexcan/flexcan_driver.o
                0x00005864                FLEXCAN_Error_IRQHandler
 .text.FLEXCAN_WakeUpHandler
                0x000058b0       0x94 ./SDK/platform/drivers/src/flexcan/flexcan_driver.o
                0x000058b0                FLEXCAN_WakeUpHandler
 .text.FLEXCAN_DRV_GetTransferStatus
                0x00005944       0x5c ./SDK/platform/drivers/src/flexcan/flexcan_driver.o
                0x00005944                FLEXCAN_DRV_GetTransferStatus
 .text.FLEXCAN_StartSendData
                0x000059a0       0xf4 ./SDK/platform/drivers/src/flexcan/flexcan_driver.o
 .text.FLEXCAN_StartRxMessageBufferData
                0x00005a94       0xdc ./SDK/platform/drivers/src/flexcan/flexcan_driver.o
 .text.FLEXCAN_StartRxMessageFifoData
                0x00005b70      0x178 ./SDK/platform/drivers/src/flexcan/flexcan_driver.o
 .text.FLEXCAN_CompleteTransfer
                0x00005ce8       0x64 ./SDK/platform/drivers/src/flexcan/flexcan_driver.o
 .text.FLEXCAN_CompleteRxFifoDataDMA
                0x00005d4c       0x58 ./SDK/platform/drivers/src/flexcan/flexcan_driver.o
 .text.FLEXCAN_CompleteRxMessageFifoData
                0x00005da4      0x118 ./SDK/platform/drivers/src/flexcan/flexcan_driver.o
 .text.FLEXCAN_DRV_InstallEventCallback
                0x00005ebc       0x38 ./SDK/platform/drivers/src/flexcan/flexcan_driver.o
                0x00005ebc                FLEXCAN_DRV_InstallEventCallback
 .text.RxFifoOcuppiedLastMsgBuff
                0x00005ef4       0x1e ./SDK/platform/drivers/src/flexcan/flexcan_hw_access.o
 .text.FLEXCAN_IsFDEnabled
                0x00005f12       0x26 ./SDK/platform/drivers/src/flexcan/flexcan_hw_access.o
 .text.FLEXCAN_IsRxFifoEnabled
                0x00005f38       0x26 ./SDK/platform/drivers/src/flexcan/flexcan_hw_access.o
 .text.FLEXCAN_SetSelfReception
                0x00005f5e       0x34 ./SDK/platform/drivers/src/flexcan/flexcan_hw_access.o
 *fill*         0x00005f92        0x2 
 .text.FLEXCAN_GetRxFifoMask
                0x00005f94       0xd4 ./SDK/platform/drivers/src/flexcan/flexcan_hw_access.o
                0x00005f94                FLEXCAN_GetRxFifoMask
 .text.FLEXCAN_ComputeDLCValue
                0x00006068       0x30 ./SDK/platform/drivers/src/flexcan/flexcan_hw_access.o
 .text.FLEXCAN_ComputePayloadSize
                0x00006098       0x80 ./SDK/platform/drivers/src/flexcan/flexcan_hw_access.o
 .text.FLEXCAN_GetMaxMbNum
                0x00006118       0x4c ./SDK/platform/drivers/src/flexcan/flexcan_hw_access.o
                0x00006118                FLEXCAN_GetMaxMbNum
 .text.FLEXCAN_ClearRAM
                0x00006164       0x72 ./SDK/platform/drivers/src/flexcan/flexcan_hw_access.o
 .text.FLEXCAN_GetMsgBuffRegion
                0x000061d6       0x6c ./SDK/platform/drivers/src/flexcan/flexcan_hw_access.o
                0x000061d6                FLEXCAN_GetMsgBuffRegion
 .text.FLEXCAN_Enable
                0x00006242       0x54 ./SDK/platform/drivers/src/flexcan/flexcan_hw_access.o
                0x00006242                FLEXCAN_Enable
 .text.FLEXCAN_Disable
                0x00006296       0x36 ./SDK/platform/drivers/src/flexcan/flexcan_hw_access.o
                0x00006296                FLEXCAN_Disable
 .text.FLEXCAN_Init
                0x000062cc       0x6c ./SDK/platform/drivers/src/flexcan/flexcan_hw_access.o
                0x000062cc                FLEXCAN_Init
 .text.FLEXCAN_SetTxMsgBuff
                0x00006338      0x24c ./SDK/platform/drivers/src/flexcan/flexcan_hw_access.o
                0x00006338                FLEXCAN_SetTxMsgBuff
 .text.FLEXCAN_SetRxMsgBuff
                0x00006584      0x124 ./SDK/platform/drivers/src/flexcan/flexcan_hw_access.o
                0x00006584                FLEXCAN_SetRxMsgBuff
 .text.FLEXCAN_GetMsgBuff
                0x000066a8      0x13a ./SDK/platform/drivers/src/flexcan/flexcan_hw_access.o
                0x000066a8                FLEXCAN_GetMsgBuff
 .text.FLEXCAN_LockRxMsgBuff
                0x000067e2       0x20 ./SDK/platform/drivers/src/flexcan/flexcan_hw_access.o
                0x000067e2                FLEXCAN_LockRxMsgBuff
 .text.FLEXCAN_EnableRxFifo
                0x00006802       0x86 ./SDK/platform/drivers/src/flexcan/flexcan_hw_access.o
                0x00006802                FLEXCAN_EnableRxFifo
 .text.FLEXCAN_SetMaxMsgBuffNum
                0x00006888       0xf0 ./SDK/platform/drivers/src/flexcan/flexcan_hw_access.o
                0x00006888                FLEXCAN_SetMaxMsgBuffNum
 .text.FLEXCAN_SetRxFifoFilter
                0x00006978      0x40c ./SDK/platform/drivers/src/flexcan/flexcan_hw_access.o
                0x00006978                FLEXCAN_SetRxFifoFilter
 .text.FLEXCAN_SetMsgBuffIntCmd
                0x00006d84       0x70 ./SDK/platform/drivers/src/flexcan/flexcan_hw_access.o
                0x00006d84                FLEXCAN_SetMsgBuffIntCmd
 .text.FLEXCAN_ExitFreezeMode
                0x00006df4       0x3a ./SDK/platform/drivers/src/flexcan/flexcan_hw_access.o
                0x00006df4                FLEXCAN_ExitFreezeMode
 .text.FLEXCAN_EnterFreezeMode
                0x00006e2e       0x7e ./SDK/platform/drivers/src/flexcan/flexcan_hw_access.o
                0x00006e2e                FLEXCAN_EnterFreezeMode
 .text.FLEXCAN_ClearErrIntStatusFlag
                0x00006eac       0x30 ./SDK/platform/drivers/src/flexcan/flexcan_hw_access.o
                0x00006eac                FLEXCAN_ClearErrIntStatusFlag
 .text.FLEXCAN_ReadRxFifo
                0x00006edc       0xa6 ./SDK/platform/drivers/src/flexcan/flexcan_hw_access.o
                0x00006edc                FLEXCAN_ReadRxFifo
 *fill*         0x00006f82        0x2 
 .text.FLEXCAN_SetOperationMode
                0x00006f84       0xa4 ./SDK/platform/drivers/src/flexcan/flexcan_hw_access.o
                0x00006f84                FLEXCAN_SetOperationMode
 .text.FLEXCAN_SetPayloadSize
                0x00007028       0x42 ./SDK/platform/drivers/src/flexcan/flexcan_hw_access.o
                0x00007028                FLEXCAN_SetPayloadSize
 .text.FLEXCAN_GetPayloadSize
                0x0000706a       0x42 ./SDK/platform/drivers/src/flexcan/flexcan_hw_access.o
                0x0000706a                FLEXCAN_GetPayloadSize
 .text.CAN0_ORed_IRQHandler
                0x000070ac        0xe ./SDK/platform/drivers/src/flexcan/flexcan_irq.o
                0x000070ac                CAN0_ORed_IRQHandler
 .text.CAN0_Error_IRQHandler
                0x000070ba        0xe ./SDK/platform/drivers/src/flexcan/flexcan_irq.o
                0x000070ba                CAN0_Error_IRQHandler
 .text.CAN0_Wake_Up_IRQHandler
                0x000070c8        0xe ./SDK/platform/drivers/src/flexcan/flexcan_irq.o
                0x000070c8                CAN0_Wake_Up_IRQHandler
 .text.CAN0_ORed_0_15_MB_IRQHandler
                0x000070d6        0xe ./SDK/platform/drivers/src/flexcan/flexcan_irq.o
                0x000070d6                CAN0_ORed_0_15_MB_IRQHandler
 .text.CAN0_ORed_16_31_MB_IRQHandler
                0x000070e4        0xe ./SDK/platform/drivers/src/flexcan/flexcan_irq.o
                0x000070e4                CAN0_ORed_16_31_MB_IRQHandler
 .text.CAN1_ORed_IRQHandler
                0x000070f2        0xe ./SDK/platform/drivers/src/flexcan/flexcan_irq.o
                0x000070f2                CAN1_ORed_IRQHandler
 .text.CAN1_Error_IRQHandler
                0x00007100        0xe ./SDK/platform/drivers/src/flexcan/flexcan_irq.o
                0x00007100                CAN1_Error_IRQHandler
 .text.CAN1_ORed_0_15_MB_IRQHandler
                0x0000710e        0xe ./SDK/platform/drivers/src/flexcan/flexcan_irq.o
                0x0000710e                CAN1_ORed_0_15_MB_IRQHandler
 .text.CAN2_ORed_IRQHandler
                0x0000711c        0xe ./SDK/platform/drivers/src/flexcan/flexcan_irq.o
                0x0000711c                CAN2_ORed_IRQHandler
 .text.CAN2_Error_IRQHandler
                0x0000712a        0xe ./SDK/platform/drivers/src/flexcan/flexcan_irq.o
                0x0000712a                CAN2_Error_IRQHandler
 .text.CAN2_ORed_0_15_MB_IRQHandler
                0x00007138        0xe ./SDK/platform/drivers/src/flexcan/flexcan_irq.o
                0x00007138                CAN2_ORed_0_15_MB_IRQHandler
 *fill*         0x00007146        0x2 
 .text.INT_SYS_InstallHandler
                0x00007148       0x78 ./SDK/platform/drivers/src/interrupt/interrupt_manager.o
                0x00007148                INT_SYS_InstallHandler
 .text.INT_SYS_EnableIRQ
                0x000071c0       0x34 ./SDK/platform/drivers/src/interrupt/interrupt_manager.o
                0x000071c0                INT_SYS_EnableIRQ
 .text.INT_SYS_EnableIRQGlobal
                0x000071f4       0x30 ./SDK/platform/drivers/src/interrupt/interrupt_manager.o
                0x000071f4                INT_SYS_EnableIRQGlobal
 .text.INT_SYS_DisableIRQGlobal
                0x00007224       0x20 ./SDK/platform/drivers/src/interrupt/interrupt_manager.o
                0x00007224                INT_SYS_DisableIRQGlobal
 .text.LPI2C_Get_MasterTxFIFOSize
                0x00007244       0x30 ./SDK/platform/drivers/src/lpi2c/lpi2c_driver.o
 .text.LPI2C_Reset_MasterRxFIFOCmd
                0x00007274       0x30 ./SDK/platform/drivers/src/lpi2c/lpi2c_driver.o
 .text.LPI2C_Reset_MasterTxFIFOCmd
                0x000072a4       0x30 ./SDK/platform/drivers/src/lpi2c/lpi2c_driver.o
 .text.LPI2C_Set_MasterEnable
                0x000072d4       0x34 ./SDK/platform/drivers/src/lpi2c/lpi2c_driver.o
 .text.LPI2C_Get_MasterReceiveDataReadyEvent
                0x00007308       0x30 ./SDK/platform/drivers/src/lpi2c/lpi2c_driver.o
 .text.LPI2C_Get_MasterTransmitDataRequestEvent
                0x00007338       0x2e ./SDK/platform/drivers/src/lpi2c/lpi2c_driver.o
 .text.LPI2C_Get_MasterFIFOErrorEvent
                0x00007366       0x30 ./SDK/platform/drivers/src/lpi2c/lpi2c_driver.o
 .text.LPI2C_Get_MasterArbitrationLostEvent
                0x00007396       0x30 ./SDK/platform/drivers/src/lpi2c/lpi2c_driver.o
 .text.LPI2C_Get_MasterNACKDetectEvent
                0x000073c6       0x30 ./SDK/platform/drivers/src/lpi2c/lpi2c_driver.o
 .text.LPI2C_Clear_MasterFIFOErrorEvent
                0x000073f6       0x1c ./SDK/platform/drivers/src/lpi2c/lpi2c_driver.o
 .text.LPI2C_Clear_MasterArbitrationLostEvent
                0x00007412       0x1c ./SDK/platform/drivers/src/lpi2c/lpi2c_driver.o
 .text.LPI2C_Clear_MasterNACKDetectEvent
                0x0000742e       0x1c ./SDK/platform/drivers/src/lpi2c/lpi2c_driver.o
 .text.LPI2C_Set_MasterRxDMA
                0x0000744a       0x3a ./SDK/platform/drivers/src/lpi2c/lpi2c_driver.o
 .text.LPI2C_Set_MasterTxDMA
                0x00007484       0x34 ./SDK/platform/drivers/src/lpi2c/lpi2c_driver.o
 .text.LPI2C_Set_MasterInt
                0x000074b8       0x40 ./SDK/platform/drivers/src/lpi2c/lpi2c_driver.o
 .text.LPI2C_Set_MasterPinConfig
                0x000074f8       0x3a ./SDK/platform/drivers/src/lpi2c/lpi2c_driver.o
 .text.LPI2C_Set_MasterNACKConfig
                0x00007532       0x3a ./SDK/platform/drivers/src/lpi2c/lpi2c_driver.o
 .text.LPI2C_Set_MasterPrescaler
                0x0000756c       0x38 ./SDK/platform/drivers/src/lpi2c/lpi2c_driver.o
 .text.LPI2C_Set_MasterClockHighPeriod
                0x000075a4       0x3a ./SDK/platform/drivers/src/lpi2c/lpi2c_driver.o
 .text.LPI2C_Set_MasterDataValidDelay
                0x000075de       0x3a ./SDK/platform/drivers/src/lpi2c/lpi2c_driver.o
 .text.LPI2C_Set_MasterSetupHoldDelay
                0x00007618       0x3a ./SDK/platform/drivers/src/lpi2c/lpi2c_driver.o
 .text.LPI2C_Set_MasterClockLowPeriod
                0x00007652       0x38 ./SDK/platform/drivers/src/lpi2c/lpi2c_driver.o
 .text.LPI2C_Set_MasterRxFIFOWatermark
                0x0000768a       0x3a ./SDK/platform/drivers/src/lpi2c/lpi2c_driver.o
 .text.LPI2C_Get_MasterRxFIFOWatermark
                0x000076c4       0x28 ./SDK/platform/drivers/src/lpi2c/lpi2c_driver.o
 .text.LPI2C_Set_MasterTxFIFOWatermark
                0x000076ec       0x38 ./SDK/platform/drivers/src/lpi2c/lpi2c_driver.o
 .text.LPI2C_Get_MasterRxFIFOCount
                0x00007724       0x28 ./SDK/platform/drivers/src/lpi2c/lpi2c_driver.o
 .text.LPI2C_Get_MasterTxFIFOCount
                0x0000774c       0x26 ./SDK/platform/drivers/src/lpi2c/lpi2c_driver.o
 .text.LPI2C_Cmd_MasterTransmit
                0x00007772       0x28 ./SDK/platform/drivers/src/lpi2c/lpi2c_driver.o
 .text.LPI2C_Get_MasterRxData
                0x0000779a       0x24 ./SDK/platform/drivers/src/lpi2c/lpi2c_driver.o
 .text.LPI2C_Set_SlaveEnable
                0x000077be       0x38 ./SDK/platform/drivers/src/lpi2c/lpi2c_driver.o
 .text.LPI2C_Get_SlaveBitErrorEvent
                0x000077f6       0x32 ./SDK/platform/drivers/src/lpi2c/lpi2c_driver.o
 .text.LPI2C_Get_SlaveSTOPDetectEvent
                0x00007828       0x32 ./SDK/platform/drivers/src/lpi2c/lpi2c_driver.o
 .text.LPI2C_Get_SlaveRepeatedStartEvent
                0x0000785a       0x32 ./SDK/platform/drivers/src/lpi2c/lpi2c_driver.o
 .text.LPI2C_Get_SlaveAddressValidEvent
                0x0000788c       0x32 ./SDK/platform/drivers/src/lpi2c/lpi2c_driver.o
 .text.LPI2C_Get_SlaveReceiveDataEvent
                0x000078be       0x32 ./SDK/platform/drivers/src/lpi2c/lpi2c_driver.o
 .text.LPI2C_Get_SlaveTransmitDataEvent
                0x000078f0       0x30 ./SDK/platform/drivers/src/lpi2c/lpi2c_driver.o
 .text.LPI2C_Clear_SlaveBitErrorEvent
                0x00007920       0x1e ./SDK/platform/drivers/src/lpi2c/lpi2c_driver.o
 .text.LPI2C_Clear_SlaveSTOPDetectEvent
                0x0000793e       0x1e ./SDK/platform/drivers/src/lpi2c/lpi2c_driver.o
 .text.LPI2C_Clear_SlaveRepeatedStartEvent
                0x0000795c       0x1e ./SDK/platform/drivers/src/lpi2c/lpi2c_driver.o
 .text.LPI2C_Set_SlaveInt
                0x0000797a       0x44 ./SDK/platform/drivers/src/lpi2c/lpi2c_driver.o
 .text.LPI2C_Get_SlaveInt
                0x000079be       0x32 ./SDK/platform/drivers/src/lpi2c/lpi2c_driver.o
 .text.LPI2C_Set_SlaveRxDMA
                0x000079f0       0x3e ./SDK/platform/drivers/src/lpi2c/lpi2c_driver.o
 .text.LPI2C_Set_SlaveTxDMA
                0x00007a2e       0x38 ./SDK/platform/drivers/src/lpi2c/lpi2c_driver.o
 .text.LPI2C_Get_SlaveReceivedAddr
                0x00007a66       0x28 ./SDK/platform/drivers/src/lpi2c/lpi2c_driver.o
 .text.LPI2C_Transmit_SlaveData
                0x00007a8e       0x20 ./SDK/platform/drivers/src/lpi2c/lpi2c_driver.o
 .text.LPI2C_Get_SlaveData
                0x00007aae       0x26 ./SDK/platform/drivers/src/lpi2c/lpi2c_driver.o
 .text.LPI2C_DRV_MasterCmdQueueEmpty
                0x00007ad4       0x26 ./SDK/platform/drivers/src/lpi2c/lpi2c_driver.o
 .text.LPI2C_DRV_MasterResetQueue
                0x00007afa       0x20 ./SDK/platform/drivers/src/lpi2c/lpi2c_driver.o
 .text.LPI2C_DRV_MasterQueueCmd
                0x00007b1a       0x6e ./SDK/platform/drivers/src/lpi2c/lpi2c_driver.o
 .text.LPI2C_DRV_MasterSendQueuedCmd
                0x00007b88       0x88 ./SDK/platform/drivers/src/lpi2c/lpi2c_driver.o
 .text.LPI2C_DRV_MasterSendAddress
                0x00007c10       0x9a ./SDK/platform/drivers/src/lpi2c/lpi2c_driver.o
 .text.LPI2C_DRV_MasterQueueData
                0x00007caa       0x72 ./SDK/platform/drivers/src/lpi2c/lpi2c_driver.o
 .text.LPI2C_DRV_MasterEndTransfer
                0x00007d1c       0x9c ./SDK/platform/drivers/src/lpi2c/lpi2c_driver.o
 .text.LPI2C_DRV_SlaveEndTransfer
                0x00007db8       0x6c ./SDK/platform/drivers/src/lpi2c/lpi2c_driver.o
 .text.LPI2C_DRV_MasterSetOperatingMode
                0x00007e24       0x40 ./SDK/platform/drivers/src/lpi2c/lpi2c_driver.o
 .text.LPI2C_DRV_ConfigureDmaTransfer
                0x00007e64       0x9c ./SDK/platform/drivers/src/lpi2c/lpi2c_driver.o
 .text.LPI2C_DRV_MasterStartDmaTransfer
                0x00007f00      0x114 ./SDK/platform/drivers/src/lpi2c/lpi2c_driver.o
 .text.LPI2C_DRV_SlaveStartDmaTransfer
                0x00008014       0xb4 ./SDK/platform/drivers/src/lpi2c/lpi2c_driver.o
 .text.LPI2C_DRV_MasterCompleteDMATransfer
                0x000080c8       0xac ./SDK/platform/drivers/src/lpi2c/lpi2c_driver.o
 .text.LPI2C_DRV_MasterReinit
                0x00008174       0x84 ./SDK/platform/drivers/src/lpi2c/lpi2c_driver.o
 .text.LPI2C_DRV_MasterWaitTransferEnd
                0x000081f8      0x11c ./SDK/platform/drivers/src/lpi2c/lpi2c_driver.o
 .text.LPI2C_DRV_MasterHandleTransmitDataRequest
                0x00008314       0x94 ./SDK/platform/drivers/src/lpi2c/lpi2c_driver.o
 .text.LPI2C_DRV_MasterHandleReceiveDataReadyEvent
                0x000083a8       0xb6 ./SDK/platform/drivers/src/lpi2c/lpi2c_driver.o
 *fill*         0x0000845e        0x2 
 .text.LPI2C_DRV_SlaveHandleAddressValidEvent
                0x00008460       0xb8 ./SDK/platform/drivers/src/lpi2c/lpi2c_driver.o
 .text.LPI2C_DRV_SlaveHandleTransmitDataEvent
                0x00008518       0x7a ./SDK/platform/drivers/src/lpi2c/lpi2c_driver.o
 .text.LPI2C_DRV_SlaveHandleReceiveDataEvent
                0x00008592       0x6a ./SDK/platform/drivers/src/lpi2c/lpi2c_driver.o
 .text.LPI2C_DRV_MasterInit
                0x000085fc      0x104 ./SDK/platform/drivers/src/lpi2c/lpi2c_driver.o
                0x000085fc                LPI2C_DRV_MasterInit
 .text.LPI2C_DRV_MasterSetBaudRate
                0x00008700      0x16c ./SDK/platform/drivers/src/lpi2c/lpi2c_driver.o
                0x00008700                LPI2C_DRV_MasterSetBaudRate
 .text.LPI2C_DRV_MasterSetSlaveAddr
                0x0000886c       0x38 ./SDK/platform/drivers/src/lpi2c/lpi2c_driver.o
                0x0000886c                LPI2C_DRV_MasterSetSlaveAddr
 .text.LPI2C_DRV_MasterSendData
                0x000088a4       0xac ./SDK/platform/drivers/src/lpi2c/lpi2c_driver.o
                0x000088a4                LPI2C_DRV_MasterSendData
 .text.LPI2C_DRV_MasterSendDataBlocking
                0x00008950       0x64 ./SDK/platform/drivers/src/lpi2c/lpi2c_driver.o
                0x00008950                LPI2C_DRV_MasterSendDataBlocking
 .text.LPI2C_DRV_MasterIRQHandler
                0x000089b4      0x16c ./SDK/platform/drivers/src/lpi2c/lpi2c_driver.o
                0x000089b4                LPI2C_DRV_MasterIRQHandler
 .text.LPI2C_DRV_SlaveEndTransferHandler
                0x00008b20       0x62 ./SDK/platform/drivers/src/lpi2c/lpi2c_driver.o
 *fill*         0x00008b82        0x2 
 .text.LPI2C_DRV_SlaveIRQHandler
                0x00008b84      0x12c ./SDK/platform/drivers/src/lpi2c/lpi2c_driver.o
                0x00008b84                LPI2C_DRV_SlaveIRQHandler
 .text.LPI2C_Set_MasterSoftwareReset
                0x00008cb0       0x3a ./SDK/platform/drivers/src/lpi2c/lpi2c_hw_access.o
 .text.LPI2C_Set_SlaveSoftwareReset
                0x00008cea       0x3e ./SDK/platform/drivers/src/lpi2c/lpi2c_hw_access.o
 .text.LPI2C_Init
                0x00008d28       0x2e ./SDK/platform/drivers/src/lpi2c/lpi2c_hw_access.o
                0x00008d28                LPI2C_Init
 .text.LPI2C0_Master_IRQHandler
                0x00008d56        0xe ./SDK/platform/drivers/src/lpi2c/lpi2c_irq.o
                0x00008d56                LPI2C0_Master_IRQHandler
 .text.LPI2C0_Slave_IRQHandler
                0x00008d64        0xe ./SDK/platform/drivers/src/lpi2c/lpi2c_irq.o
                0x00008d64                LPI2C0_Slave_IRQHandler
 .text.LPUART_SetTransmitterCmd
                0x00008d72       0x50 ./SDK/platform/drivers/src/lpuart/lpuart_driver.o
 .text.LPUART_SetReceiverCmd
                0x00008dc2       0x50 ./SDK/platform/drivers/src/lpuart/lpuart_driver.o
 .text.LPUART_SetBaudRateDivisor
                0x00008e12       0x3a ./SDK/platform/drivers/src/lpuart/lpuart_driver.o
 .text.LPUART_SetOversamplingRatio
                0x00008e4c       0x38 ./SDK/platform/drivers/src/lpuart/lpuart_driver.o
 .text.LPUART_EnableBothEdgeSamplingCmd
                0x00008e84       0x20 ./SDK/platform/drivers/src/lpuart/lpuart_driver.o
 .text.LPUART_SetStopBitCount
                0x00008ea4       0x2a ./SDK/platform/drivers/src/lpuart/lpuart_driver.o
 .text.LPUART_SetTxDmaCmd
                0x00008ece       0x34 ./SDK/platform/drivers/src/lpuart/lpuart_driver.o
 .text.LPUART_SetRxDmaCmd
                0x00008f02       0x34 ./SDK/platform/drivers/src/lpuart/lpuart_driver.o
 .text.LPUART_Putchar
                0x00008f36       0x24 ./SDK/platform/drivers/src/lpuart/lpuart_driver.o
 .text.LPUART_Getchar
                0x00008f5a       0x20 ./SDK/platform/drivers/src/lpuart/lpuart_driver.o
 .text.LPUART_DRV_ClearErrorFlags
                0x00008f7a       0x2e ./SDK/platform/drivers/src/lpuart/lpuart_driver.o
 .text.LPUART_DRV_Init
                0x00008fa8      0x154 ./SDK/platform/drivers/src/lpuart/lpuart_driver.o
                0x00008fa8                LPUART_DRV_Init
 .text.LPUART_DRV_SendData
                0x000090fc       0x58 ./SDK/platform/drivers/src/lpuart/lpuart_driver.o
                0x000090fc                LPUART_DRV_SendData
 .text.LPUART_DRV_GetTransmitStatus
                0x00009154       0x64 ./SDK/platform/drivers/src/lpuart/lpuart_driver.o
                0x00009154                LPUART_DRV_GetTransmitStatus
 .text.LPUART_DRV_SetBaudRate
                0x000091b8      0x150 ./SDK/platform/drivers/src/lpuart/lpuart_driver.o
                0x000091b8                LPUART_DRV_SetBaudRate
 .text.LPUART_DRV_IRQHandler
                0x00009308       0xa4 ./SDK/platform/drivers/src/lpuart/lpuart_driver.o
                0x00009308                LPUART_DRV_IRQHandler
 .text.LPUART_DRV_RxIrqHandler
                0x000093ac       0x98 ./SDK/platform/drivers/src/lpuart/lpuart_driver.o
 .text.LPUART_DRV_TxEmptyIrqHandler
                0x00009444       0xb0 ./SDK/platform/drivers/src/lpuart/lpuart_driver.o
 .text.LPUART_DRV_TxCompleteIrqHandler
                0x000094f4       0x54 ./SDK/platform/drivers/src/lpuart/lpuart_driver.o
 .text.LPUART_DRV_ErrIrqHandler
                0x00009548      0x178 ./SDK/platform/drivers/src/lpuart/lpuart_driver.o
 .text.LPUART_DRV_StartSendDataUsingInt
                0x000096c0       0x70 ./SDK/platform/drivers/src/lpuart/lpuart_driver.o
 .text.LPUART_DRV_StartSendDataUsingDma
                0x00009730       0xb0 ./SDK/platform/drivers/src/lpuart/lpuart_driver.o
 .text.LPUART_DRV_CompleteSendDataUsingInt
                0x000097e0       0x7c ./SDK/platform/drivers/src/lpuart/lpuart_driver.o
 .text.LPUART_DRV_TxDmaCallback
                0x0000985c       0xc4 ./SDK/platform/drivers/src/lpuart/lpuart_driver.o
 .text.LPUART_DRV_CompleteReceiveDataUsingInt
                0x00009920       0x88 ./SDK/platform/drivers/src/lpuart/lpuart_driver.o
 .text.LPUART_DRV_PutData
                0x000099a8       0xa0 ./SDK/platform/drivers/src/lpuart/lpuart_driver.o
 .text.LPUART_DRV_GetData
                0x00009a48       0x9c ./SDK/platform/drivers/src/lpuart/lpuart_driver.o
 .text.LPUART_DRV_StopTxDma
                0x00009ae4       0x80 ./SDK/platform/drivers/src/lpuart/lpuart_driver.o
 .text.LPUART_DRV_StopRxDma
                0x00009b64       0x8c ./SDK/platform/drivers/src/lpuart/lpuart_driver.o
 .text.LPUART_Init
                0x00009bf0       0x48 ./SDK/platform/drivers/src/lpuart/lpuart_hw_access.o
                0x00009bf0                LPUART_Init
 .text.LPUART_SetBitCountPerChar
                0x00009c38       0x5e ./SDK/platform/drivers/src/lpuart/lpuart_hw_access.o
                0x00009c38                LPUART_SetBitCountPerChar
 .text.LPUART_SetParityMode
                0x00009c96       0x42 ./SDK/platform/drivers/src/lpuart/lpuart_hw_access.o
                0x00009c96                LPUART_SetParityMode
 .text.LPUART_Putchar9
                0x00009cd8       0x46 ./SDK/platform/drivers/src/lpuart/lpuart_hw_access.o
                0x00009cd8                LPUART_Putchar9
 .text.LPUART_Putchar10
                0x00009d1e       0x6a ./SDK/platform/drivers/src/lpuart/lpuart_hw_access.o
                0x00009d1e                LPUART_Putchar10
 .text.LPUART_Getchar9
                0x00009d88       0x40 ./SDK/platform/drivers/src/lpuart/lpuart_hw_access.o
                0x00009d88                LPUART_Getchar9
 .text.LPUART_Getchar10
                0x00009dc8       0x5e ./SDK/platform/drivers/src/lpuart/lpuart_hw_access.o
                0x00009dc8                LPUART_Getchar10
 *fill*         0x00009e26        0x2 
 .text.LPUART_SetIntMode
                0x00009e28      0x100 ./SDK/platform/drivers/src/lpuart/lpuart_hw_access.o
                0x00009e28                LPUART_SetIntMode
 .text.LPUART_GetIntMode
                0x00009f28       0xb8 ./SDK/platform/drivers/src/lpuart/lpuart_hw_access.o
                0x00009f28                LPUART_GetIntMode
 .text.LPUART_GetStatusFlag
                0x00009fe0       0xb4 ./SDK/platform/drivers/src/lpuart/lpuart_hw_access.o
                0x00009fe0                LPUART_GetStatusFlag
 .text.LPUART_SetErrorInterrupts
                0x0000a094       0x54 ./SDK/platform/drivers/src/lpuart/lpuart_hw_access.o
                0x0000a094                LPUART_SetErrorInterrupts
 .text.LPUART0_IrqHandler
                0x0000a0e8        0xe ./SDK/platform/drivers/src/lpuart/lpuart_irq.o
                0x0000a0e8                LPUART0_IrqHandler
 .text.LPUART1_IrqHandler
                0x0000a0f6        0xe ./SDK/platform/drivers/src/lpuart/lpuart_irq.o
                0x0000a0f6                LPUART1_IrqHandler
 .text.LPUART2_IrqHandler
                0x0000a104        0xe ./SDK/platform/drivers/src/lpuart/lpuart_irq.o
                0x0000a104                LPUART2_IrqHandler
 .text.PINS_DRV_Init
                0x0000a112       0x3e ./SDK/platform/drivers/src/pins/pins_driver.o
                0x0000a112                PINS_DRV_Init
 .text.PINS_GPIO_WritePin
                0x0000a150       0x44 ./SDK/platform/drivers/src/pins/pins_port_hw_access.o
 .text.PINS_GetAdcInterleaveVal
                0x0000a194       0xe4 ./SDK/platform/drivers/src/pins/pins_port_hw_access.o
 .text.PINS_Init
                0x0000a278      0x1ec ./SDK/platform/drivers/src/pins/pins_port_hw_access.o
                0x0000a278                PINS_Init
 .text.CAN_AllocateState
                0x0000a464       0x60 ./SDK/platform/pal/src/can/can_pal.o
 .text.CAN_FindFlexCANState
                0x0000a4c4       0x48 ./SDK/platform/pal/src/can/can_pal.o
 .text.CAN_GetVirtualBuffIdx
                0x0000a50c       0x1e ./SDK/platform/pal/src/can/can_pal.o
 *fill*         0x0000a52a        0x2 
 .text.CAN_InternalCallback
                0x0000a52c       0xa8 ./SDK/platform/pal/src/can/can_pal.o
 .text.CAN_Init
                0x0000a5d4      0x16c ./SDK/platform/pal/src/can/can_pal.o
                0x0000a5d4                CAN_Init
 .text.CAN_ConfigTxBuff
                0x0000a740       0xa4 ./SDK/platform/pal/src/can/can_pal.o
                0x0000a740                CAN_ConfigTxBuff
 .text.CAN_ConfigRxBuff
                0x0000a7e4       0xb4 ./SDK/platform/pal/src/can/can_pal.o
                0x0000a7e4                CAN_ConfigRxBuff
 .text.CAN_Send
                0x0000a898       0xe0 ./SDK/platform/pal/src/can/can_pal.o
                0x0000a898                CAN_Send
 .text.CAN_Receive
                0x0000a978       0x94 ./SDK/platform/pal/src/can/can_pal.o
                0x0000a978                CAN_Receive
 .text.CAN_SetRxFilter
                0x0000aa0c       0x58 ./SDK/platform/pal/src/can/can_pal.o
                0x0000aa0c                CAN_SetRxFilter
 .text.CAN_GetTransferStatus
                0x0000aa64       0x74 ./SDK/platform/pal/src/can/can_pal.o
                0x0000aa64                CAN_GetTransferStatus
 .text.CAN_InstallEventCallback
                0x0000aad8       0x70 ./SDK/platform/pal/src/can/can_pal.o
                0x0000aad8                CAN_InstallEventCallback
 .text.I2CAllocateState
                0x0000ab48       0x5c ./SDK/platform/pal/src/i2c/i2c_pal.o
 .text.I2C_MasterInit
                0x0000aba4       0xb8 ./SDK/platform/pal/src/i2c/i2c_pal.o
                0x0000aba4                I2C_MasterInit
 .text.I2C_MasterSendDataBlocking
                0x0000ac5c       0x3c ./SDK/platform/pal/src/i2c/i2c_pal.o
                0x0000ac5c                I2C_MasterSendDataBlocking
 .text.osif_Tick
                0x0000ac98       0x1c ./SDK/rtos/osif/osif_baremetal.o
 .text.osif_GetCurrentTickCount
                0x0000acb4       0x18 ./SDK/rtos/osif/osif_baremetal.o
 .text.SysTick_Handler
                0x0000accc        0xc ./SDK/rtos/osif/osif_baremetal.o
                0x0000accc                SysTick_Handler
 .text.osif_UpdateTickConfig
                0x0000acd8       0x54 ./SDK/rtos/osif/osif_baremetal.o
 .text.osif_DisableIrqGlobal
                0x0000ad2c        0xc ./SDK/rtos/osif/osif_baremetal.o
 .text.osif_EnableIrqGlobal
                0x0000ad38        0xc ./SDK/rtos/osif/osif_baremetal.o
 .text.OSIF_SemaWait
                0x0000ad44       0xa8 ./SDK/rtos/osif/osif_baremetal.o
                0x0000ad44                OSIF_SemaWait
 .text.OSIF_SemaPost
                0x0000adec       0x3c ./SDK/rtos/osif/osif_baremetal.o
                0x0000adec                OSIF_SemaPost
 .text.OSIF_SemaCreate
                0x0000ae28       0x24 ./SDK/rtos/osif/osif_baremetal.o
                0x0000ae28                OSIF_SemaCreate
 .text.OSIF_SemaDestroy
                0x0000ae4c       0x16 ./SDK/rtos/osif/osif_baremetal.o
                0x0000ae4c                OSIF_SemaDestroy
 .text.case_insensitive_strcmp
                0x0000ae62       0xe0 ./Sources/cJSON.o
 .text.cJSON_New_Item
                0x0000af42       0x2c ./Sources/cJSON.o
 *fill*         0x0000af6e        0x2 
 .text.cJSON_Delete
                0x0000af70       0x90 ./Sources/cJSON.o
                0x0000af70                cJSON_Delete
 .text.get_decimal_point
                0x0000b000       0x10 ./Sources/cJSON.o
 .text.parse_number
                0x0000b010      0x254 ./Sources/cJSON.o
 .text.parse_hex4
                0x0000b264       0xc4 ./Sources/cJSON.o
 .text.utf16_literal_to_utf8
                0x0000b328      0x1c8 ./Sources/cJSON.o
 .text.parse_string
                0x0000b4f0      0x35c ./Sources/cJSON.o
 .text.buffer_skip_whitespace
                0x0000b84c       0x80 ./Sources/cJSON.o
 .text.skip_utf8_bom
                0x0000b8cc       0x68 ./Sources/cJSON.o
 .text.cJSON_ParseWithOpts
                0x0000b934       0x38 ./Sources/cJSON.o
                0x0000b934                cJSON_ParseWithOpts
 .text.cJSON_ParseWithLengthOpts
                0x0000b96c      0x12c ./Sources/cJSON.o
                0x0000b96c                cJSON_ParseWithLengthOpts
 .text.cJSON_Parse
                0x0000ba98       0x1c ./Sources/cJSON.o
                0x0000ba98                cJSON_Parse
 .text.parse_value
                0x0000bab4      0x1d8 ./Sources/cJSON.o
 .text.parse_array
                0x0000bc8c      0x184 ./Sources/cJSON.o
 .text.parse_object
                0x0000be10      0x1f2 ./Sources/cJSON.o
 .text.cJSON_GetArraySize
                0x0000c002       0x42 ./Sources/cJSON.o
                0x0000c002                cJSON_GetArraySize
 .text.get_array_item
                0x0000c044       0x46 ./Sources/cJSON.o
 .text.cJSON_GetArrayItem
                0x0000c08a       0x28 ./Sources/cJSON.o
                0x0000c08a                cJSON_GetArrayItem
 .text.get_object_item
                0x0000c0b2       0x90 ./Sources/cJSON.o
 .text.cJSON_GetObjectItem
                0x0000c142       0x1e ./Sources/cJSON.o
                0x0000c142                cJSON_GetObjectItem
 .text.CAN0_CallBack_Function
                0x0000c160       0x4c ./Sources/can.o
                0x0000c160                CAN0_CallBack_Function
 .text.CAN1_CallBack_Function
                0x0000c1ac       0x4c ./Sources/can.o
                0x0000c1ac                CAN1_CallBack_Function
 .text.CAN2_CallBack_Function
                0x0000c1f8       0x4c ./Sources/can.o
                0x0000c1f8                CAN2_CallBack_Function
 .text.CAN0_Init
                0x0000c244       0x60 ./Sources/can.o
                0x0000c244                CAN0_Init
 .text.CAN1_Init
                0x0000c2a4       0x60 ./Sources/can.o
                0x0000c2a4                CAN1_Init
 .text.CAN2_Init
                0x0000c304       0x60 ./Sources/can.o
                0x0000c304                CAN2_Init
 .text.Send_CANMsg
                0x0000c364      0x124 ./Sources/can.o
                0x0000c364                Send_CANMsg
 .text.SysTick_Init
                0x0000c488       0x28 ./Sources/delay.o
                0x0000c488                SysTick_Init
 .text.SysTick_Enable
                0x0000c4b0       0x18 ./Sources/delay.o
                0x0000c4b0                SysTick_Enable
 .text.delay_us
                0x0000c4c8       0x7c ./Sources/delay.o
                0x0000c4c8                delay_us
 .text.delay_ms
                0x0000c544       0x2c ./Sources/delay.o
                0x0000c544                delay_ms
 .text.delay_init
                0x0000c570       0x3c ./Sources/delay.o
                0x0000c570                delay_init
 .text.main     0x0000c5ac      0x2a4 ./Sources/main.o
                0x0000c5ac                main
 .text.I2c_Send_Byte
                0x0000c850       0x38 ./Sources/oled.o
                0x0000c850                I2c_Send_Byte
 .text.OLED_WrDat
                0x0000c888       0x1c ./Sources/oled.o
                0x0000c888                OLED_WrDat
 .text.OLED_WrCmd
                0x0000c8a4       0x1c ./Sources/oled.o
                0x0000c8a4                OLED_WrCmd
 .text.OLED_Set_Pos
                0x0000c8c0       0x4e ./Sources/oled.o
                0x0000c8c0                OLED_Set_Pos
 .text.OLED_Fill
                0x0000c90e       0x58 ./Sources/oled.o
                0x0000c90e                OLED_Fill
 *fill*         0x0000c966        0x2 
 .text.OLED_ShowCHinese
                0x0000c968       0xfc ./Sources/oled.o
                0x0000c968                OLED_ShowCHinese
 .text.OLED_ShowChar
                0x0000ca64      0x178 ./Sources/oled.o
                0x0000ca64                OLED_ShowChar
 .text.OLED_ShowString
                0x0000cbdc       0x66 ./Sources/oled.o
                0x0000cbdc                OLED_ShowString
 .text.OLED_ShowStringCHN
                0x0000cc42       0x52 ./Sources/oled.o
                0x0000cc42                OLED_ShowStringCHN
 .text.OLED_TITLE
                0x0000cc94       0x4c ./Sources/oled.o
                0x0000cc94                OLED_TITLE
 .text.oled_init
                0x0000cce0       0xca ./Sources/oled.o
                0x0000cce0                oled_init
 *fill*         0x0000cdaa        0x2 
 .text.u1_printf
                0x0000cdac       0x50 ./Sources/uart.o
                0x0000cdac                u1_printf
 .text.__itoa   0x0000cdfc       0x30 C:/NXP/S32DS_ARM_v2.2/S32DS/build_tools/gcc_v6.3/gcc-6.3-arm32-eabi/arm-none-eabi/newlib/lib/thumb/v7e-m/fpv4-sp/hard\libc_nano.a(lib_a-itoa.o)
                0x0000cdfc                __itoa
 .text.itoa     0x0000ce2c        0x4 C:/NXP/S32DS_ARM_v2.2/S32DS/build_tools/gcc_v6.3/gcc-6.3-arm32-eabi/arm-none-eabi/newlib/lib/thumb/v7e-m/fpv4-sp/hard\libc_nano.a(lib_a-itoa.o)
                0x0000ce2c                itoa
 .text.__locale_ctype_ptr
                0x0000ce30       0x1c C:/NXP/S32DS_ARM_v2.2/S32DS/build_tools/gcc_v6.3/gcc-6.3-arm32-eabi/arm-none-eabi/newlib/lib/thumb/v7e-m/fpv4-sp/hard\libc_nano.a(lib_a-locale.o)
                0x0000ce30                __locale_ctype_ptr
 .text.malloc   0x0000ce4c       0x10 C:/NXP/S32DS_ARM_v2.2/S32DS/build_tools/gcc_v6.3/gcc-6.3-arm32-eabi/arm-none-eabi/newlib/lib/thumb/v7e-m/fpv4-sp/hard\libc_nano.a(lib_a-malloc.o)
                0x0000ce4c                malloc
 .text.free     0x0000ce5c       0x10 C:/NXP/S32DS_ARM_v2.2/S32DS/build_tools/gcc_v6.3/gcc-6.3-arm32-eabi/arm-none-eabi/newlib/lib/thumb/v7e-m/fpv4-sp/hard\libc_nano.a(lib_a-malloc.o)
                0x0000ce5c                free
 .text.__ascii_mbtowc
                0x0000ce6c       0x24 C:/NXP/S32DS_ARM_v2.2/S32DS/build_tools/gcc_v6.3/gcc-6.3-arm32-eabi/arm-none-eabi/newlib/lib/thumb/v7e-m/fpv4-sp/hard\libc_nano.a(lib_a-mbtowc_r.o)
                0x0000ce6c                __ascii_mbtowc
 .text.memcpy   0x0000ce90       0x16 C:/NXP/S32DS_ARM_v2.2/S32DS/build_tools/gcc_v6.3/gcc-6.3-arm32-eabi/arm-none-eabi/newlib/lib/thumb/v7e-m/fpv4-sp/hard\libc_nano.a(lib_a-memcpy-stub.o)
                0x0000ce90                memcpy
 .text.memset   0x0000cea6       0x10 C:/NXP/S32DS_ARM_v2.2/S32DS/build_tools/gcc_v6.3/gcc-6.3-arm32-eabi/arm-none-eabi/newlib/lib/thumb/v7e-m/fpv4-sp/hard\libc_nano.a(lib_a-memset.o)
                0x0000cea6                memset
 *fill*         0x0000ceb6        0x2 
 .text._free_r  0x0000ceb8       0x9c C:/NXP/S32DS_ARM_v2.2/S32DS/build_tools/gcc_v6.3/gcc-6.3-arm32-eabi/arm-none-eabi/newlib/lib/thumb/v7e-m/fpv4-sp/hard\libc_nano.a(lib_a-nano-freer.o)
                0x0000ceb8                _free_r
 .text._malloc_r
                0x0000cf54       0xbc C:/NXP/S32DS_ARM_v2.2/S32DS/build_tools/gcc_v6.3/gcc-6.3-arm32-eabi/arm-none-eabi/newlib/lib/thumb/v7e-m/fpv4-sp/hard\libc_nano.a(lib_a-nano-mallocr.o)
                0x0000cf54                _malloc_r
 .text.realloc  0x0000d010       0x10 C:/NXP/S32DS_ARM_v2.2/S32DS/build_tools/gcc_v6.3/gcc-6.3-arm32-eabi/arm-none-eabi/newlib/lib/thumb/v7e-m/fpv4-sp/hard\libc_nano.a(lib_a-realloc.o)
                0x0000d010                realloc
 .text._sbrk_r  0x0000d020       0x20 C:/NXP/S32DS_ARM_v2.2/S32DS/build_tools/gcc_v6.3/gcc-6.3-arm32-eabi/arm-none-eabi/newlib/lib/thumb/v7e-m/fpv4-sp/hard\libc_nano.a(lib_a-sbrkr.o)
                0x0000d020                _sbrk_r
 .text.strncmp  0x0000d040       0x24 C:/NXP/S32DS_ARM_v2.2/S32DS/build_tools/gcc_v6.3/gcc-6.3-arm32-eabi/arm-none-eabi/newlib/lib/thumb/v7e-m/fpv4-sp/hard\libc_nano.a(lib_a-strncmp.o)
                0x0000d040                strncmp
 .text.unlikely.sulp
                0x0000d064       0x38 C:/NXP/S32DS_ARM_v2.2/S32DS/build_tools/gcc_v6.3/gcc-6.3-arm32-eabi/arm-none-eabi/newlib/lib/thumb/v7e-m/fpv4-sp/hard\libc_nano.a(lib_a-strtod.o)
 *fill*         0x0000d09c        0x4 
 .text._strtod_l
                0x0000d0a0      0xbd8 C:/NXP/S32DS_ARM_v2.2/S32DS/build_tools/gcc_v6.3/gcc-6.3-arm32-eabi/arm-none-eabi/newlib/lib/thumb/v7e-m/fpv4-sp/hard\libc_nano.a(lib_a-strtod.o)
                0x0000d0a0                _strtod_l
 .text.strtod   0x0000dc78       0x28 C:/NXP/S32DS_ARM_v2.2/S32DS/build_tools/gcc_v6.3/gcc-6.3-arm32-eabi/arm-none-eabi/newlib/lib/thumb/v7e-m/fpv4-sp/hard\libc_nano.a(lib_a-strtod.o)
                0x0000dc78                strtod
 .text.__utoa   0x0000dca0       0x80 C:/NXP/S32DS_ARM_v2.2/S32DS/build_tools/gcc_v6.3/gcc-6.3-arm32-eabi/arm-none-eabi/newlib/lib/thumb/v7e-m/fpv4-sp/hard\libc_nano.a(lib_a-utoa.o)
                0x0000dca0                __utoa
 .text._vsprintf_r
                0x0000dd20       0x30 C:/NXP/S32DS_ARM_v2.2/S32DS/build_tools/gcc_v6.3/gcc-6.3-arm32-eabi/arm-none-eabi/newlib/lib/thumb/v7e-m/fpv4-sp/hard\libc_nano.a(lib_a-vsprintf.o)
                0x0000dd20                _vsprintf_r
                0x0000dd20                _vsiprintf_r
 .text.vsprintf
                0x0000dd50       0x14 C:/NXP/S32DS_ARM_v2.2/S32DS/build_tools/gcc_v6.3/gcc-6.3-arm32-eabi/arm-none-eabi/newlib/lib/thumb/v7e-m/fpv4-sp/hard\libc_nano.a(lib_a-vsprintf.o)
                0x0000dd50                vsiprintf
                0x0000dd50                vsprintf
 .text.__ascii_wctomb
                0x0000dd64       0x1a C:/NXP/S32DS_ARM_v2.2/S32DS/build_tools/gcc_v6.3/gcc-6.3-arm32-eabi/arm-none-eabi/newlib/lib/thumb/v7e-m/fpv4-sp/hard\libc_nano.a(lib_a-wctomb_r.o)
                0x0000dd64                __ascii_wctomb
 .text.rshift   0x0000dd7e       0x6a C:/NXP/S32DS_ARM_v2.2/S32DS/build_tools/gcc_v6.3/gcc-6.3-arm32-eabi/arm-none-eabi/newlib/lib/thumb/v7e-m/fpv4-sp/hard\libc_nano.a(lib_a-gdtoa-gethex.o)
 .text.__hexdig_fun
                0x0000dde8       0x2a C:/NXP/S32DS_ARM_v2.2/S32DS/build_tools/gcc_v6.3/gcc-6.3-arm32-eabi/arm-none-eabi/newlib/lib/thumb/v7e-m/fpv4-sp/hard\libc_nano.a(lib_a-gdtoa-gethex.o)
                0x0000dde8                __hexdig_fun
 .text.__gethex
                0x0000de12      0x43c C:/NXP/S32DS_ARM_v2.2/S32DS/build_tools/gcc_v6.3/gcc-6.3-arm32-eabi/arm-none-eabi/newlib/lib/thumb/v7e-m/fpv4-sp/hard\libc_nano.a(lib_a-gdtoa-gethex.o)
                0x0000de12                __gethex
 .text.L_shift  0x0000e24e       0x24 C:/NXP/S32DS_ARM_v2.2/S32DS/build_tools/gcc_v6.3/gcc-6.3-arm32-eabi/arm-none-eabi/newlib/lib/thumb/v7e-m/fpv4-sp/hard\libc_nano.a(lib_a-gdtoa-hexnan.o)
 .text.__match  0x0000e272       0x26 C:/NXP/S32DS_ARM_v2.2/S32DS/build_tools/gcc_v6.3/gcc-6.3-arm32-eabi/arm-none-eabi/newlib/lib/thumb/v7e-m/fpv4-sp/hard\libc_nano.a(lib_a-gdtoa-hexnan.o)
                0x0000e272                __match
 .text.__hexnan
                0x0000e298      0x120 C:/NXP/S32DS_ARM_v2.2/S32DS/build_tools/gcc_v6.3/gcc-6.3-arm32-eabi/arm-none-eabi/newlib/lib/thumb/v7e-m/fpv4-sp/hard\libc_nano.a(lib_a-gdtoa-hexnan.o)
                0x0000e298                __hexnan
 .text.__localeconv_l
                0x0000e3b8        0x4 C:/NXP/S32DS_ARM_v2.2/S32DS/build_tools/gcc_v6.3/gcc-6.3-arm32-eabi/arm-none-eabi/newlib/lib/thumb/v7e-m/fpv4-sp/hard\libc_nano.a(lib_a-localeconv.o)
                0x0000e3b8                __localeconv_l
 .text.__malloc_lock
                0x0000e3bc        0x2 C:/NXP/S32DS_ARM_v2.2/S32DS/build_tools/gcc_v6.3/gcc-6.3-arm32-eabi/arm-none-eabi/newlib/lib/thumb/v7e-m/fpv4-sp/hard\libc_nano.a(lib_a-mlock.o)
                0x0000e3bc                __malloc_lock
 .text.__malloc_unlock
                0x0000e3be        0x2 C:/NXP/S32DS_ARM_v2.2/S32DS/build_tools/gcc_v6.3/gcc-6.3-arm32-eabi/arm-none-eabi/newlib/lib/thumb/v7e-m/fpv4-sp/hard\libc_nano.a(lib_a-mlock.o)
                0x0000e3be                __malloc_unlock
 .text._Balloc  0x0000e3c0       0x68 C:/NXP/S32DS_ARM_v2.2/S32DS/build_tools/gcc_v6.3/gcc-6.3-arm32-eabi/arm-none-eabi/newlib/lib/thumb/v7e-m/fpv4-sp/hard\libc_nano.a(lib_a-mprec.o)
                0x0000e3c0                _Balloc
 .text._Bfree   0x0000e428       0x2e C:/NXP/S32DS_ARM_v2.2/S32DS/build_tools/gcc_v6.3/gcc-6.3-arm32-eabi/arm-none-eabi/newlib/lib/thumb/v7e-m/fpv4-sp/hard\libc_nano.a(lib_a-mprec.o)
                0x0000e428                _Bfree
 .text.__multadd
                0x0000e456       0x76 C:/NXP/S32DS_ARM_v2.2/S32DS/build_tools/gcc_v6.3/gcc-6.3-arm32-eabi/arm-none-eabi/newlib/lib/thumb/v7e-m/fpv4-sp/hard\libc_nano.a(lib_a-mprec.o)
                0x0000e456                __multadd
 .text.__s2b    0x0000e4cc       0x7c C:/NXP/S32DS_ARM_v2.2/S32DS/build_tools/gcc_v6.3/gcc-6.3-arm32-eabi/arm-none-eabi/newlib/lib/thumb/v7e-m/fpv4-sp/hard\libc_nano.a(lib_a-mprec.o)
                0x0000e4cc                __s2b
 .text.__hi0bits
                0x0000e548       0x3e C:/NXP/S32DS_ARM_v2.2/S32DS/build_tools/gcc_v6.3/gcc-6.3-arm32-eabi/arm-none-eabi/newlib/lib/thumb/v7e-m/fpv4-sp/hard\libc_nano.a(lib_a-mprec.o)
                0x0000e548                __hi0bits
 .text.__lo0bits
                0x0000e586       0x5e C:/NXP/S32DS_ARM_v2.2/S32DS/build_tools/gcc_v6.3/gcc-6.3-arm32-eabi/arm-none-eabi/newlib/lib/thumb/v7e-m/fpv4-sp/hard\libc_nano.a(lib_a-mprec.o)
                0x0000e586                __lo0bits
 .text.__i2b    0x0000e5e4       0x12 C:/NXP/S32DS_ARM_v2.2/S32DS/build_tools/gcc_v6.3/gcc-6.3-arm32-eabi/arm-none-eabi/newlib/lib/thumb/v7e-m/fpv4-sp/hard\libc_nano.a(lib_a-mprec.o)
                0x0000e5e4                __i2b
 .text.__multiply
                0x0000e5f6      0x11a C:/NXP/S32DS_ARM_v2.2/S32DS/build_tools/gcc_v6.3/gcc-6.3-arm32-eabi/arm-none-eabi/newlib/lib/thumb/v7e-m/fpv4-sp/hard\libc_nano.a(lib_a-mprec.o)
                0x0000e5f6                __multiply
 .text.__pow5mult
                0x0000e710       0x9c C:/NXP/S32DS_ARM_v2.2/S32DS/build_tools/gcc_v6.3/gcc-6.3-arm32-eabi/arm-none-eabi/newlib/lib/thumb/v7e-m/fpv4-sp/hard\libc_nano.a(lib_a-mprec.o)
                0x0000e710                __pow5mult
 .text.__lshift
                0x0000e7ac       0xa2 C:/NXP/S32DS_ARM_v2.2/S32DS/build_tools/gcc_v6.3/gcc-6.3-arm32-eabi/arm-none-eabi/newlib/lib/thumb/v7e-m/fpv4-sp/hard\libc_nano.a(lib_a-mprec.o)
                0x0000e7ac                __lshift
 .text.__mcmp   0x0000e84e       0x34 C:/NXP/S32DS_ARM_v2.2/S32DS/build_tools/gcc_v6.3/gcc-6.3-arm32-eabi/arm-none-eabi/newlib/lib/thumb/v7e-m/fpv4-sp/hard\libc_nano.a(lib_a-mprec.o)
                0x0000e84e                __mcmp
 .text.__mdiff  0x0000e882       0xbc C:/NXP/S32DS_ARM_v2.2/S32DS/build_tools/gcc_v6.3/gcc-6.3-arm32-eabi/arm-none-eabi/newlib/lib/thumb/v7e-m/fpv4-sp/hard\libc_nano.a(lib_a-mprec.o)
                0x0000e882                __mdiff
 *fill*         0x0000e93e        0x2 
 .text.__ulp    0x0000e940       0x50 C:/NXP/S32DS_ARM_v2.2/S32DS/build_tools/gcc_v6.3/gcc-6.3-arm32-eabi/arm-none-eabi/newlib/lib/thumb/v7e-m/fpv4-sp/hard\libc_nano.a(lib_a-mprec.o)
                0x0000e940                __ulp
 .text.__b2d    0x0000e990       0x9c C:/NXP/S32DS_ARM_v2.2/S32DS/build_tools/gcc_v6.3/gcc-6.3-arm32-eabi/arm-none-eabi/newlib/lib/thumb/v7e-m/fpv4-sp/hard\libc_nano.a(lib_a-mprec.o)
                0x0000e990                __b2d
 .text.__d2b    0x0000ea2c       0x9e C:/NXP/S32DS_ARM_v2.2/S32DS/build_tools/gcc_v6.3/gcc-6.3-arm32-eabi/arm-none-eabi/newlib/lib/thumb/v7e-m/fpv4-sp/hard\libc_nano.a(lib_a-mprec.o)
                0x0000ea2c                __d2b
 .text.__ratio  0x0000eaca       0x58 C:/NXP/S32DS_ARM_v2.2/S32DS/build_tools/gcc_v6.3/gcc-6.3-arm32-eabi/arm-none-eabi/newlib/lib/thumb/v7e-m/fpv4-sp/hard\libc_nano.a(lib_a-mprec.o)
                0x0000eaca                __ratio
 .text.__copybits
                0x0000eb22       0x34 C:/NXP/S32DS_ARM_v2.2/S32DS/build_tools/gcc_v6.3/gcc-6.3-arm32-eabi/arm-none-eabi/newlib/lib/thumb/v7e-m/fpv4-sp/hard\libc_nano.a(lib_a-mprec.o)
                0x0000eb22                __copybits
 .text.__any_on
                0x0000eb56       0x42 C:/NXP/S32DS_ARM_v2.2/S32DS/build_tools/gcc_v6.3/gcc-6.3-arm32-eabi/arm-none-eabi/newlib/lib/thumb/v7e-m/fpv4-sp/hard\libc_nano.a(lib_a-mprec.o)
                0x0000eb56                __any_on
 .text._calloc_r
                0x0000eb98       0x1c C:/NXP/S32DS_ARM_v2.2/S32DS/build_tools/gcc_v6.3/gcc-6.3-arm32-eabi/arm-none-eabi/newlib/lib/thumb/v7e-m/fpv4-sp/hard\libc_nano.a(lib_a-nano-callocr.o)
                0x0000eb98                _calloc_r
 .text._realloc_r
                0x0000ebb4       0x4c C:/NXP/S32DS_ARM_v2.2/S32DS/build_tools/gcc_v6.3/gcc-6.3-arm32-eabi/arm-none-eabi/newlib/lib/thumb/v7e-m/fpv4-sp/hard\libc_nano.a(lib_a-nano-reallocr.o)
                0x0000ebb4                _realloc_r
 .text.__ssputs_r
                0x0000ec00       0xb6 C:/NXP/S32DS_ARM_v2.2/S32DS/build_tools/gcc_v6.3/gcc-6.3-arm32-eabi/arm-none-eabi/newlib/lib/thumb/v7e-m/fpv4-sp/hard\libc_nano.a(lib_a-nano-svfprintf.o)
                0x0000ec00                __ssputs_r
 *fill*         0x0000ecb6        0x2 
 .text._svfprintf_r
                0x0000ecb8      0x1e8 C:/NXP/S32DS_ARM_v2.2/S32DS/build_tools/gcc_v6.3/gcc-6.3-arm32-eabi/arm-none-eabi/newlib/lib/thumb/v7e-m/fpv4-sp/hard\libc_nano.a(lib_a-nano-svfprintf.o)
                0x0000ecb8                _svfiprintf_r
                0x0000ecb8                _svfprintf_r
 .text._printf_common
                0x0000eea0       0xec C:/NXP/S32DS_ARM_v2.2/S32DS/build_tools/gcc_v6.3/gcc-6.3-arm32-eabi/arm-none-eabi/newlib/lib/thumb/v7e-m/fpv4-sp/hard\libc_nano.a(lib_a-nano-vfprintf_i.o)
                0x0000eea0                _printf_common
 .text._printf_i
                0x0000ef8c      0x240 C:/NXP/S32DS_ARM_v2.2/S32DS/build_tools/gcc_v6.3/gcc-6.3-arm32-eabi/arm-none-eabi/newlib/lib/thumb/v7e-m/fpv4-sp/hard\libc_nano.a(lib_a-nano-vfprintf_i.o)
                0x0000ef8c                _printf_i
 .text.memmove  0x0000f1cc       0x34 C:/NXP/S32DS_ARM_v2.2/S32DS/build_tools/gcc_v6.3/gcc-6.3-arm32-eabi/arm-none-eabi/newlib/lib/thumb/v7e-m/fpv4-sp/hard\libc_nano.a(lib_a-memmove.o)
                0x0000f1cc                memmove
 .text._malloc_usable_size_r
                0x0000f200       0x12 C:/NXP/S32DS_ARM_v2.2/S32DS/build_tools/gcc_v6.3/gcc-6.3-arm32-eabi/arm-none-eabi/newlib/lib/thumb/v7e-m/fpv4-sp/hard\libc_nano.a(lib_a-nano-msizer.o)
                0x0000f200                _malloc_usable_size_r
 *fill*         0x0000f212        0x2 